<html>
<body>
<pre>
<h1>礦ision Build Log</h1>
<h2>Tool Versions:</h2>
IDE-Version: μVision V5.26.2.0
Copyright (C) 2018 ARM Ltd and ARM Germany GmbH. All rights reserved.
License Information: 1 Microsoft, Microsoft, LIC=FYKKP-MJK5S-W23LL-0MU5J-ENB0I-B8A5B
 
Tool Versions:
Toolchain:       MDK-ARM Plus  Version: 5.26.2.0
Toolchain Path:  D:\Keil_v5\ARM\ARMCC\Bin
C Compiler:      Armcc.exe V5.06 update 6 (build 750)
Assembler:       Armasm.exe V5.06 update 6 (build 750)
Linker/Locator:  ArmLink.exe V5.06 update 6 (build 750)
Library Manager: ArmAr.exe V5.06 update 6 (build 750)
Hex Converter:   FromElf.exe V5.06 update 6 (build 750)
CPU DLL:         SARMCM3.DLL V5.26.2.0
Dialog DLL:      DARMCM1.DLL V1.19.1.0
Target DLL:      Segger\JL2CM3.dll V2.99.31.0
Dialog DLL:      TARMCM1.DLL V1.14.0.0
 
<h2>Project:</h2>
C:\Users\Administrator\Desktop\四合一模组\healthy_watch\projects\target_apps\ble_examples\ble_app_profile\Keil_5\ble_app_profile.uvprojx
Project File Date:  12/14/2018

<h2>Output:</h2>
*** Using Compiler 'V5.06 update 6 (build 750)', folder: 'D:\Keil_v5\ARM\ARMCC\Bin'
Build target 'ble_app_profile_580'
compiling system_ARMCM0.c...
compiling nmi_handler.c...
compiling hardfault_handler.c...
compiling nvds.c...
compiling arch_console.c...
compiling arch_main.c...
.\user_add\my_timer.h(7): warning:  #1295-D: Deprecated declaration timer_process - give arg types
  void timer_process();
..\..\..\..\..\sdk\platform\arch\main\arch_main.c: 1 warning, 0 errors
compiling arch_sleep.c...
compiling jump_table.c...
compiling arch_patch.c...
compiling syscntl.c...
compiling arch_system.c...
compiling gpio.c...
compiling wkupct_quadec.c...
compiling battery.c...
compiling adc.c...
compiling trng.c...
compiling spi_flash.c...
compiling spi.c...
compiling i2c_eeprom.c...
compiling uart2.c...
..\..\..\..\..\sdk\platform\driver\uart\uart2.c(134): warning:  #177-D: function "uart2_rec_data_avail_isr"  was declared but never referenced
  static void uart2_rec_data_avail_isr(void)
..\..\..\..\..\sdk\platform\driver\uart\uart2.c: 1 warning, 0 errors
compiling pwm.c...
compiling rf_580.c...
compiling rwble.c...
compiling gapm.c...
compiling rwip.c...
compiling attm_db_128.c...
compiling diss.c...
compiling diss_task.c...
compiling prf_utils.c...
compiling custs1.c...
compiling custs1_task.c...
..\..\..\..\..\sdk\ble_stack\profiles\custom\custs\custs1_task.c(297): warning:  #167-D: argument of type "unsigned char *" is incompatible with parameter of type "const char *"
  							attmdb_att_set_value((custs1_env.shdl+CUST1_IDX_LONG_VALUE_VAL),strlen(led1_value), (uint8_t*)&(led1_value[0]));
..\..\..\..\..\sdk\ble_stack\profiles\custom\custs\custs1_task.c(311): warning:  #167-D: argument of type "unsigned char *" is incompatible with parameter of type "const char *"
  							attmdb_att_set_value((custs1_env.shdl+CUST1_IDX_LONG_VALUE_VAL), strlen(led2_value), (uint8_t*)&(led2_value[0]));
..\..\..\..\..\sdk\ble_stack\profiles\custom\custs\custs1_task.c(325): warning:  #167-D: argument of type "unsigned char *" is incompatible with parameter of type "const char *"
  							attmdb_att_set_value((custs1_env.shdl+CUST1_IDX_LONG_VALUE_VAL), strlen(led3_value), (uint8_t*)&(led3_value[0]));
..\..\..\..\..\sdk\ble_stack\profiles\custom\custs\custs1_task.c(178): warning:  #177-D: variable "value_hdl"  was declared but never referenced
     uint16_t att_idx, value_hdl;
..\..\..\..\..\sdk\ble_stack\profiles\custom\custs\custs1_task.c: 4 warnings, 0 errors
compiling custom_common.c...
compiling spotar.c...
compiling spotar_task.c...
compiling app_default_handlers.c...
compiling app.c...
compiling app_task.c...
compiling app_security_task.c...
compiling app_security.c...
compiling app_bass.c...
compiling app_bass_task.c...
compiling app_diss.c...
compiling app_spotar.c...
compiling app_diss_task.c...
compiling app_spotar_task.c...
compiling app_entry_point.c...
compiling app_msg_utils.c...
compiling app_easy_msg_utils.c...
compiling app_easy_security.c...
compiling app_easy_timer.c...
compiling app_customs.c...
compiling app_customs_task.c...
compiling app_customs_common.c...
compiling app_proxr_task.c...
compiling app_proxr.c...
compiling user_custs_config.c...
compiling user_custs1_def.c...
..\src\custom_profile\user_custs1_def.c(64): warning:  #177-D: variable "att_decl_svc"  was declared but never referenced
  static const uint16_t att_decl_svc       = ATT_DECL_PRIMARY_SERVICE;
..\src\custom_profile\user_custs1_def.c(65): warning:  #177-D: variable "att_decl_char"  was declared but never referenced
  static const uint16_t att_decl_char      = ATT_DECL_CHARACTERISTIC;
..\src\custom_profile\user_custs1_def.c(66): warning:  #177-D: variable "att_decl_cfg"  was declared but never referenced
  static const uint16_t att_decl_cfg       = ATT_DESC_CLIENT_CHAR_CFG;
..\src\custom_profile\user_custs1_def.c(67): warning:  #177-D: variable "att_decl_user_desc"  was declared but never referenced
  static const uint16_t att_decl_user_desc = ATT_DESC_CHAR_USER_DESCRIPTION;
..\src\custom_profile\user_custs1_def.c: 4 warnings, 0 errors
compiling user_periph_setup.c...
.\user_add\my_timer.h(7): warning:  #1295-D: Deprecated declaration timer_process - give arg types
  void timer_process();
..\src\platform\user_periph_setup.c: 1 warning, 0 errors
compiling user_profile.c...
compiling fk_oled.c...
user_add\fk_oled.c(19): warning:  #1295-D: Deprecated declaration DataConversion - give arg types
  extern void DataConversion();
user_add\fk_oled.c(192): warning:  #177-D: variable "j"  was declared but never referenced
  	unsigned char j;
user_add\fk_oled.c(563): warning:  #111-D: statement is unreachable
  			break;
user_add\fk_oled.c: 3 warnings, 0 errors
compiling my_int.c...
compiling my_timer.c...
user_add\my_timer.h(7): warning:  #1295-D: Deprecated declaration timer_process - give arg types
  void timer_process();
user_add\my_timer.c: 1 warning, 0 errors
compiling LIS2DS12_ACC_driver.c...
user_add\LIS2DS12_ACC_driver.c(3634): warning:  #177-D: variable "i"  was declared but never referenced
    u8_t i, j, k;
user_add\LIS2DS12_ACC_driver.c: 1 warning, 0 errors
compiling my_adc.c...
linking...
Program Size: Code=29392 RO-data=2588 RW-data=176 ZI-data=10088  
FromELF: creating hex file...
".\out_580\ble_app_profile_580.axf" - 0 Error(s), 16 Warning(s).

<h2>Software Packages used:</h2>

Package Vendor: ARM
                http://www.keil.com/pack/ARM.CMSIS.5.4.0.pack
                ARM.CMSIS.5.4.0
                CMSIS (Cortex Microcontroller Software Interface Standard)

<h2>Collection of Component include folders:</h2>
  .\RTE\_ble_app_profile_580
  D:\Keil_v5\ARM\PACK\ARM\CMSIS\5.4.0\Device\ARM\ARMCM0\Include

<h2>Collection of Component Files used:</h2>
Build Time Elapsed:  00:00:36
</pre>
</body>
</html>
