Component: ARM Compiler 5.06 update 7 (build 960) Tool: armlink [4d3601]

==============================================================================

Section Cross References

    system_stm32f10x.o(.text) refers to system_stm32f10x.o(.data) for .data
    stm32f10x_adc.o(.text) refers to stm32f10x_rcc.o(.text) for RCC_APB2PeriphResetCmd
    stm32f10x_bkp.o(.text) refers to stm32f10x_rcc.o(.text) for RCC_BackupResetCmd
    stm32f10x_can.o(.text) refers to stm32f10x_rcc.o(.text) for RCC_APB1PeriphResetCmd
    stm32f10x_cec.o(.text) refers to stm32f10x_rcc.o(.text) for RCC_APB1PeriphResetCmd
    stm32f10x_dac.o(.text) refers to stm32f10x_rcc.o(.text) for RCC_APB1PeriphResetCmd
    stm32f10x_gpio.o(.text) refers to stm32f10x_rcc.o(.text) for RCC_APB2PeriphResetCmd
    stm32f10x_i2c.o(.text) refers to stm32f10x_rcc.o(.text) for RCC_APB1PeriphResetCmd
    stm32f10x_pwr.o(.text) refers to stm32f10x_rcc.o(.text) for RCC_APB1PeriphResetCmd
    stm32f10x_rcc.o(.text) refers to stm32f10x_rcc.o(.data) for .data
    stm32f10x_spi.o(.text) refers to stm32f10x_rcc.o(.text) for RCC_APB2PeriphResetCmd
    stm32f10x_tim.o(.text) refers to stm32f10x_rcc.o(.text) for RCC_APB1PeriphResetCmd
    stm32f10x_usart.o(.text) refers to stm32f10x_rcc.o(.text) for RCC_APB2PeriphResetCmd
    stm32f10x_wwdg.o(.text) refers to stm32f10x_rcc.o(.text) for RCC_APB1PeriphResetCmd
    startup_stm32f10x_hd.o(STACK) refers (Special) to heapauxi.o(.text) for __use_two_region_memory
    startup_stm32f10x_hd.o(HEAP) refers (Special) to heapauxi.o(.text) for __use_two_region_memory
    startup_stm32f10x_hd.o(RESET) refers (Special) to heapauxi.o(.text) for __use_two_region_memory
    startup_stm32f10x_hd.o(RESET) refers to startup_stm32f10x_hd.o(STACK) for __initial_sp
    startup_stm32f10x_hd.o(RESET) refers to startup_stm32f10x_hd.o(.text) for Reset_Handler
    startup_stm32f10x_hd.o(RESET) refers to stm32f10x_it.o(.text) for NMI_Handler
    startup_stm32f10x_hd.o(RESET) refers to timinganddelay.o(.text) for RTC_IRQHandler
    startup_stm32f10x_hd.o(RESET) refers to usart.o(.text) for USART1_IRQHandler
    startup_stm32f10x_hd.o(.text) refers (Special) to heapauxi.o(.text) for __use_two_region_memory
    startup_stm32f10x_hd.o(.text) refers to system_stm32f10x.o(.text) for SystemInit
    startup_stm32f10x_hd.o(.text) refers to __main.o(!!!main) for __main
    startup_stm32f10x_hd.o(.text) refers to startup_stm32f10x_hd.o(HEAP) for Heap_Mem
    startup_stm32f10x_hd.o(.text) refers to startup_stm32f10x_hd.o(STACK) for Stack_Mem
    main.o(.text) refers to sysinit.o(.text) for sys_Init
    main.o(.text) refers to timinganddelay.o(.text) for TimingAndDelay_Init
    main.o(.text) refers to mq-3.o(.text) for MQ3_Init
    main.o(.text) refers to dht11.o(.text) for DHT11_Init
    main.o(.text) refers to userconf.o(.text) for UserConf_Recover
    main.o(.text) refers to hc-06.o(.text) for HC06_Init
    stm32f10x_it.o(.text) refers to timinganddelay.o(.text) for TimingAndDelay_InterruptHandler
    adc_dma.o(.text) refers to stm32f10x_rcc.o(.text) for RCC_APB2PeriphClockCmd
    adc_dma.o(.text) refers to stm32f10x_gpio.o(.text) for GPIO_Init
    adc_dma.o(.text) refers to stm32f10x_dma.o(.text) for DMA_DeInit
    adc_dma.o(.text) refers to stm32f10x_adc.o(.text) for ADC_Init
    usart.o(.text) refers to memorymanage.o(.text) for MeM_Release
    usart.o(.text) refers to stm32f10x_usart.o(.text) for USART_SendData
    usart.o(.text) refers to strlen.o(.text) for strlen
    usart.o(.text) refers to stm32f10x_rcc.o(.text) for RCC_APB2PeriphClockCmd
    usart.o(.text) refers to stm32f10x_gpio.o(.text) for GPIO_Init
    usart.o(.text) refers to misc.o(.text) for NVIC_Init
    usart.o(.text) refers to usart.o(.data) for .data
    timinganddelay.o(.text) refers to system_stm32f10x.o(.text) for SystemCoreClockUpdate
    timinganddelay.o(.text) refers to misc.o(.text) for SysTick_CLKSourceConfig
    timinganddelay.o(.text) refers to stm32f10x_rtc.o(.text) for RTC_SetCounter
    timinganddelay.o(.text) refers to stm32f10x_rcc.o(.text) for RCC_APB1PeriphClockCmd
    timinganddelay.o(.text) refers to stm32f10x_pwr.o(.text) for PWR_BackupAccessCmd
    timinganddelay.o(.text) refers to stm32f10x_bkp.o(.text) for BKP_ReadBackupRegister
    timinganddelay.o(.text) refers to timinganddelay.o(.bss) for .bss
    timinganddelay.o(.text) refers to timinganddelay.o(.constdata) for .constdata
    timinganddelay.o(.text) refers to timinganddelay.o(.data) for .data
    timinganddelay.o(.text) refers to system_stm32f10x.o(.data) for SystemCoreClock
    userconf.o(.text) refers to stm32f10x_flash.o(.text) for FLASH_Unlock
    userconf.o(.text) refers to userconf.o(.data) for .data
    userconf.o(.text) refers to userconf.o(.bss) for .bss
    userconf.o(.text) refers to timinganddelay.o(.data) for TimingAndDelay_Millisecond
    userconf.o(.text) refers to userconf.o(.constdata) for .constdata
[...]
    ADC_GetFlagStatus                        0x080006ed   Thumb Code    14  stm32f10x_adc.o(.text)
    ADC_ClearFlag                            0x080006fb   Thumb Code     6  stm32f10x_adc.o(.text)
    ADC_GetITStatus                          0x08000701   Thumb Code    28  stm32f10x_adc.o(.text)
    ADC_ClearITPendingBit                    0x0800071d   Thumb Code     8  stm32f10x_adc.o(.text)
    BKP_DeInit                               0x0800073d   Thumb Code    18  stm32f10x_bkp.o(.text)
    BKP_TamperPinLevelConfig                 0x0800074f   Thumb Code     6  stm32f10x_bkp.o(.text)
    BKP_TamperPinCmd                         0x08000755   Thumb Code     8  stm32f10x_bkp.o(.text)
    BKP_ITConfig                             0x0800075d   Thumb Code     8  stm32f10x_bkp.o(.text)
    BKP_RTCOutputConfig                      0x08000765   Thumb Code    14  stm32f10x_bkp.o(.text)
    BKP_SetRTCCalibrationValue               0x08000773   Thumb Code    14  stm32f10x_bkp.o(.text)
    BKP_WriteBackupRegister                  0x08000781   Thumb Code    14  stm32f10x_bkp.o(.text)
    BKP_ReadBackupRegister                   0x0800078f   Thumb Code    14  stm32f10x_bkp.o(.text)
    BKP_GetFlagStatus                        0x0800079d   Thumb Code    10  stm32f10x_bkp.o(.text)
    BKP_ClearFlag                            0x080007a7   Thumb Code    14  stm32f10x_bkp.o(.text)
    BKP_GetITStatus                          0x080007b5   Thumb Code    10  stm32f10x_bkp.o(.text)
    BKP_ClearITPendingBit                    0x080007bf   Thumb Code    14  stm32f10x_bkp.o(.text)
    DMA_DeInit                               0x080007d5   Thumb Code   218  stm32f10x_dma.o(.text)
    DMA_Init                                 0x080008af   Thumb Code    58  stm32f10x_dma.o(.text)
    DMA_StructInit                           0x080008e9   Thumb Code    26  stm32f10x_dma.o(.text)
    DMA_Cmd                                  0x08000903   Thumb Code    22  stm32f10x_dma.o(.text)
    DMA_ITConfig                             0x08000919   Thumb Code    16  stm32f10x_dma.o(.text)
    DMA_SetCurrDataCounter                   0x08000929   Thumb Code     4  stm32f10x_dma.o(.text)
    DMA_GetCurrDataCounter                   0x0800092d   Thumb Code     6  stm32f10x_dma.o(.text)
    DMA_GetFlagStatus                        0x08000933   Thumb Code    28  stm32f10x_dma.o(.text)
    DMA_ClearFlag                            0x0800094f   Thumb Code    20  stm32f10x_dma.o(.text)
    DMA_GetITStatus                          0x08000963   Thumb Code    28  stm32f10x_dma.o(.text)
    DMA_ClearITPendingBit                    0x0800097f   Thumb Code    20  stm32f10x_dma.o(.text)
    FLASH_SetLatency                         0x0800099d   Thumb Code    14  stm32f10x_flash.o(.text)
    FLASH_HalfCycleAccessCmd                 0x080009ab   Thumb Code    18  stm32f10x_flash.o(.text)
    FLASH_PrefetchBufferCmd                  0x080009bd   Thumb Code    18  stm32f10x_flash.o(.text)
    FLASH_Unlock                             0x080009cf   Thumb Code    12  stm32f10x_flash.o(.text)
    FLASH_UnlockBank1                        0x080009db   Thumb Code    12  stm32f10x_flash.o(.text)
    FLASH_Lock                               0x080009e7   Thumb Code    12  stm32f10x_flash.o(.text)
    FLASH_LockBank1                          0x080009f3   Thumb Code    12  stm32f10x_flash.o(.text)
    FLASH_GetBank1Status                     0x080009ff   Thumb Code    34  stm32f10x_flash.o(.text)
    FLASH_WaitForLastOperation               0x08000a21   Thumb Code    34  stm32f10x_flash.o(.text)
    FLASH_ErasePage                          0x08000a43   Thumb Code    56  stm32f10x_flash.o(.text)
    FLASH_EraseAllPages                      0x08000a7b   Thumb Code    52  stm32f10x_flash.o(.text)
    FLASH_WaitForLastBank1Operation          0x08000aaf   Thumb Code    34  stm32f10x_flash.o(.text)
    FLASH_EraseAllBank1Pages                 0x08000ad1   Thumb Code    52  stm32f10x_flash.o(.text)
    FLASH_GetReadOutProtectionStatus         0x08000b05   Thumb Code    14  stm32f10x_flash.o(.text)
    FLASH_EraseOptionBytes                   0x08000b13   Thumb Code   108  stm32f10x_flash.o(.text)
    FLASH_ProgramWord                        0x08000b7f   Thumb Code    72  stm32f10x_flash.o(.text)
    FLASH_ProgramHalfWord                    0x08000bc7   Thumb Code    48  stm32f10x_flash.o(.text)
    FLASH_ProgramOptionByteData              0x08000bf7   Thumb Code    62  stm32f10x_flash.o(.text)
    FLASH_EnableWriteProtection              0x08000c35   Thumb Code   158  stm32f10x_flash.o(.text)
    FLASH_ReadOutProtection                  0x08000cd3   Thumb Code   118  stm32f10x_flash.o(.text)
    FLASH_UserOptionByteConfig               0x08000d49   Thumb Code    92  stm32f10x_flash.o(.text)
    FLASH_GetUserOptionByte                  0x08000da5   Thumb Code     8  stm32f10x_flash.o(.text)
    FLASH_GetWriteProtectionOptionByte       0x08000dad   Thumb Code     6  stm32f10x_flash.o(.text)
    FLASH_GetPrefetchBufferStatus            0x08000db3   Thumb Code    14  stm32f10x_flash.o(.text)
    FLASH_ITConfig                           0x08000dc1   Thumb Code    18  stm32f10x_flash.o(.text)
    FLASH_GetFlagStatus                      0x08000dd3   Thumb Code    28  stm32f10x_flash.o(.text)
    FLASH_ClearFlag                          0x08000def   Thumb Code     6  stm32f10x_flash.o(.text)
    FLASH_GetStatus                          0x08000df5   Thumb Code    34  stm32f10x_flash.o(.text)
    GPIO_DeInit                              0x08000e1d   Thumb Code   152  stm32f10x_gpio.o(.text)
    GPIO_AFIODeInit                          0x08000eb5   Thumb Code    22  stm32f10x_gpio.o(.text)
    GPIO_Init                                0x08000ecb   Thumb Code   156  stm32f10x_gpio.o(.text)
    GPIO_StructInit                          0x08000f67   Thumb Code    16  stm32f10x_gpio.o(.text)
    GPIO_ReadInputDataBit                    0x08000f77   Thumb Code    14  stm32f10x_gpio.o(.text)
    GPIO_ReadInputData                       0x08000f85   Thumb Code     6  stm32f10x_gpio.o(.text)
    GPIO_ReadOutputDataBit                   0x08000f8b   Thumb Code    14  stm32f10x_gpio.o(.text)
    GPIO_ReadOutputData                      0x08000f99   Thumb Code     6  stm32f10x_gpio.o(.text)
    GPIO_SetBits                             0x08000f9f   Thumb Code     4  stm32f10x_gpio.o(.text)
    GPIO_ResetBits                           0x08000fa3   Thumb Code     4  stm32f10x_gpio.o(.text)
    GPIO_WriteBit                            0x08000fa7   Thumb Code    10  stm32f10x_gpio.o(.text)
    GPIO_Write                               0x08000fb1   Thumb Code     4  stm32f10x_gpio.o(.text)
    GPIO_PinLockConfig                       0x08000fb5   Thumb Code    16  stm32f10x_gpio.o(.text)
    GPIO_EventOutputConfig                   0x08000fc5   Thumb Code    22  stm32f10x_gpio.o(.text)
    GPIO_EventOutputCmd                      0x08000fdb   Thumb Code     6  stm32f10x_gpio.o(.text)
    GPIO_PinRemapConfig                      0x08000fe1   Thumb Code    82  stm32f10x_gpio.o(.text)
    GPIO_EXTILineConfig                      0x08001033   Thumb Code    34  stm32f10x_gpio.o(.text)
    GPIO_ETH_MediaInterfaceConfig            0x08001055   Thumb Code     8  stm32f10x_gpio.o(.text)
    PWR_DeInit                               0x08001081   Thumb Code    24  stm32f10x_pwr.o(.text)
    PWR_BackupAccessCmd                      0x08001099   Thumb Code     6  stm32f10x_pwr.o(.text)
    PWR_PVDCmd                               0x0800109f   Thumb Code     6  stm32f10x_pwr.o(.text)
    PWR_PVDLevelConfig                       0x080010a5   Thumb Code    14  stm32f10x_pwr.o(.text)
    PWR_WakeUpPinCmd                         0x080010b3   Thumb Code     8  stm32f10x_pwr.o(.text)
    PWR_EnterSTOPMode                        0x080010bb   Thumb Code    42  stm32f10x_pwr.o(.text)
    PWR_EnterSTANDBYMode                     0x080010e5   Thumb Code    32  stm32f10x_pwr.o(.text)
    PWR_GetFlagStatus                        0x08001105   Thumb Code    16  stm32f10x_pwr.o(.text)
    PWR_ClearFlag                            0x08001115   Thumb Code    12  stm32f10x_pwr.o(.text)
    RCC_DeInit                               0x0800112d   Thumb Code    50  stm32f10x_rcc.o(.text)
    RCC_HSEConfig                            0x0800115f   Thumb Code    48  stm32f10x_rcc.o(.text)
    RCC_GetFlagStatus                        0x0800118f   Thumb Code    42  stm32f10x_rcc.o(.text)
    RCC_WaitForHSEStartUp                    0x080011b9   Thumb Code    44  stm32f10x_rcc.o(.text)
    RCC_AdjustHSICalibrationValue            0x080011e5   Thumb Code    16  stm32f10x_rcc.o(.text)
    RCC_HSICmd                               0x080011f5   Thumb Code     6  stm32f10x_rcc.o(.text)
    RCC_PLLConfig                            0x080011fb   Thumb Code    16  stm32f10x_rcc.o(.text)
    RCC_PLLCmd                               0x0800120b   Thumb Code     6  stm32f10x_rcc.o(.text)
    RCC_SYSCLKConfig                         0x08001211   Thumb Code    14  stm32f10x_rcc.o(.text)
    RCC_GetSYSCLKSource                      0x0800121f   Thumb Code    10  stm32f10x_rcc.o(.text)
    RCC_HCLKConfig                           0x08001229   Thumb Code    14  stm32f10x_rcc.o(.text)
    RCC_PCLK1Config                          0x08001237   Thumb Code    14  stm32f10x_rcc.o(.text)
    RCC_PCLK2Config                          0x08001245   Thumb Code    16  stm32f10x_rcc.o(.text)
    RCC_ITConfig                             0x08001255   Thumb Code    18  stm32f10x_rcc.o(.text)
    RCC_USBCLKConfig                         0x08001267   Thumb Code     8  stm32f10x_rcc.o(.text)
    RCC_ADCCLKConfig                         0x0800126f   Thumb Code    14  stm32f10x_rcc.o(.text)
    RCC_LSEConfig                            0x0800127d   Thumb Code    28  stm32f10x_rcc.o(.text)
    RCC_LSICmd                               0x08001299   Thumb Code     6  stm32f10x_rcc.o(.text)
    RCC_RTCCLKConfig                         0x0800129f   Thumb Code    10  stm32f10x_rcc.o(.text)
    RCC_RTCCLKCmd                            0x080012a9   Thumb Code     8  stm32f10x_rcc.o(.text)
    RCC_GetClocksFreq                        0x080012b1   Thumb Code   132  stm32f10x_rcc.o(.text)
    RCC_AHBPeriphClockCmd                    0x08001335   Thumb Code    18  stm32f10x_rcc.o(.text)
    RCC_APB2PeriphClockCmd                   0x08001347   Thumb Code    18  stm32f10x_rcc.o(.text)
    RCC_APB1PeriphClockCmd                   0x08001359   Thumb Code    18  stm32f10x_rcc.o(.text)
    RCC_APB2PeriphResetCmd                   0x0800136b   Thumb Code    18  stm32f10x_rcc.o(.text)
    RCC_APB1PeriphResetCmd                   0x0800137d   Thumb Code    18  stm32f10x_rcc.o(.text)
    RCC_BackupResetCmd                       0x0800138f   Thumb Code     8  stm32f10x_rcc.o(.text)
    RCC_ClockSecuritySystemCmd               0x08001397   Thumb Code     6  stm32f10x_rcc.o(.text)
    RCC_MCOConfig                            0x0800139d   Thumb Code     6  stm32f10x_rcc.o(.text)
    RCC_ClearFlag                            0x080013a3   Thumb Code    12  stm32f10x_rcc.o(.text)
    RCC_GetITStatus                          0x080013af   Thumb Code    16  stm32f10x_rcc.o(.text)
    RCC_ClearITPendingBit                    0x080013bf   Thumb Code     6  stm32f10x_rcc.o(.text)
    RTC_ITConfig                             0x080013e5   Thumb Code    18  stm32f10x_rtc.o(.text)
    RTC_EnterConfigMode                      0x080013f7   Thumb Code    14  stm32f10x_rtc.o(.text)
    RTC_ExitConfigMode                       0x08001405   Thumb Code    14  stm32f10x_rtc.o(.text)
    RTC_GetCounter                           0x08001413   Thumb Code    18  stm32f10x_rtc.o(.text)
    RTC_SetCounter                           0x08001425   Thumb Code    26  stm32f10x_rtc.o(.text)
    RTC_SetPrescaler                         0x0800143f   Thumb Code    28  stm32f10x_rtc.o(.text)
    RTC_SetAlarm                             0x0800145b   Thumb Code    26  stm32f10x_rtc.o(.text)
    RTC_GetDivider                           0x08001475   Thumb Code    20  stm32f10x_rtc.o(.text)
    RTC_WaitForLastTask                      0x08001489   Thumb Code    12  stm32f10x_rtc.o(.text)
    RTC_WaitForSynchro                       0x08001495   Thumb Code    20  stm32f10x_rtc.o(.text)
    RTC_GetFlagStatus                        0x080014a9   Thumb Code    18  stm32f10x_rtc.o(.text)
    RTC_ClearFlag                            0x080014bb   Thumb Code    12  stm32f10x_rtc.o(.text)
    RTC_GetITStatus                          0x080014c7   Thumb Code    28  stm32f10x_rtc.o(.text)
    RTC_ClearITPendingBit                    0x080014e3   Thumb Code    12  stm32f10x_rtc.o(.text)
    USART_DeInit                             0x080014f5   Thumb Code    96  stm32f10x_usart.o(.text)
    USART_Init                               0x08001555   Thumb Code   166  stm32f10x_usart.o(.text)
    USART_StructInit                         0x080015fb   Thumb Code    22  stm32f10x_usart.o(.text)
    USART_ClockInit                          0x08001611   Thumb Code    30  stm32f10x_usart.o(.text)
    USART_ClockStructInit                    0x0800162f   Thumb Code    12  stm32f10x_usart.o(.text)
    USART_Cmd                                0x0800163b   Thumb Code    20  stm32f10x_usart.o(.text)
    USART_ITConfig                           0x0800164f   Thumb Code    48  stm32f10x_usart.o(.text)
    USART_DMACmd                             0x0800167f   Thumb Code    16  stm32f10x_usart.o(.text)
    USART_SetAddress                         0x0800168f   Thumb Code    16  stm32f10x_usart.o(.text)
    USART_WakeUpConfig                       0x0800169f   Thumb Code    16  stm32f10x_usart.o(.text)
    USART_ReceiverWakeUpCmd                  0x080016af   Thumb Code    20  stm32f10x_usart.o(.text)
    USART_LINBreakDetectLengthConfig         0x080016c3   Thumb Code    16  stm32f10x_usart.o(.text)
    USART_LINCmd                             0x080016d3   Thumb Code    20  stm32f10x_usart.o(.text)
    USART_SendData                           0x080016e7   Thumb Code     8  stm32f10x_usart.o(.text)
    USART_ReceiveData                        0x080016ef   Thumb Code     8  stm32f10x_usart.o(.text)
    USART_SendBreak                          0x080016f7   Thumb Code    10  stm32f10x_usart.o(.text)
    USART_SetGuardTime                       0x08001701   Thumb Code    16  stm32f10x_usart.o(.text)
    USART_SetPrescaler                       0x08001711   Thumb Code    16  stm32f10x_usart.o(.text)
    USART_SmartCardCmd                       0x08001721   Thumb Code    20  stm32f10x_usart.o(.text)
    USART_SmartCardNACKCmd                   0x08001735   Thumb Code    20  stm32f10x_usart.o(.text)
    USART_HalfDuplexCmd                      0x08001749   Thumb Code    20  stm32f10x_usart.o(.text)
    USART_OverSampling8Cmd                   0x0800175d   Thumb Code    20  stm32f10x_usart.o(.text)
    USART_OneBitMethodCmd                    0x08001771   Thumb Code    20  stm32f10x_usart.o(.text)
    USART_IrDAConfig                         0x08001785   Thumb Code    16  stm32f10x_usart.o(.text)
    USART_IrDACmd                            0x08001795   Thumb Code    20  stm32f10x_usart.o(.text)
    USART_GetFlagStatus                      0x080017a9   Thumb Code    14  stm32f10x_usart.o(.text)
    USART_ClearFlag                          0x080017b7   Thumb Code     6  stm32f10x_usart.o(.text)
    USART_GetITStatus                        0x080017bd   Thumb Code    62  stm32f10x_usart.o(.text)
    USART_ClearITPendingBit                  0x080017fb   Thumb Code    12  stm32f10x_usart.o(.text)
    Reset_Handler                            0x0800181d   Thumb Code     8  startup_stm32f10x_hd.o(.text)
    ADC1_2_IRQHandler                        0x08001837   Thumb Code     0  startup_stm32f10x_hd.o(.text)
    ADC3_IRQHandler                          0x08001837   Thumb Code     0  startup_stm32f10x_hd.o(.text)
    CAN1_RX1_IRQHandler                      0x08001837   Thumb Code     0  startup_stm32f10x_hd.o(.text)
    CAN1_SCE_IRQHandler                      0x08001837   Thumb Code     0  startup_stm32f10x_hd.o(.text)
    DMA1_Channel1_IRQHandler                 0x08001837   Thumb Code     0  startup_stm32f10x_hd.o(.text)
    DMA1_Channel2_IRQHandler                 0x08001837   Thumb Code     0  startup_stm32f10x_hd.o(.text)
    DMA1_Channel3_IRQHandler                 0x08001837   Thumb Code     0  startup_stm32f10x_hd.o(.text)
    DMA1_Channel4_IRQHandler                 0x08001837   Thumb Code     0  startup_stm32f10x_hd.o(.text)
    DMA1_Channel5_IRQHandler                 0x08001837   Thumb Code     0  startup_stm32f10x_hd.o(.text)
    DMA1_Channel6_IRQHandler                 0x08001837   Thumb Code     0  startup_stm32f10x_hd.o(.text)
    DMA1_Channel7_IRQHandler                 0x08001837   Thumb Code     0  startup_stm32f10x_hd.o(.text)
    DMA2_Channel1_IRQHandler                 0x08001837   Thumb Code     0  startup_stm32f10x_hd.o(.text)
    DMA2_Channel2_IRQHandler                 0x08001837   Thumb Code     0  startup_stm32f10x_hd.o(.text)
    DMA2_Channel3_IRQHandler                 0x08001837   Thumb Code     0  startup_stm32f10x_hd.o(.text)
    DMA2_Channel4_5_IRQHandler               0x08001837   Thumb Code     0  startup_stm32f10x_hd.o(.text)
    EXTI0_IRQHandler                         0x08001837   Thumb Code     0  startup_stm32f10x_hd.o(.text)
    EXTI15_10_IRQHandler                     0x08001837   Thumb Code     0  startup_stm32f10x_hd.o(.text)
    EXTI1_IRQHandler                         0x08001837   Thumb Code     0  startup_stm32f10x_hd.o(.text)
    EXTI2_IRQHandler                         0x08001837   Thumb Code     0  startup_stm32f10x_hd.o(.text)
    EXTI3_IRQHandler                         0x08001837   Thumb Code     0  startup_stm32f10x_hd.o(.text)
    EXTI4_IRQHandler                         0x08001837   Thumb Code     0  startup_stm32f10x_hd.o(.text)
    EXTI9_5_IRQHandler                       0x08001837   Thumb Code     0  startup_stm32f10x_hd.o(.text)
    FLASH_IRQHandler                         0x08001837   Thumb Code     0  startup_stm32f10x_hd.o(.text)
    FSMC_IRQHandler                          0x08001837   Thumb Code     0  startup_stm32f10x_hd.o(.text)
    I2C1_ER_IRQHandler                       0x08001837   Thumb Code     0  startup_stm32f10x_hd.o(.text)
    I2C1_EV_IRQHandler                       0x08001837   Thumb Code     0  startup_stm32f10x_hd.o(.text)
    I2C2_ER_IRQHandler                       0x08001837   Thumb Code     0  startup_stm32f10x_hd.o(.text)
    I2C2_EV_IRQHandler                       0x08001837   Thumb Code     0  startup_stm32f10x_hd.o(.text)
    PVD_IRQHandler                           0x08001837   Thumb Code     0  startup_stm32f10x_hd.o(.text)
    RCC_IRQHandler                           0x08001837   Thumb Code     0  startup_stm32f10x_hd.o(.text)
    RTCAlarm_IRQHandler                      0x08001837   Thumb Code     0  startup_stm32f10x_hd.o(.text)
    SDIO_IRQHandler                          0x08001837   Thumb Code     0  startup_stm32f10x_hd.o(.text)
    SPI1_IRQHandler                          0x08001837   Thumb Code     0  startup_stm32f10x_hd.o(.text)
    SPI2_IRQHandler                          0x08001837   Thumb Code     0  startup_stm32f10x_hd.o(.text)
    SPI3_IRQHandler                          0x08001837   Thumb Code     0  startup_stm32f10x_hd.o(.text)
    TAMPER_IRQHandler                        0x08001837   Thumb Code     0  startup_stm32f10x_hd.o(.text)
    TIM1_BRK_IRQHandler                      0x08001837   Thumb Code     0  startup_stm32f10x_hd.o(.text)
    TIM1_CC_IRQHandler                       0x08001837   Thumb Code     0  startup_stm32f10x_hd.o(.text)
    TIM1_TRG_COM_IRQHandler                  0x08001837   Thumb Code     0  startup_stm32f10x_hd.o(.text)
    TIM1_UP_IRQHandler                       0x08001837   Thumb Code     0  startup_stm32f10x_hd.o(.text)
    TIM2_IRQHandler                          0x08001837   Thumb Code     0  startup_stm32f10x_hd.o(.text)
    TIM3_IRQHandler                          0x08001837   Thumb Code     0  startup_stm32f10x_hd.o(.text)
    TIM4_IRQHandler                          0x08001837   Thumb Code     0  startup_stm32f10x_hd.o(.text)
    TIM5_IRQHandler                          0x08001837   Thumb Code     0  startup_stm32f10x_hd.o(.text)
    TIM6_IRQHandler                          0x08001837   Thumb Code     0  startup_stm32f10x_hd.o(.text)
    TIM7_IRQHandler                          0x08001837   Thumb Code     0  startup_stm32f10x_hd.o(.text)
    TIM8_BRK_IRQHandler                      0x08001837   Thumb Code     0  startup_stm32f10x_hd.o(.text)
    TIM8_CC_IRQHandler                       0x08001837   Thumb Code     0  startup_stm32f10x_hd.o(.text)
    TIM8_TRG_COM_IRQHandler                  0x08001837   Thumb Code     0  startup_stm32f10x_hd.o(.text)
    TIM8_UP_IRQHandler                       0x08001837   Thumb Code     0  startup_stm32f10x_hd.o(.text)
    UART4_IRQHandler                         0x08001837   Thumb Code     0  startup_stm32f10x_hd.o(.text)
    UART5_IRQHandler                         0x08001837   Thumb Code     0  startup_stm32f10x_hd.o(.text)
    USBWakeUp_IRQHandler                     0x08001837   Thumb Code     0  startup_stm32f10x_hd.o(.text)
    USB_HP_CAN1_TX_IRQHandler                0x08001837   Thumb Code     0  startup_stm32f10x_hd.o(.text)
    USB_LP_CAN1_RX0_IRQHandler               0x08001837   Thumb Code     0  startup_stm32f10x_hd.o(.text)
    WWDG_IRQHandler                          0x08001837   Thumb Code     0  startup_stm32f10x_hd.o(.text)
    __user_initial_stackheap                 0x08001839   Thumb Code     0  startup_stm32f10x_hd.o(.text)
    setup                                    0x0800185d   Thumb Code    42  main.o(.text)
    loop                                     0x08001887   Thumb Code    22  main.o(.text)
    main                                     0x0800189d   Thumb Code    10  main.o(.text)
    NMI_Handler                              0x080018a7   Thumb Code     2  stm32f10x_it.o(.text)
    HardFault_Handler                        0x080018a9   Thumb Code     2  stm32f10x_it.o(.text)
    MemManage_Handler                        0x080018ab   Thumb Code     2  stm32f10x_it.o(.text)
    BusFault_Handler                         0x080018ad   Thumb Code     2  stm32f10x_it.o(.text)
    UsageFault_Handler                       0x080018af   Thumb Code     2  stm32f10x_it.o(.text)
    SVC_Handler                              0x080018b1   Thumb Code     2  stm32f10x_it.o(.text)
    DebugMon_Handler                         0x080018b3   Thumb Code     2  stm32f10x_it.o(.text)
    PendSV_Handler                           0x080018b5   Thumb Code     2  stm32f10x_it.o(.text)
    SysTick_Handler                          0x080018b7   Thumb Code     4  stm32f10x_it.o(.text)
    ADC_Initialize                           0x080018bd   Thumb Code   418  adc_dma.o(.text)
    ADC_GetConvValue                         0x08001a5f   Thumb Code     8  adc_dma.o(.text)
    USART_WriteDataAvaliable                 0x08001a8d   Thumb Code    24  usart.o(.text)
    USART_StopWrite                          0x08001aa5   Thumb Code    46  usart.o(.text)
    USART_WriteBufferRead                    0x08001ad3   Thumb Code    48  usart.o(.text)
    USART_Write_Base                         0x08001b03   Thumb Code    32  usart.o(.text)
    USART_StartWrite                         0x08001b23   Thumb Code    22  usart.o(.text)
    USART_ReadBufferWrite                    0x08001b39   Thumb Code    82  usart.o(.text)
    USART_Read_Base                          0x08001b8b   Thumb Code    54  usart.o(.text)
    USART_ReadDataAvaliable                  0x08001bc1   Thumb Code    24  usart.o(.text)
    USART_ReadBufferRead                     0x08001bd9   Thumb Code    48  usart.o(.text)
    USART_WriteBufferWrite                   0x08001c09   Thumb Code    74  usart.o(.text)
    USART_Write                              0x08001c53   Thumb Code    12  usart.o(.text)
    USART_Read                               0x08001c5f   Thumb Code     2  usart.o(.text)
    USART_DataAvaliable                      0x08001c61   Thumb Code     2  usart.o(.text)
    USART_WriteStr                           0x08001c63   Thumb Code    24  usart.o(.text)
    USART_Initialize                         0x08001c7b   Thumb Code   346  usart.o(.text)
    USART_IRQHandler                         0x08001dd5   Thumb Code    82  usart.o(.text)
    USART1_IRQHandler                        0x08001e27   Thumb Code     6  usart.o(.text)
    USART2_IRQHandler                        0x08001e2d   Thumb Code     6  usart.o(.text)
    USART3_IRQHandler                        0x08001e33   Thumb Code     6  usart.o(.text)
    Timing_IsLeapYear                        0x08001e49   Thumb Code    44  timinganddelay.o(.text)
    Timing_RTCSecondInterruptHandler         0x08001e75   Thumb Code   120  timinganddelay.o(.text)
    TimingAndDelay_InterruptHandler          0x08001eed   Thumb Code    28  timinganddelay.o(.text)
    TimingAndDelay_SystickInit               0x08001f09   Thumb Code    62  timinganddelay.o(.text)
    Timing_TimeToUInt32                      0x08001f47   Thumb Code   116  timinganddelay.o(.text)
    Timing_GetWeekDay                        0x08001fbb   Thumb Code    68  timinganddelay.o(.text)
    Timing_SetTime                           0x08001fff   Thumb Code   100  timinganddelay.o(.text)
    Timing_UInt32ToTime                      0x08002063   Thumb Code   220  timinganddelay.o(.text)
    TimingAndDelay_RTCInit                   0x0800213f   Thumb Code   196  timinganddelay.o(.text)
    TimingAndDelay_Init                      0x08002203   Thumb Code    38  timinganddelay.o(.text)
    Delay_Millisecond                        0x08002229   Thumb Code    14  timinganddelay.o(.text)
    Delay_MicroSecond                        0x08002237   Thumb Code   162  timinganddelay.o(.text)
    RTC_IRQHandler                           0x080022d9   Thumb Code    28  timinganddelay.o(.text)
    UserConf_Recover                         0x080022f5   Thumb Code    24  userconf.o(.text)
    UserConf_Save                            0x0800230d   Thumb Code   118  userconf.o(.text)
    UserConf_Erase                           0x08002383   Thumb Code    78  userconf.o(.text)
    cJSON_GetErrorPtr                        0x080023e9   Thumb Code    10  cjson.o(.text)
    cJSON_IsString                           0x080023f3   Thumb Code    18  cjson.o(.text)
    cJSON_GetStringValue                     0x08002405   Thumb Code    16  cjson.o(.text)
    cJSON_IsNumber                           0x08002415   Thumb Code    18  cjson.o(.text)
    cJSON_GetNumberValue                     0x08002427   Thumb Code    22  cjson.o(.text)
    cJSON_Version                            0x0800243d   Thumb Code    22  cjson.o(.text)
    cJSON_InitHooks                          0x0800247b   Thumb Code    56  cjson.o(.text)
    cJSON_Delete                             0x080024b3   Thumb Code    68  cjson.o(.text)
    cJSON_SetNumberHelper                    0x080025db   Thumb Code    68  cjson.o(.text)
    cJSON_free                               0x0800261f   Thumb Code     8  cjson.o(.text)
    cJSON_SetValuestring                     0x08002627   Thumb Code    78  cjson.o(.text)
    cJSON_ParseWithLengthOpts                0x08002dc1   Thumb Code   246  cjson.o(.text)
    cJSON_ParseWithOpts                      0x08002eb7   Thumb Code    32  cjson.o(.text)
    cJSON_Parse                              0x08002ed7   Thumb Code     6  cjson.o(.text)
    cJSON_ParseWithLength                    0x08002edd   Thumb Code     6  cjson.o(.text)
    cJSON_Print                              0x08003167   Thumb Code     6  cjson.o(.text)
    cJSON_PrintUnformatted                   0x0800316d   Thumb Code     6  cjson.o(.text)
    cJSON_PrintBuffered                      0x08003173   Thumb Code    80  cjson.o(.text)
    cJSON_PrintPreallocated                  0x080031c3   Thumb Code    64  cjson.o(.text)
    cJSON_GetArraySize                       0x08003203   Thumb Code    34  cjson.o(.text)
    cJSON_GetArrayItem                       0x08003225   Thumb Code    12  cjson.o(.text)
    cJSON_GetObjectItem                      0x080032a9   Thumb Code     4  cjson.o(.text)
    cJSON_GetObjectItemCaseSensitive         0x080032ad   Thumb Code     4  cjson.o(.text)
    cJSON_HasObjectItem                      0x080032b1   Thumb Code    14  cjson.o(.text)
    cJSON_AddItemToArray                     0x08003319   Thumb Code     2  cjson.o(.text)
    cJSON_AddItemToObject                    0x08003371   Thumb Code    14  cjson.o(.text)
    cJSON_AddItemToObjectCS                  0x0800337f   Thumb Code    14  cjson.o(.text)
    cJSON_AddItemReferenceToArray            0x0800338d   Thumb Code    30  cjson.o(.text)
    cJSON_AddItemReferenceToObject           0x080033ab   Thumb Code    40  cjson.o(.text)
    cJSON_CreateNull                         0x080033d3   Thumb Code    18  cjson.o(.text)
    cJSON_AddNullToObject                    0x080033e5   Thumb Code    42  cjson.o(.text)
    cJSON_CreateTrue                         0x0800340f   Thumb Code    18  cjson.o(.text)
    cJSON_AddTrueToObject                    0x08003421   Thumb Code    42  cjson.o(.text)
    cJSON_CreateFalse                        0x0800344b   Thumb Code    18  cjson.o(.text)
    cJSON_AddFalseToObject                   0x0800345d   Thumb Code    42  cjson.o(.text)
    cJSON_CreateBool                         0x08003487   Thumb Code    26  cjson.o(.text)
    cJSON_AddBoolToObject                    0x080034a1   Thumb Code    44  cjson.o(.text)
    cJSON_CreateNumber                       0x080034cd   Thumb Code    78  cjson.o(.text)
    cJSON_AddNumberToObject                  0x0800351b   Thumb Code    46  cjson.o(.text)
    cJSON_CreateString                       0x08003549   Thumb Code    44  cjson.o(.text)
    cJSON_AddStringToObject                  0x08003575   Thumb Code    44  cjson.o(.text)
    cJSON_CreateRaw                          0x080035a1   Thumb Code    44  cjson.o(.text)
    cJSON_AddRawToObject                     0x080035cd   Thumb Code    44  cjson.o(.text)
    cJSON_CreateObject                       0x080035f9   Thumb Code    18  cjson.o(.text)
    cJSON_AddObjectToObject                  0x0800360b   Thumb Code    42  cjson.o(.text)
    cJSON_CreateArray                        0x08003635   Thumb Code    18  cjson.o(.text)
    cJSON_AddArrayToObject                   0x08003647   Thumb Code    42  cjson.o(.text)
    cJSON_DetachItemViaPointer               0x08003671   Thumb Code    58  cjson.o(.text)
    cJSON_DetachItemFromArray                0x080036ab   Thumb Code    26  cjson.o(.text)
    cJSON_DeleteItemFromArray                0x080036c5   Thumb Code    14  cjson.o(.text)
    cJSON_DetachItemFromObject               0x080036d3   Thumb Code    18  cjson.o(.text)
    cJSON_DetachItemFromObjectCaseSensitive  0x080036e5   Thumb Code    18  cjson.o(.text)
    cJSON_DeleteItemFromObject               0x080036f7   Thumb Code    14  cjson.o(.text)
    cJSON_DeleteItemFromObjectCaseSensitive  0x08003705   Thumb Code    14  cjson.o(.text)
    cJSON_InsertItemInArray                  0x08003713   Thumb Code    56  cjson.o(.text)
    cJSON_ReplaceItemViaPointer              0x0800374b   Thumb Code    96  cjson.o(.text)
    cJSON_ReplaceItemInArray                 0x080037ab   Thumb Code    30  cjson.o(.text)
    cJSON_ReplaceItemInObject                0x08003813   Thumb Code     4  cjson.o(.text)
    cJSON_ReplaceItemInObjectCaseSensitive   0x08003817   Thumb Code     4  cjson.o(.text)
    cJSON_CreateStringReference              0x0800381b   Thumb Code    24  cjson.o(.text)
    cJSON_CreateObjectReference              0x08003833   Thumb Code    24  cjson.o(.text)
    cJSON_CreateArrayReference               0x0800384b   Thumb Code    24  cjson.o(.text)
    cJSON_CreateIntArray                     0x08003863   Thumb Code    94  cjson.o(.text)
    cJSON_CreateFloatArray                   0x080038c1   Thumb Code    92  cjson.o(.text)
    cJSON_CreateDoubleArray                  0x0800391d   Thumb Code    94  cjson.o(.text)
    cJSON_CreateStringArray                  0x0800397b   Thumb Code    88  cjson.o(.text)
    cJSON_Duplicate                          0x080039d3   Thumb Code   144  cjson.o(.text)
    cJSON_Minify                             0x08003a63   Thumb Code   158  cjson.o(.text)
    cJSON_IsInvalid                          0x08003b01   Thumb Code    20  cjson.o(.text)
    cJSON_IsFalse                            0x08003b15   Thumb Code    14  cjson.o(.text)
    cJSON_IsTrue                             0x08003b23   Thumb Code    18  cjson.o(.text)
    cJSON_IsBool                             0x08003b35   Thumb Code    14  cjson.o(.text)
    cJSON_IsNull                             0x08003b43   Thumb Code    18  cjson.o(.text)
    cJSON_IsArray                            0x08003b55   Thumb Code    18  cjson.o(.text)
    cJSON_IsObject                           0x08003b67   Thumb Code    18  cjson.o(.text)
    cJSON_IsRaw                              0x08003b79   Thumb Code    18  cjson.o(.text)
    cJSON_Compare                            0x08003b8b   Thumb Code   266  cjson.o(.text)
    cJSON_malloc                             0x08003c95   Thumb Code     6  cjson.o(.text)
    MeM_Tidy                                 0x08003ea5   Thumb Code    36  memorymanage.o(.text)
    MeM_Request_Base                         0x08003ec9   Thumb Code    64  memorymanage.o(.text)
    MeM_Request                              0x08003f09   Thumb Code    40  memorymanage.o(.text)
    MeM_Release                              0x08003f31   Thumb Code     8  memorymanage.o(.text)
    MeM_Init                                 0x08003f39   Thumb Code    14  memorymanage.o(.text)
    sys_Init                                 0x08003f4d   Thumb Code    22  sysinit.o(.text)
    MQ3_Abs                                  0x08003f6d   Thumb Code     8  mq-3.o(.text)
    MQ3_UInt16Arg                            0x08003f75   Thumb Code    28  mq-3.o(.text)
    MQ3_GetAirAlcoholConcentration           0x08003f91   Thumb Code   152  mq-3.o(.text)
    MQ3_GetBloodAlcoholConcentration         0x08004029   Thumb Code    18  mq-3.o(.text)
    MQ3_SetMeasureResult                     0x0800403b   Thumb Code    40  mq-3.o(.text)
    MQ3_SampleStart                          0x08004063   Thumb Code    14  mq-3.o(.text)
    MQ3_SampleHandler                        0x08004071   Thumb Code   138  mq-3.o(.text)
    MQ3_MeasureHandler                       0x080040fb   Thumb Code   328  mq-3.o(.text)
    MQ3_StartMeasure                         0x08004243   Thumb Code    22  mq-3.o(.text)
    MQ3_StartCalibrate                       0x08004259   Thumb Code    20  mq-3.o(.text)
    MQ3_SetMeasureFinishCallback             0x0800426d   Thumb Code     6  mq-3.o(.text)
    MQ3_GetLastMeasureValue                  0x08004273   Thumb Code     8  mq-3.o(.text)
    MQ3_SetContinuousMeasure                 0x0800427b   Thumb Code    52  mq-3.o(.text)
    MQ3_SetAutoFeedback                      0x080042af   Thumb Code    14  mq-3.o(.text)
    MQ3_SetSensorAlwaysOn                    0x080042bd   Thumb Code    14  mq-3.o(.text)
    MQ3_IsBusy                               0x080042cb   Thumb Code     6  mq-3.o(.text)
    MQ3_ContinuousMeasureHandler             0x080042d1   Thumb Code   110  mq-3.o(.text)
    MQ3_CalibrateHandler                     0x0800433f   Thumb Code   224  mq-3.o(.text)
    MQ3_Init                                 0x0800441f   Thumb Code    94  mq-3.o(.text)
    MQ3_Handler                              0x0800447d   Thumb Code    56  mq-3.o(.text)
    HC06_RtnHandler                          0x080044bd   Thumb Code    32  hc-06.o(.text)
    HC06_MeansureFinishCallback              0x080044dd   Thumb Code   224  hc-06.o(.text)
    HC06_RtnErr                              0x080045bd   Thumb Code    64  hc-06.o(.text)
    HC06_CmdHandler                          0x080045fd   Thumb Code   644  hc-06.o(.text)
    HC06_CmdDecoder                          0x08004881   Thumb Code   184  hc-06.o(.text)
    HC06_CmdCatcher                          0x08004939   Thumb Code   140  hc-06.o(.text)
    HC06_Handle                              0x080049c5   Thumb Code     2  hc-06.o(.text)
    HC06_Init                                0x080049c7   Thumb Code    64  hc-06.o(.text)
    DHT11_SetIOIn                            0x08004a51   Thumb Code    24  dht11.o(.text)
    DHT11_SetIOOut                           0x08004a69   Thumb Code    28  dht11.o(.text)
    DHT11_Reset                              0x08004a85   Thumb Code    40  dht11.o(.text)
    DHT11_Check                              0x08004aad   Thumb Code    84  dht11.o(.text)
    DHT11_ReadBit                            0x08004b01   Thumb Code    80  dht11.o(.text)
    DHT11_ReadByte                           0x08004b51   Thumb Code    26  dht11.o(.text)
    DHT11_Init                               0x08004b6b   Thumb Code    20  dht11.o(.text)
    DHT11_Update                             0x08004b7f   Thumb Code    70  dht11.o(.text)
    DHT11_Handle                             0x08004bc5   Thumb Code    28  dht11.o(.text)
    DHT11_GetLastResult                      0x08004be1   Thumb Code    14  dht11.o(.text)
    malloc                                   0x08004bfd   Thumb Code    94  h1_alloc.o(.text)
    free                                     0x08004c5b   Thumb Code    78  h1_free.o(.text)
    realloc                                  0x08004ca9   Thumb Code   184  h1_realloc.o(.text)
    __aeabi_uldivmod                         0x08004d61   Thumb Code     0  lludivv7m.o(.text)
    _ll_udiv                                 0x08004d61   Thumb Code   238  lludivv7m.o(.text)
    tolower                                  0x08004e4f   Thumb Code    26  tolower.o(.text)
    __2sprintf                               0x08004e69   Thumb Code    38  __2sprintf.o(.text)
    _printf_pre_padding                      0x08004e95   Thumb Code    44  _printf_pad.o(.text)
    _printf_post_padding                     0x08004ec1   Thumb Code    34  _printf_pad.o(.text)
    _printf_int_dec                          0x08004ee5   Thumb Code   104  _printf_dec.o(.text)
    _printf_int_hex                          0x08004f5d   Thumb Code    84  _printf_hex_int.o(.text)
    _printf_longlong_hex                     0x08004f5d   Thumb Code     0  _printf_hex_int.o(.text)
    __printf                                 0x08004fb5   Thumb Code   308  __printf_flags_wp.o(.text)
    __0sscanf                                0x080050ed   Thumb Code    52  __0sscanf.o(.text)
    strcpy                                   0x08005129   Thumb Code    72  strcpy.o(.text)
    strlen                                   0x08005171   Thumb Code    62  strlen.o(.text)
    strncmp                                  0x080051af   Thumb Code   150  strncmp.o(.text)
    __aeabi_memcpy                           0x08005245   Thumb Code     0  rt_memcpy_v6.o(.text)
    __rt_memcpy                              0x08005245   Thumb Code   138  rt_memcpy_v6.o(.text)
    _memcpy_lastbytes                        0x080052ab   Thumb Code     0  rt_memcpy_v6.o(.text)
    __aeabi_memcpy4                          0x080052cf   Thumb Code     0  rt_memcpy_w.o(.text)
    __aeabi_memcpy8                          0x080052cf   Thumb Code     0  rt_memcpy_w.o(.text)
    __rt_memcpy_w                            0x080052cf   Thumb Code   100  rt_memcpy_w.o(.text)
    _memcpy_lastbytes_aligned                0x08005317   Thumb Code     0  rt_memcpy_w.o(.text)
    __aeabi_memclr4                          0x08005333   Thumb Code     0  rt_memclr_w.o(.text)
    __aeabi_memclr8                          0x08005333   Thumb Code     0  rt_memclr_w.o(.text)
    __rt_memclr_w                            0x08005333   Thumb Code    78  rt_memclr_w.o(.text)
    _memset_w                                0x08005337   Thumb Code     0  rt_memclr_w.o(.text)
    strcmp                                   0x08005381   Thumb Code   128  strcmpv7m.o(.text)
    __use_two_region_memory                  0x08005401   Thumb Code     2  heapauxi.o(.text)
    __rt_heap_escrow                         0x08005403   Thumb Code     2  heapauxi.o(.text)
    __rt_heap_expand                         0x08005405   Thumb Code     2  heapauxi.o(.text)
    __rt_ctype_table                         0x08005409   Thumb Code    16  rt_ctype_table.o(.text)
    __rt_heap_descriptor                     0x08005419   Thumb Code     8  rt_heap_descriptor_intlibspace.o(.text)
    __use_no_heap                            0x08005421   Thumb Code     2  hguard.o(.text)
    __heap$guard                             0x08005423   Thumb Code     2  hguard.o(.text)
    _terminate_user_alloc                    0x08005425   Thumb Code     2  init_alloc.o(.text)
    _init_user_alloc                         0x08005427   Thumb Code     2  init_alloc.o(.text)
    __Heap_Full                              0x08005429   Thumb Code    34  init_alloc.o(.text)
    __Heap_Broken                            0x0800544b   Thumb Code     6  init_alloc.o(.text)
    _init_alloc                              0x08005451   Thumb Code    94  init_alloc.o(.text)
    __Heap_Initialize                        0x080054af   Thumb Code    10  h1_init.o(.text)
    __Heap_DescSize                          0x080054b9   Thumb Code     4  h1_init.o(.text)
    __read_errno                             0x080054bd   Thumb Code    10  _rserrno.o(.text)
    __set_errno                              0x080054c7   Thumb Code    12  _rserrno.o(.text)
    _printf_int_common                       0x080054d3   Thumb Code   178  _printf_intcommon.o(.text)
    __lib_sel_fp_printf                      0x08005585   Thumb Code     2  _printf_fp_dec.o(.text)
    _printf_fp_dec_real                      0x08005737   Thumb Code   620  _printf_fp_dec.o(.text)
    _printf_char_common                      0x080059af   Thumb Code    32  _printf_char_common.o(.text)
    _sputc                                   0x080059d5   Thumb Code    10  _sputc.o(.text)
    _scanf_really_real                       0x08005c2d   Thumb Code   684  scanf_fp.o(.text)
    __vfscanf_char                           0x08005ee5   Thumb Code    24  scanf_char.o(.text)
    _sgetc                                   0x08005f05   Thumb Code    30  _sgetc.o(.text)
    _sbackspace                              0x08005f23   Thumb Code    34  _sgetc.o(.text)
    __strtod_int                             0x08005f81   Thumb Code    90  strtod.o(.text)
    __user_libspace                          0x08005fe9   Thumb Code     8  libspace.o(.text)
    __user_perproc_libspace                  0x08005fe9   Thumb Code     0  libspace.o(.text)
    __user_perthread_libspace                0x08005fe9   Thumb Code     0  libspace.o(.text)
    __rt_locale                              0x08005ff1   Thumb Code     8  rt_locale_intlibspace.o(.text)
    __aeabi_errno_addr                       0x08005ff9   Thumb Code     8  rt_errno_addr_intlibspace.o(.text)
    __errno$intlibspace                      0x08005ff9   Thumb Code     0  rt_errno_addr_intlibspace.o(.text)
    __rt_errno_addr$intlibspace              0x08005ff9   Thumb Code     0  rt_errno_addr_intlibspace.o(.text)
    __Heap_ProvideMemory                     0x08006001   Thumb Code    52  h1_extend.o(.text)
    _ll_udiv10                               0x08006035   Thumb Code   138  lludiv10.o(.text)
    isspace                                  0x080060bf   Thumb Code    18  isspace.o(.text)
    _printf_fp_infnan                        0x080060d1   Thumb Code   112  _printf_fp_infnan.o(.text)
    __vfscanf                                0x08006151   Thumb Code   880  _scanf.o(.text)
    _btod_etento                             0x080064c5   Thumb Code   224  bigflt0.o(.text)
    __rt_SIGRTMEM                            0x080065a9   Thumb Code    14  defsig_rtmem_outer.o(.text)
    __I$use$semihosting                      0x080065b7   Thumb Code     0  use_no_semi.o(.text)
    __use_no_semihosting_swi                 0x080065b7   Thumb Code     2  use_no_semi.o(.text)
    __semihosting_library_function           0x080065b9   Thumb Code     0  indicate_semi.o(.text)
    __user_setup_stackheap                   0x080065b9   Thumb Code    74  sys_stackheap_outer.o(.text)
    _scanf_really_hex_real                   0x08006605   Thumb Code   786  scanf_hexfp.o(.text)
    _scanf_really_infnan                     0x08006925   Thumb Code   292  scanf_infnan.o(.text)
    exit                                     0x08006a59   Thumb Code    18  exit.o(.text)
    __sig_exit                               0x08006a6b   Thumb Code    10  defsig_exit.o(.text)
    __rt_SIGRTMEM_inner                      0x08006a75   Thumb Code    22  defsig_rtmem_inner.o(.text)
    _sys_exit                                0x08006ac5   Thumb Code     8  sys_exit.o(.text)
    __aeabi_llsl                             0x08006ad1   Thumb Code     0  llshl.o(.text)
    _ll_shift_l                              0x08006ad1   Thumb Code    38  llshl.o(.text)
    _chval                                   0x08006af7   Thumb Code    28  _chval.o(.text)
    __default_signal_display                 0x08006b13   Thumb Code    50  defsig_general.o(.text)
    _ttywrch                                 0x08006b45   Thumb Code    14  sys_wrch.o(.text)
    _btod_d2e                                0x08006b53   Thumb Code    62  btod.o(CL$$btod_d2e)
    _d2e_denorm_low                          0x08006b91   Thumb Code    70  btod.o(CL$$btod_d2e_denorm_low)
    _d2e_norm_op1                            0x08006bd7   Thumb Code    96  btod.o(CL$$btod_d2e_norm_op1)
    __btod_div_common                        0x08006c37   Thumb Code   696  btod.o(CL$$btod_div_common)
    _e2d                                     0x08006f71   Thumb Code   122  btod.o(CL$$btod_e2d)
    _e2e                                     0x08006ff5   Thumb Code   220  btod.o(CL$$btod_e2e)
    _btod_ediv                               0x080070d1   Thumb Code    42  btod.o(CL$$btod_ediv)
    _btod_edivd                              0x080070fb   Thumb Code    42  btod.o(CL$$btod_edivd)
    _btod_emul                               0x08007125   Thumb Code    42  btod.o(CL$$btod_emul)
    _btod_emuld                              0x0800714f   Thumb Code    42  btod.o(CL$$btod_emuld)
    __btod_mult_common                       0x08007179   Thumb Code   580  btod.o(CL$$btod_mult_common)
    __ARM_fpclassify                         0x080073bd   Thumb Code    40  fpclassify.o(i.__ARM_fpclassify)
    __kernel_poly                            0x080073e5   Thumb Code   170  poly.o(i.__kernel_poly)
    __mathlib_dbl_divzero                    0x08007491   Thumb Code    12  dunder.o(i.__mathlib_dbl_divzero)
    __mathlib_dbl_infnan2                    0x080074a1   Thumb Code     4  dunder.o(i.__mathlib_dbl_infnan2)
    __mathlib_dbl_invalid                    0x080074a5   Thumb Code    12  dunder.o(i.__mathlib_dbl_invalid)
    __mathlib_dbl_overflow                   0x080074b1   Thumb Code    14  dunder.o(i.__mathlib_dbl_overflow)
    __mathlib_dbl_underflow                  0x080074c1   Thumb Code    10  dunder.o(i.__mathlib_dbl_underflow)
    __mathlib_narrow                         0x080074d1   Thumb Code    16  narrow.o(i.__mathlib_narrow)
    __mathlib_tofloat                        0x080074e1   Thumb Code   184  narrow.o(i.__mathlib_tofloat)
    __support_ldexp                          0x0800759d   Thumb Code    22  ldexp.o(i.__support_ldexp)
    _is_digit                                0x080075b3   Thumb Code    14  __printf_wp.o(i._is_digit)
    frexp                                    0x080075c1   Thumb Code    80  frexp.o(i.frexp)
    ldexp                                    0x08007619   Thumb Code   116  ldexp.o(i.ldexp)
    pow                                      0x0800768d   Thumb Code  2512  pow.o(i.pow)
    sqrt                                     0x08008065   Thumb Code    76  sqrt.o(i.sqrt)
    strtod                                   0x080080b1   Thumb Code    28  strtod.o(i.strtod)
    _get_lc_ctype                            0x080080cd   Thumb Code    44  lc_ctype_c.o(locale$$code)
    _get_lc_numeric                          0x080080f9   Thumb Code    44  lc_numeric_c.o(locale$$code)
    __aeabi_d2f                              0x08008125   Thumb Code     0  d2f.o(x$fpl$d2f)
    _d2f                                     0x08008125   Thumb Code    98  d2f.o(x$fpl$d2f)
    __aeabi_dadd                             0x08008189   Thumb Code     0  daddsub_clz.o(x$fpl$dadd)
    _dadd                                    0x08008189   Thumb Code   332  daddsub_clz.o(x$fpl$dadd)
    __fpl_dcheck_NaN1                        0x080082d9   Thumb Code    10  dcheck1.o(x$fpl$dcheck1)
    __fpl_dcmp_Inf                           0x080082e9   Thumb Code    24  dcmpi.o(x$fpl$dcmpinf)
    __aeabi_ddiv                             0x08008301   Thumb Code     0  ddiv.o(x$fpl$ddiv)
    _ddiv                                    0x08008301   Thumb Code   552  ddiv.o(x$fpl$ddiv)
    __aeabi_cdcmpeq                          0x080085b1   Thumb Code     0  deqf.o(x$fpl$deqf)
    _dcmpeq                                  0x080085b1   Thumb Code   120  deqf.o(x$fpl$deqf)
    __aeabi_d2iz                             0x08008629   Thumb Code     0  dfix.o(x$fpl$dfix)
    _dfix                                    0x08008629   Thumb Code    94  dfix.o(x$fpl$dfix)
    __aeabi_i2d                              0x08008687   Thumb Code     0  dflt_clz.o(x$fpl$dflt)
    _dflt                                    0x08008687   Thumb Code    46  dflt_clz.o(x$fpl$dflt)
    __aeabi_ui2d                             0x080086b5   Thumb Code     0  dflt_clz.o(x$fpl$dfltu)
    _dfltu                                   0x080086b5   Thumb Code    38  dflt_clz.o(x$fpl$dfltu)
    __aeabi_cdcmple                          0x080086dd   Thumb Code     0  dleqf.o(x$fpl$dleqf)
    _dcmple                                  0x080086dd   Thumb Code   120  dleqf.o(x$fpl$dleqf)
    __fpl_dcmple_InfNaN                      0x0800873f   Thumb Code     0  dleqf.o(x$fpl$dleqf)
    __aeabi_dmul                             0x08008755   Thumb Code     0  dmul.o(x$fpl$dmul)
    _dmul                                    0x08008755   Thumb Code   332  dmul.o(x$fpl$dmul)
    __fpl_dnaninf                            0x080088a9   Thumb Code   156  dnaninf.o(x$fpl$dnaninf)
    __fpl_dretinf                            0x08008945   Thumb Code    12  dretinf.o(x$fpl$dretinf)
    __aeabi_cdrcmple                         0x08008951   Thumb Code     0  drleqf.o(x$fpl$drleqf)
    _drcmple                                 0x08008951   Thumb Code   108  drleqf.o(x$fpl$drleqf)
    __aeabi_drsub                            0x080089bd   Thumb Code     0  daddsub_clz.o(x$fpl$drsb)
    _drsb                                    0x080089bd   Thumb Code    22  daddsub_clz.o(x$fpl$drsb)
    _dsqrt                                   0x080089d5   Thumb Code   456  dsqrt_noumaal.o(x$fpl$dsqrt)
    __aeabi_dsub                             0x08008ba1   Thumb Code     0  daddsub_clz.o(x$fpl$dsub)
    _dsub                                    0x08008ba1   Thumb Code   464  daddsub_clz.o(x$fpl$dsub)
    __aeabi_f2d                              0x08008d75   Thumb Code     0  f2d.o(x$fpl$f2d)
    _f2d                                     0x08008d75   Thumb Code    86  f2d.o(x$fpl$f2d)
    __fpl_fnaninf                            0x08008dcb   Thumb Code   140  fnaninf.o(x$fpl$fnaninf)
    __fpl_fretinf                            0x08008e57   Thumb Code    10  fretinf.o(x$fpl$fretinf)
    __ieee_status                            0x08008e61   Thumb Code     6  istatus.o(x$fpl$ieeestatus)
    _printf_fp_dec                           0x08008e67   Thumb Code     4  printf1.o(x$fpl$printf1)
    __fpl_return_NaN                         0x08008e6b   Thumb Code   100  retnan.o(x$fpl$retnan)
    __ARM_scalbn                             0x08008ecf   Thumb Code    92  scalbn.o(x$fpl$scalbn)
    _scanf_real                              0x08008f2b   Thumb Code     4  scanf1.o(x$fpl$scanf1)
    _scanf_hex_real                          0x08008f2f   Thumb Code     4  scanf2.o(x$fpl$scanf2)
    _scanf_infnan                            0x08008f33   Thumb Code     4  scanf2.o(x$fpl$scanf2)
    __fpl_cmpreturn                          0x08008f37   Thumb Code    48  trapv.o(x$fpl$trapveneer)
    Timing_MonthDaysTable                    0x08008f66   Data          12  timinganddelay.o(.constdata)
    __I$use$fp                               0x08008f66   Number         0  usenofp.o(x$fpl$usenofp)
    UserConf_DefaultData                     0x08008f8c   Data          32  userconf.o(.constdata)
    __mathlib_zero                           0x08009080   Data           8  qnan.o(.constdata)
    Region$$Table$$Base                      0x0800911c   Number         0  anon$$obj.o(Region$$Table)
    Region$$Table$$Limit                     0x0800913c   Number         0  anon$$obj.o(Region$$Table)
    __aeabi_HUGE_VAL                         0x0800913c   Data           0  fpconst.o(c$$dinf)
    __aeabi_HUGE_VALL                        0x0800913c   Data           0  fpconst.o(c$$dinf)
    __aeabi_INFINITY                         0x0800913c   Data           0  fpconst.o(c$$dinf)
    __dInf                                   0x0800913c   Data           0  fpconst.o(c$$dinf)
    __huge_val                               0x0800913c   Data           0  fpconst.o(c$$dinf)
    __dbl_max                                0x08009144   Data           0  fpconst.o(c$$dmax)
    __ctype                                  0x08009159   Data           0  lc_ctype_c.o(locale$$data)
    SystemCoreClock                          0x20000000   Data           4  system_stm32f10x.o(.data)
    AHBPrescTable                            0x20000004   Data          16  system_stm32f10x.o(.data)
    TimingAndDelay_Millisecond               0x20000034   Data           4  timinganddelay.o(.data)
    UserConf_FlashData                       0x2000003c   Data           4  userconf.o(.data)
    USART1Periph                             0x200000c8   Data          60  hc-06.o(.data)
    DHT11_LastResult                         0x20000108   Data           8  dht11.o(.data)
    Timing_NowTime                           0x20000110   Data          12  timinganddelay.o(.bss)
    UserConf_Data                            0x2000011c   Data          32  userconf.o(.bss)
    __libspace_start                         0x20002284   Data          96  libspace.o(.bss)
    __temporary_stack_top$libspace           0x200022e4   Data           0  libspace.o(.bss)



==============================================================================

Memory Map of the image

  Image Entry point : 0x08000131

  Load Region LR_IROM1 (Base: 0x08000000, Size: 0x00009388, Max: 0x00010000, ABSOLUTE)

    Execution Region ER_IROM1 (Exec base: 0x08000000, Load base: 0x08000000, Size: 0x00009278, Max: 0x00010000, ABSOLUTE)

    Exec Addr    Load Addr    Size         Type   Attr      Idx    E Section Name        Object

    0x08000000   0x08000000   0x00000130   Data   RO          420    RESET               startup_stm32f10x_hd.o
    0x08000130   0x08000130   0x00000008   Code   RO          880  * !!!main             c_w.l(__main.o)
    0x08000138   0x08000138   0x00000034   Code   RO         1305    !!!scatter          c_w.l(__scatter.o)
    0x0800016c   0x0800016c   0x0000001a   Code   RO         1307    !!handler_copy      c_w.l(__scatter_copy.o)
    0x08000186   0x08000186   0x00000002   PAD
    0x08000188   0x08000188   0x0000001c   Code   RO         1309    !!handler_zi        c_w.l(__scatter_zi.o)
    0x080001a4   0x080001a4   0x00000000   Code   RO          861    .ARM.Collect$$_printf_percent$$00000000  c_w.l(_printf_percent.o)
    0x080001a4   0x080001a4   0x00000006   Code   RO          860    .ARM.Collect$$_printf_percent$$00000005  c_w.l(_printf_g.o)
    0x080001aa   0x080001aa   0x00000006   Code   RO          859    .ARM.Collect$$_printf_percent$$00000008  c_w.l(_printf_i.o)
    0x080001b0   0x080001b0   0x00000006   Code   RO          858    .ARM.Collect$$_printf_percent$$0000000C  c_w.l(_printf_x.o)
    0x080001b6   0x080001b6   0x00000004   Code   RO          974    .ARM.Collect$$_printf_percent$$00000017  c_w.l(_printf_percent_end.o)
    0x080001ba   0x080001ba   0x00000002   Code   RO         1214    .ARM.Collect$$libinit$$00000000  c_w.l(libinit.o)
    0x080001bc   0x080001bc   0x00000000   Code   RO          986    .ARM.Collect$$libinit$$00000002  c_w.l(libinit2.o)
    0x080001bc   0x080001bc   0x00000000   Code   RO          988    .ARM.Collect$$libinit$$00000004  c_w.l(libinit2.o)
    0x080001bc   0x080001bc   0x00000008   Code   RO          989    .ARM.Collect$$libinit$$00000005  c_w.l(libinit2.o)
    0x080001c4   0x080001c4   0x00000000   Code   RO          991    .ARM.Collect$$libinit$$0000000A  c_w.l(libinit2.o)
    0x080001c4   0x080001c4   0x00000000   Code   RO          993    .ARM.Collect$$libinit$$0000000C  c_w.l(libinit2.o)
    0x080001c4   0x080001c4   0x00000000   Code   RO          995    .ARM.Collect$$libinit$$0000000E  c_w.l(libinit2.o)
    0x080001c4   0x080001c4   0x00000006   Code   RO          996    .ARM.Collect$$libinit$$0000000F  c_w.l(libinit2.o)
    0x080001ca   0x080001ca   0x00000000   Code   RO          998    .ARM.Collect$$libinit$$00000011  c_w.l(libinit2.o)
    0x080001ca   0x080001ca   0x0000000c   Code   RO          999    .ARM.Collect$$libinit$$00000012  c_w.l(libinit2.o)
    0x080001d6   0x080001d6   0x00000000   Code   RO         1000    .ARM.Collect$$libinit$$00000013  c_w.l(libinit2.o)
    0x080001d6   0x080001d6   0x00000000   Code   RO         1002    .ARM.Collect$$libinit$$00000015  c_w.l(libinit2.o)
    0x080001d6   0x080001d6   0x0000000a   Code   RO         1003    .ARM.Collect$$libinit$$00000016  c_w.l(libinit2.o)
    0x080001e0   0x080001e0   0x00000000   Code   RO         1004    .ARM.Collect$$libinit$$00000017  c_w.l(libinit2.o)
    0x080001e0   0x080001e0   0x00000000   Code   RO         1006    .ARM.Collect$$libinit$$00000019  c_w.l(libinit2.o)
    0x080001e0   0x080001e0   0x00000000   Code   RO         1008    .ARM.Collect$$libinit$$0000001B  c_w.l(libinit2.o)
    0x080001e0   0x080001e0   0x00000000   Code   RO         1010    .ARM.Collect$$libinit$$0000001D  c_w.l(libinit2.o)
    0x080001e0   0x080001e0   0x00000000   Code   RO         1012    .ARM.Collect$$libinit$$0000001F  c_w.l(libinit2.o)
    0x080001e0   0x080001e0   0x00000000   Code   RO         1014    .ARM.Collect$$libinit$$00000021  c_w.l(libinit2.o)
    0x080001e0   0x080001e0   0x00000000   Code   RO         1016    .ARM.Collect$$libinit$$00000023  c_w.l(libinit2.o)
    0x080001e0   0x080001e0   0x00000000   Code   RO         1018    .ARM.Collect$$libinit$$00000025  c_w.l(libinit2.o)
    0x080001e0   0x080001e0   0x00000000   Code   RO         1022    .ARM.Collect$$libinit$$0000002C  c_w.l(libinit2.o)
    0x080001e0   0x080001e0   0x00000000   Code   RO         1024    .ARM.Collect$$libinit$$0000002E  c_w.l(libinit2.o)
    0x080001e0   0x080001e0   0x00000000   Code   RO         1026    .ARM.Collect$$libinit$$00000030  c_w.l(libinit2.o)
    0x080001e0   0x080001e0   0x00000000   Code   RO         1028    .ARM.Collect$$libinit$$00000032  c_w.l(libinit2.o)
    0x080001e0   0x080001e0   0x00000002   Code   RO         1029    .ARM.Collect$$libinit$$00000033  c_w.l(libinit2.o)
    0x080001e2   0x080001e2   0x00000002   Code   RO         1302    .ARM.Collect$$libshutdown$$00000000  c_w.l(libshutdown.o)
    0x080001e4   0x080001e4   0x00000000   Code   RO         1244    .ARM.Collect$$libshutdown$$00000002  c_w.l(libshutdown2.o)
    0x080001e4   0x080001e4   0x00000000   Code   RO         1246    .ARM.Collect$$libshutdown$$00000004  c_w.l(libshutdown2.o)
    0x080001e4   0x080001e4   0x00000000   Code   RO         1248    .ARM.Collect$$libshutdown$$00000006  c_w.l(libshutdown2.o)
    0x080001e4   0x080001e4   0x00000000   Code   RO         1251    .ARM.Collect$$libshutdown$$00000009  c_w.l(libshutdown2.o)
    0x080001e4   0x080001e4   0x00000000   Code   RO         1254    .ARM.Collect$$libshutdown$$0000000C  c_w.l(libshutdown2.o)
    0x080001e4   0x080001e4   0x00000000   Code   RO         1256    .ARM.Collect$$libshutdown$$0000000E  c_w.l(libshutdown2.o)
    0x080001e4   0x080001e4   0x00000000   Code   RO         1259    .ARM.Collect$$libshutdown$$00000011  c_w.l(libshutdown2.o)
    0x080001e4   0x080001e4   0x00000002   Code   RO         1260    .ARM.Collect$$libshutdown$$00000012  c_w.l(libshutdown2.o)
    0x080001e6   0x080001e6   0x00000000   Code   RO          932    .ARM.Collect$$rtentry$$00000000  c_w.l(__rtentry.o)
    0x080001e6   0x080001e6   0x00000000   Code   RO         1074    .ARM.Collect$$rtentry$$00000002  c_w.l(__rtentry2.o)
    0x080001e6   0x080001e6   0x00000006   Code   RO         1086    .ARM.Collect$$rtentry$$00000004  c_w.l(__rtentry4.o)
    0x080001ec   0x080001ec   0x00000000   Code   RO         1076    .ARM.Collect$$rtentry$$00000009  c_w.l(__rtentry2.o)
    0x080001ec   0x080001ec   0x00000004   Code   RO         1077    .ARM.Collect$$rtentry$$0000000A  c_w.l(__rtentry2.o)
    0x080001f0   0x080001f0   0x00000000   Code   RO         1079    .ARM.Collect$$rtentry$$0000000C  c_w.l(__rtentry2.o)
    0x080001f0   0x080001f0   0x00000008   Code   RO         1080    .ARM.Collect$$rtentry$$0000000D  c_w.l(__rtentry2.o)
    0x080001f8   0x080001f8   0x00000002   Code   RO         1227    .ARM.Collect$$rtexit$$00000000  c_w.l(rtexit.o)
    0x080001fa   0x080001fa   0x00000000   Code   RO         1278    .ARM.Collect$$rtexit$$00000002  c_w.l(rtexit2.o)
    0x080001fa   0x080001fa   0x00000004   Code   RO         1279    .ARM.Collect$$rtexit$$00000003  c_w.l(rtexit2.o)
    0x080001fe   0x080001fe   0x00000006   Code   RO         1280    .ARM.Collect$$rtexit$$00000004  c_w.l(rtexit2.o)
    0x08000204   0x08000204   0x00000000   Code   RO         1102    .emb_text           c_w.l(maybetermalloc1.o)
    0x08000204   0x08000204   0x00000158   Code   RO           17    .text               system_stm32f10x.o
    0x0800035c   0x0800035c   0x000000b0   Code   RO          114    .text               misc.o
    0x0800040c   0x0800040c   0x00000330   Code   RO          149    .text               stm32f10x_adc.o
    0x0800073c   0x0800073c   0x00000098   Code   RO          161    .text               stm32f10x_bkp.o
    0x080007d4   0x080007d4   0x000001c8   Code   RO          233    .text               stm32f10x_dma.o
    0x0800099c   0x0800099c   0x00000480   Code   RO          257    .text               stm32f10x_flash.o
    0x08000e1c   0x08000e1c   0x00000264   Code   RO          282    .text               stm32f10x_gpio.o
    0x08001080   0x08001080   0x000000ac   Code   RO          318    .text               stm32f10x_pwr.o
    0x0800112c   0x0800112c   0x000002b8   Code   RO          330    .text               stm32f10x_rcc.o
    0x080013e4   0x080013e4   0x00000110   Code   RO          344    .text               stm32f10x_rtc.o
    0x080014f4   0x080014f4   0x00000328   Code   RO          394    .text               stm32f10x_usart.o
    0x0800181c   0x0800181c   0x00000040   Code   RO          421    .text               startup_stm32f10x_hd.o
    0x0800185c   0x0800185c   0x0000004a   Code   RO          425    .text               main.o
    0x080018a6   0x080018a6   0x00000014   Code   RO          461    .text               stm32f10x_it.o
    0x080018ba   0x080018ba   0x00000002   PAD
    0x080018bc   0x080018bc   0x000001d0   Code   RO          476    .text               adc_dma.o
    0x08001a8c   0x08001a8c   0x000003bc   Code   RO          491    .text               usart.o
    0x08001e48   0x08001e48   0x000004ac   Code   RO          515    .text               timinganddelay.o
    0x080022f4   0x080022f4   0x000000f4   Code   RO          539    .text               userconf.o
    0x080023e8   0x080023e8   0x00001abc   Code   RO          567    .text               cjson.o
    0x08003ea4   0x08003ea4   0x000000a8   Code   RO          609    .text               memorymanage.o
    0x08003f4c   0x08003f4c   0x00000020   Code   RO          629    .text               sysinit.o
    0x08003f6c   0x08003f6c   0x00000550   Code   RO          650    .text               mq-3.o
    0x080044bc   0x080044bc   0x00000594   Code   RO          684    .text               hc-06.o
    0x08004a50   0x08004a50   0x000001ac   Code   RO          717    .text               dht11.o
    0x08004bfc   0x08004bfc   0x0000005e   Code   RO          741    .text               c_w.l(h1_alloc.o)
    0x08004c5a   0x08004c5a   0x0000004e   Code   RO          743    .text               c_w.l(h1_free.o)
    0x08004ca8   0x08004ca8   0x000000b8   Code   RO          745    .text               c_w.l(h1_realloc.o)
    0x08004d60   0x08004d60   0x000000ee   Code   RO          803    .text               c_w.l(lludivv7m.o)
    0x08004e4e   0x08004e4e   0x0000001a   Code   RO          805    .text               c_w.l(tolower.o)
    0x08004e68   0x08004e68   0x0000002c   Code   RO          807    .text               c_w.l(__2sprintf.o)
    0x08004e94   0x08004e94   0x0000004e   Code   RO          813    .text               c_w.l(_printf_pad.o)
    0x08004ee2   0x08004ee2   0x00000002   PAD
    0x08004ee4   0x08004ee4   0x00000078   Code   RO          815    .text               c_w.l(_printf_dec.o)
    0x08004f5c   0x08004f5c   0x00000058   Code   RO          820    .text               c_w.l(_printf_hex_int.o)
    0x08004fb4   0x08004fb4   0x00000138   Code   RO          850    .text               c_w.l(__printf_flags_wp.o)
    0x080050ec   0x080050ec   0x0000003c   Code   RO          862    .text               c_w.l(__0sscanf.o)
    0x08005128   0x08005128   0x00000048   Code   RO          864    .text               c_w.l(strcpy.o)
    0x08005170   0x08005170   0x0000003e   Code   RO          866    .text               c_w.l(strlen.o)
    0x080051ae   0x080051ae   0x00000096   Code   RO          868    .text               c_w.l(strncmp.o)
    0x08005244   0x08005244   0x0000008a   Code   RO          870    .text               c_w.l(rt_memcpy_v6.o)
    0x080052ce   0x080052ce   0x00000064   Code   RO          872    .text               c_w.l(rt_memcpy_w.o)
    0x08005332   0x08005332   0x0000004e   Code   RO          874    .text               c_w.l(rt_memclr_w.o)
    0x08005380   0x08005380   0x00000080   Code   RO          876    .text               c_w.l(strcmpv7m.o)
    0x08005400   0x08005400   0x00000006   Code   RO          878    .text               c_w.l(heapauxi.o)
    0x08005406   0x08005406   0x00000002   PAD
    0x08005408   0x08005408   0x00000010   Code   RO          933    .text               c_w.l(rt_ctype_table.o)
    0x08005418   0x08005418   0x00000008   Code   RO          942    .text               c_w.l(rt_heap_descriptor_intlibspace.o)
    0x08005420   0x08005420   0x00000004   Code   RO          944    .text               c_w.l(hguard.o)
    0x08005424   0x08005424   0x0000008a   Code   RO          946    .text               c_w.l(init_alloc.o)
    0x080054ae   0x080054ae   0x0000000e   Code   RO          950    .text               c_w.l(h1_init.o)
    0x080054bc   0x080054bc   0x00000016   Code   RO          964    .text               c_w.l(_rserrno.o)
    0x080054d2   0x080054d2   0x000000b2   Code   RO          966    .text               c_w.l(_printf_intcommon.o)
    0x08005584   0x08005584   0x0000041e   Code   RO          968    .text               c_w.l(_printf_fp_dec.o)
    0x080059a2   0x080059a2   0x00000002   PAD
    0x080059a4   0x080059a4   0x00000030   Code   RO          970    .text               c_w.l(_printf_char_common.o)
    0x080059d4   0x080059d4   0x0000000a   Code   RO          972    .text               c_w.l(_sputc.o)
    0x080059de   0x080059de   0x00000002   PAD
    0x080059e0   0x080059e0   0x000004f8   Code   RO          975    .text               c_w.l(scanf_fp.o)
    0x08005ed8   0x08005ed8   0x0000002c   Code   RO          977    .text               c_w.l(scanf_char.o)
    0x08005f04   0x08005f04   0x00000040   Code   RO          979    .text               c_w.l(_sgetc.o)
    0x08005f44   0x08005f44   0x000000a4   Code   RO          981    .text               c_w.l(strtod.o)
    0x08005fe8   0x08005fe8   0x00000008   Code   RO         1070    .text               c_w.l(libspace.o)
    0x08005ff0   0x08005ff0   0x00000008   Code   RO         1093    .text               c_w.l(rt_locale_intlibspace.o)
    0x08005ff8   0x08005ff8   0x00000008   Code   RO         1098    .text               c_w.l(rt_errno_addr_intlibspace.o)
    0x08006000   0x08006000   0x00000034   Code   RO         1104    .text               c_w.l(h1_extend.o)
    0x08006034   0x08006034   0x0000008a   Code   RO         1108    .text               c_w.l(lludiv10.o)
    0x080060be   0x080060be   0x00000012   Code   RO         1110    .text               c_w.l(isspace.o)
    0x080060d0   0x080060d0   0x00000080   Code   RO         1112    .text               c_w.l(_printf_fp_infnan.o)
    0x08006150   0x08006150   0x00000374   Code   RO         1116    .text               c_w.l(_scanf.o)
    0x080064c4   0x080064c4   0x000000e4   Code   RO         1118    .text               c_w.l(bigflt0.o)
    0x080065a8   0x080065a8   0x0000000e   Code   RO         1149    .text               c_w.l(defsig_rtmem_outer.o)
    0x080065b6   0x080065b6   0x00000002   Code   RO         1182    .text               c_w.l(use_no_semi.o)
    0x080065b8   0x080065b8   0x00000000   Code   RO         1184    .text               c_w.l(indicate_semi.o)
    0x080065b8   0x080065b8   0x0000004a   Code   RO         1185    .text               c_w.l(sys_stackheap_outer.o)
    0x08006602   0x08006602   0x00000002   PAD
    0x08006604   0x08006604   0x00000320   Code   RO         1191    .text               c_w.l(scanf_hexfp.o)
    0x08006924   0x08006924   0x00000134   Code   RO         1193    .text               c_w.l(scanf_infnan.o)
    0x08006a58   0x08006a58   0x00000012   Code   RO         1195    .text               c_w.l(exit.o)
    0x08006a6a   0x08006a6a   0x0000000a   Code   RO         1197    .text               c_w.l(defsig_exit.o)
    0x08006a74   0x08006a74   0x00000050   Code   RO         1203    .text               c_w.l(defsig_rtmem_inner.o)
    0x08006ac4   0x08006ac4   0x0000000c   Code   RO         1225    .text               c_w.l(sys_exit.o)
    0x08006ad0   0x08006ad0   0x00000026   Code   RO         1233    .text               c_w.l(llshl.o)
    0x08006af6   0x08006af6   0x0000001c   Code   RO         1235    .text               c_w.l(_chval.o)
    0x08006b12   0x08006b12   0x00000032   Code   RO         1239    .text               c_w.l(defsig_general.o)
    0x08006b44   0x08006b44   0x0000000e   Code   RO         1275    .text               c_w.l(sys_wrch.o)
    0x08006b52   0x08006b52   0x0000003e   Code   RO         1121    CL$$btod_d2e        c_w.l(btod.o)
    0x08006b90   0x08006b90   0x00000046   Code   RO         1123    CL$$btod_d2e_denorm_low  c_w.l(btod.o)
    0x08006bd6   0x08006bd6   0x00000060   Code   RO         1122    CL$$btod_d2e_norm_op1  c_w.l(btod.o)
    0x08006c36   0x08006c36   0x00000338   Code   RO         1131    CL$$btod_div_common  c_w.l(btod.o)
    0x08006f6e   0x08006f6e   0x00000002   PAD
    0x08006f70   0x08006f70   0x00000084   Code   RO         1129    CL$$btod_e2d        c_w.l(btod.o)
    0x08006ff4   0x08006ff4   0x000000dc   Code   RO         1128    CL$$btod_e2e        c_w.l(btod.o)
    0x080070d0   0x080070d0   0x0000002a   Code   RO         1125    CL$$btod_ediv       c_w.l(btod.o)
    0x080070fa   0x080070fa   0x0000002a   Code   RO         1127    CL$$btod_edivd      c_w.l(btod.o)
    0x08007124   0x08007124   0x0000002a   Code   RO         1124    CL$$btod_emul       c_w.l(btod.o)
    0x0800714e   0x0800714e   0x0000002a   Code   RO         1126    CL$$btod_emuld      c_w.l(btod.o)
    0x08007178   0x08007178   0x00000244   Code   RO         1130    CL$$btod_mult_common  c_w.l(btod.o)
    0x080073bc   0x080073bc   0x00000028   Code   RO         1055    i.__ARM_fpclassify  m_ws.l(fpclassify.o)
    0x080073e4   0x080073e4   0x000000aa   Code   RO         1057    i.__kernel_poly     m_ws.l(poly.o)
    0x0800748e   0x0800748e   0x00000002   PAD
    0x08007490   0x08007490   0x00000010   Code   RO         1041    i.__mathlib_dbl_divzero  m_ws.l(dunder.o)
    0x080074a0   0x080074a0   0x00000004   Code   RO         1043    i.__mathlib_dbl_infnan2  m_ws.l(dunder.o)
    0x080074a4   0x080074a4   0x0000000c   Code   RO         1044    i.__mathlib_dbl_invalid  m_ws.l(dunder.o)
    0x080074b0   0x080074b0   0x0000000e   Code   RO         1045    i.__mathlib_dbl_overflow  m_ws.l(dunder.o)
    0x080074be   0x080074be   0x00000002   PAD
    0x080074c0   0x080074c0   0x00000010   Code   RO         1047    i.__mathlib_dbl_underflow  m_ws.l(dunder.o)
    0x080074d0   0x080074d0   0x00000010   Code   RO         1176    i.__mathlib_narrow  m_ws.l(narrow.o)
    0x080074e0   0x080074e0   0x000000bc   Code   RO         1177    i.__mathlib_tofloat  m_ws.l(narrow.o)
    0x0800759c   0x0800759c   0x00000016   Code   RO         1264    i.__support_ldexp   m_ws.l(ldexp.o)
    0x080075b2   0x080075b2   0x0000000e   Code   RO          848    i._is_digit         c_w.l(__printf_wp.o)
    0x080075c0   0x080075c0   0x00000058   Code   RO         1222    i.frexp             m_ws.l(frexp.o)
    0x08007618   0x08007618   0x00000074   Code   RO         1265    i.ldexp             m_ws.l(ldexp.o)
    0x0800768c   0x0800768c   0x000009d8   Code   RO          917    i.pow               m_ws.l(pow.o)
    0x08008064   0x08008064   0x0000004c   Code   RO         1061    i.sqrt              m_ws.l(sqrt.o)
    0x080080b0   0x080080b0   0x0000001c   Code   RO          927    i.strtod            m_ws.l(strtod.o)
    0x080080cc   0x080080cc   0x0000002c   Code   RO         1144    locale$$code        c_w.l(lc_ctype_c.o)
    0x080080f8   0x080080f8   0x0000002c   Code   RO         1147    locale$$code        c_w.l(lc_numeric_c.o)
    0x08008124   0x08008124   0x00000062   Code   RO         1215    x$fpl$d2f           fz_ws.l(d2f.o)
    0x08008186   0x08008186   0x00000002   PAD
    0x08008188   0x08008188   0x00000150   Code   RO          882    x$fpl$dadd          fz_ws.l(daddsub_clz.o)
    0x080082d8   0x080082d8   0x00000010   Code   RO         1030    x$fpl$dcheck1       fz_ws.l(dcheck1.o)
    0x080082e8   0x080082e8   0x00000018   Code   RO         1032    x$fpl$dcmpinf       fz_ws.l(dcmpi.o)
    0x08008300   0x08008300   0x000002b0   Code   RO          889    x$fpl$ddiv          fz_ws.l(ddiv.o)
    0x080085b0   0x080085b0   0x00000078   Code   RO         1217    x$fpl$deqf          fz_ws.l(deqf.o)
    0x08008628   0x08008628   0x0000005e   Code   RO          892    x$fpl$dfix          fz_ws.l(dfix.o)
    0x08008686   0x08008686   0x0000002e   Code   RO          897    x$fpl$dflt          fz_ws.l(dflt_clz.o)
    0x080086b4   0x080086b4   0x00000026   Code   RO          896    x$fpl$dfltu         fz_ws.l(dflt_clz.o)
    0x080086da   0x080086da   0x00000002   PAD
    0x080086dc   0x080086dc   0x00000078   Code   RO          902    x$fpl$dleqf         fz_ws.l(dleqf.o)
    0x08008754   0x08008754   0x00000154   Code   RO          904    x$fpl$dmul          fz_ws.l(dmul.o)
    0x080088a8   0x080088a8   0x0000009c   Code   RO         1034    x$fpl$dnaninf       fz_ws.l(dnaninf.o)
    0x08008944   0x08008944   0x0000000c   Code   RO         1036    x$fpl$dretinf       fz_ws.l(dretinf.o)
    0x08008950   0x08008950   0x0000006c   Code   RO          906    x$fpl$drleqf        fz_ws.l(drleqf.o)
    0x080089bc   0x080089bc   0x00000016   Code   RO          883    x$fpl$drsb          fz_ws.l(daddsub_clz.o)
    0x080089d2   0x080089d2   0x00000002   PAD
    0x080089d4   0x080089d4   0x000001cc   Code   RO         1158    x$fpl$dsqrt         fz_ws.l(dsqrt_noumaal.o)
    0x08008ba0   0x08008ba0   0x000001d4   Code   RO          884    x$fpl$dsub          fz_ws.l(daddsub_clz.o)
    0x08008d74   0x08008d74   0x00000056   Code   RO          908    x$fpl$f2d           fz_ws.l(f2d.o)
    0x08008dca   0x08008dca   0x0000008c   Code   RO         1038    x$fpl$fnaninf       fz_ws.l(fnaninf.o)
    0x08008e56   0x08008e56   0x0000000a   Code   RO         1261    x$fpl$fretinf       fz_ws.l(fretinf.o)
    0x08008e60   0x08008e60   0x00000006   Code   RO         1166    x$fpl$ieeestatus    fz_ws.l(istatus.o)
    0x08008e66   0x08008e66   0x00000004   Code   RO          910    x$fpl$printf1       fz_ws.l(printf1.o)
    0x08008e6a   0x08008e6a   0x00000064   Code   RO         1168    x$fpl$retnan        fz_ws.l(retnan.o)
    0x08008ece   0x08008ece   0x0000005c   Code   RO          912    x$fpl$scalbn        fz_ws.l(scalbn.o)
    0x08008f2a   0x08008f2a   0x00000004   Code   RO          914    x$fpl$scanf1        fz_ws.l(scanf1.o)
    0x08008f2e   0x08008f2e   0x00000008   Code   RO         1170    x$fpl$scanf2        fz_ws.l(scanf2.o)
    0x08008f36   0x08008f36   0x00000030   Code   RO         1219    x$fpl$trapveneer    fz_ws.l(trapv.o)
    0x08008f66   0x08008f66   0x00000000   Code   RO         1040    x$fpl$usenofp       fz_ws.l(usenofp.o)
    0x08008f66   0x08008f66   0x00000024   Data   RO          517    .constdata          timinganddelay.o
    0x08008f8a   0x08008f8a   0x00000002   PAD
    0x08008f8c   0x08008f8c   0x00000020   Data   RO          541    .constdata          userconf.o
    0x08008fac   0x08008fac   0x00000010   Data   RO          652    .constdata          mq-3.o
    0x08008fbc   0x08008fbc   0x00000028   Data   RO          821    .constdata          c_w.l(_printf_hex_int.o)
    0x08008fe4   0x08008fe4   0x00000011   Data   RO          851    .constdata          c_w.l(__printf_flags_wp.o)
    0x08008ff5   0x08008ff5   0x00000003   PAD
    0x08008ff8   0x08008ff8   0x00000088   Data   RO          918    .constdata          m_ws.l(pow.o)
    0x08009080   0x08009080   0x00000008   Data   RO         1059    .constdata          m_ws.l(qnan.o)
    0x08009088   0x08009088   0x00000094   Data   RO         1119    .constdata          c_w.l(bigflt0.o)
    0x0800911c   0x0800911c   0x00000020   Data   RO         1303    Region$$Table       anon$$obj.o
    0x0800913c   0x0800913c   0x00000008   Data   RO         1160    c$$dinf             fz_ws.l(fpconst.o)
    0x08009144   0x08009144   0x00000008   Data   RO         1163    c$$dmax             fz_ws.l(fpconst.o)
    0x0800914c   0x0800914c   0x00000110   Data   RO         1143    locale$$data        c_w.l(lc_ctype_c.o)
    0x0800925c   0x0800925c   0x0000001c   Data   RO         1146    locale$$data        c_w.l(lc_numeric_c.o)


    Execution Region RW_IRAM1 (Exec base: 0x20000000, Load base: 0x08009278, Size: 0x000026e8, Max: 0x00005000, ABSOLUTE)

    Exec Addr    Load Addr    Size         Type   Attr      Idx    E Section Name        Object

    0x20000000   0x08009278   0x00000014   Data   RW           18    .data               system_stm32f10x.o
    0x20000014   0x0800928c   0x00000014   Data   RW          331    .data               stm32f10x_rcc.o
    0x20000028   0x080092a0   0x0000000c   Data   RW          492    .data               usart.o
    0x20000034   0x080092ac   0x00000008   Data   RW          518    .data               timinganddelay.o
    0x2000003c   0x080092b4   0x00000008   Data   RW          542    .data               userconf.o
    0x20000044   0x080092bc   0x00000014   Data   RW          569    .data               cjson.o
    0x20000058   0x080092d0   0x00000068   Data   RW          653    .data               mq-3.o
    0x200000c0   0x08009338   0x00000044   Data   RW          687    .data               hc-06.o
    0x20000104   0x0800937c   0x0000000c   Data   RW          718    .data               dht11.o
    0x20000110        -       0x0000000c   Zero   RW          516    .bss                timinganddelay.o
    0x2000011c        -       0x00000020   Zero   RW          540    .bss                userconf.o
    0x2000013c        -       0x0000000f   Zero   RW          568    .bss                cjson.o
    0x2000014b   0x08009388   0x00000015   PAD
    0x20000160        -       0x00002000   Zero   RW          610    .bss                memorymanage.o
    0x20002160        -       0x000000a4   Zero   RW          651    .bss                mq-3.o
    0x20002204        -       0x00000080   Zero   RW          685    .bss                hc-06.o
    0x20002284        -       0x00000060   Zero   RW         1071    .bss                c_w.l(libspace.o)
    0x200022e4   0x08009388   0x00000004   PAD
    0x200022e8        -       0x00000200   Zero   RW          419    HEAP                startup_stm32f10x_hd.o
    0x200024e8        -       0x00000200   Zero   RW          418    STACK               startup_stm32f10x_hd.o


==============================================================================

Image component sizes


      Code (inc. data)   RO Data    RW Data    ZI Data      Debug   Object Name

       464         38          0          0          0       2134   adc_dma.o
      6844        156          0         20         15      46553   cjson.o
         0          0          0          0          0       4540   core_cm3.o
       428         14          0         12          0       3062   dht11.o
      1428        234          0         68        128       5950   hc-06.o
        74          0          0          0          0       1970   main.o
       168          6          0          0       8192       2785   memorymanage.o
       176         14          0          0          0     214305   misc.o
      1360         90         16        104        164      10514   mq-3.o
        64         26        304          0       1024        812   startup_stm32f10x_hd.o
       816         24          0          0          0      11333   stm32f10x_adc.o
       152          8          0          0          0       3472   stm32f10x_bkp.o
       456         10          0          0          0       4638   stm32f10x_dma.o
      1152         22          0          0          0       9236   stm32f10x_flash.o
       612         36          0          0          0       6009   stm32f10x_gpio.o
        20          0          0          0          0       1250   stm32f10x_it.o
       172         12          0          0          0       1979   stm32f10x_pwr.o
       696         32          0         20          0       8996   stm32f10x_rcc.o
       272          6          0          0          0       3208   stm32f10x_rtc.o
       808         22          0          0          0       8876   stm32f10x_usart.o
        32         10          0          0          0       1855   sysinit.o
       344         34          0         20          0      41191   system_stm32f10x.o
      1196         32         36          8         12      21004   timinganddelay.o
       956         16          0         12          0       7649   usart.o
       244         24         32          8         32      17443   userconf.o

    ----------------------------------------------------------------------
     18936        866        422        272       9588     440764   Object Totals
         0          0         32          0          0          0   (incl. Generated)
         2          0          2          0         21          0   (incl. Padding)

    ----------------------------------------------------------------------

      Code (inc. data)   RO Data    RW Data    ZI Data      Debug   Library Member Name

        60          8          0          0          0         84   __0sscanf.o
        44          6          0          0          0         84   __2sprintf.o
         8          0          0          0          0         68   __main.o
       312          4         17          0          0         92   __printf_flags_wp.o
        14          0          0          0          0         68   __printf_wp.o
         0          0          0          0          0          0   __rtentry.o
        12          0          0          0          0          0   __rtentry2.o
         6          0          0          0          0          0   __rtentry4.o
        52          8          0          0          0          0   __scatter.o
        26          0          0          0          0          0   __scatter_copy.o
        28          0          0          0          0          0   __scatter_zi.o
        28          0          0          0          0         68   _chval.o
        48          6          0          0          0         96   _printf_char_common.o
       120         16          0          0          0         92   _printf_dec.o
      1054          0          0          0          0        216   _printf_fp_dec.o
       128         16          0          0          0         84   _printf_fp_infnan.o
         6          0          0          0          0          0   _printf_g.o
        88          4         40          0          0         88   _printf_hex_int.o
         6          0          0          0          0          0   _printf_i.o
       178          0          0          0          0         88   _printf_intcommon.o
        78          0          0          0          0        108   _printf_pad.o
         0          0          0          0          0          0   _printf_percent.o
         4          0          0          0          0          0   _printf_percent_end.o
         6          0          0          0          0          0   _printf_x.o
        22          0          0          0          0        100   _rserrno.o
       884          4          0          0          0        100   _scanf.o
        64          0          0          0          0         84   _sgetc.o
        10          0          0          0          0         68   _sputc.o
       228          4        148          0          0         96   bigflt0.o
      2152        136          0          0          0        960   btod.o
        10          0          0          0          0         68   defsig_exit.o
        50          0          0          0          0         88   defsig_general.o
        80         58          0          0          0         76   defsig_rtmem_inner.o
        14          0          0          0          0         80   defsig_rtmem_outer.o
        18          0          0          0          0         80   exit.o
        94          0          0          0          0         80   h1_alloc.o
        52          0          0          0          0         68   h1_extend.o
        78          0          0          0          0         80   h1_free.o
        14          0          0          0          0         84   h1_init.o
       184          0          0          0          0         92   h1_realloc.o
         6          0          0          0          0        152   heapauxi.o
         4          0          0          0          0        136   hguard.o
         0          0          0          0          0          0   indicate_semi.o
       138          0          0          0          0        168   init_alloc.o
        18          0          0          0          0         76   isspace.o
        44         10        272          0          0         76   lc_ctype_c.o
        44         10         28          0          0         76   lc_numeric_c.o
         2          0          0          0          0          0   libinit.o
        38          0          0          0          0          0   libinit2.o
         2          0          0          0          0          0   libshutdown.o
         2          0          0          0          0          0   libshutdown2.o
         8          4          0          0         96         68   libspace.o
        38          0          0          0          0         68   llshl.o
       138          0          0          0          0         80   lludiv10.o
       238          0          0          0          0        100   lludivv7m.o
         0          0          0          0          0          0   maybetermalloc1.o
        16          4          0          0          0         76   rt_ctype_table.o
         8          4          0          0          0         68   rt_errno_addr_intlibspace.o
         8          4          0          0          0         68   rt_heap_descriptor_intlibspace.o
         8          4          0          0          0         68   rt_locale_intlibspace.o
        78          0          0          0          0         80   rt_memclr_w.o
       138          0          0          0          0         68   rt_memcpy_v6.o
       100          0          0          0          0         80   rt_memcpy_w.o
         2          0          0          0          0          0   rtexit.o
        10          0          0          0          0          0   rtexit2.o
        44          8          0          0          0         84   scanf_char.o
      1272         16          0          0          0        168   scanf_fp.o
       800         14          0          0          0        100   scanf_hexfp.o
       308         16          0          0          0        100   scanf_infnan.o
       128          0          0          0          0         68   strcmpv7m.o
        72          0          0          0          0         80   strcpy.o
        62          0          0          0          0         76   strlen.o
       150          0          0          0          0         80   strncmp.o
       164         14          0          0          0        120   strtod.o
        12          4          0          0          0         68   sys_exit.o
        74          0          0          0          0         80   sys_stackheap_outer.o
        14          0          0          0          0         76   sys_wrch.o
        26          0          0          0          0         76   tolower.o
         2          0          0          0          0         68   use_no_semi.o
        98          4          0          0          0         92   d2f.o
       826         16          0          0          0        348   daddsub_clz.o
        16          4          0          0          0         68   dcheck1.o
        24          0          0          0          0         68   dcmpi.o
       688        140          0          0          0        208   ddiv.o
       120          4          0          0          0         92   deqf.o
        94          4          0          0          0         92   dfix.o
        84          0          0          0          0        136   dflt_clz.o
       120          4          0          0          0         92   dleqf.o
       340         12          0          0          0        104   dmul.o
       156          4          0          0          0         92   dnaninf.o
        12          0          0          0          0         68   dretinf.o
       108          0          0          0          0         80   drleqf.o
       460         56          0          0          0        120   dsqrt_noumaal.o
        86          4          0          0          0         84   f2d.o
       140          4          0          0          0         84   fnaninf.o
         0          0         16          0          0          0   fpconst.o
        10          0          0          0          0         68   fretinf.o
         6          0          0          0          0         68   istatus.o
         4          0          0          0          0         68   printf1.o
       100          0          0          0          0         68   retnan.o
        92          0          0          0          0         68   scalbn.o
         4          0          0          0          0         68   scanf1.o
         8          0          0          0          0         84   scanf2.o
        48          0          0          0          0         68   trapv.o
         0          0          0          0          0          0   usenofp.o
        62         10          0          0          0        340   dunder.o
        40          0          0          0          0         68   fpclassify.o
        88          8          0          0          0         76   frexp.o
       138          0          0          0          0        160   ldexp.o
       204          4          0          0          0        168   narrow.o
       170          0          0          0          0         96   poly.o
      2520        190        136          0          0        324   pow.o
         0          0          8          0          0          0   qnan.o
        76          0          0          0          0         84   sqrt.o
        28          0          0          0          0         80   strtod.o

    ----------------------------------------------------------------------
     17470        852        668          0        100       9976   Library Totals
        24          2          3          0          4          0   (incl. Padding)

    ----------------------------------------------------------------------

      Code (inc. data)   RO Data    RW Data    ZI Data      Debug   Library Name

     10476        382        505          0         96       6192   c_w.l
      3644        256         16          0          0       2388   fz_ws.l
      3326        212        144          0          0       1396   m_ws.l

    ----------------------------------------------------------------------
     17470        852        668          0        100       9976   Library Totals

    ----------------------------------------------------------------------

==============================================================================


      Code (inc. data)   RO Data    RW Data    ZI Data      Debug   

     36406       1718       1090        272       9688     441428   Grand Totals
     36406       1718       1090        272       9688     441428   ELF Image Totals
     36406       1718       1090        272          0          0   ROM Totals

==============================================================================

    Total RO  Size (Code + RO Data)                37496 (  36.62kB)
    Total RW  Size (RW Data + ZI Data)              9960 (   9.73kB)
    Total ROM Size (Code + RO Data + RW Data)      37768 (  36.88kB)

==============================================================================

