Component: ARM Compiler 5.06 update 6 (build 750) Tool: armlink [4d35ed]

==============================================================================

Section Cross References

    boot_vectors.o(RESET) refers to boot_vectors.o(STACK) for __initial_sp
    boot_vectors.o(RESET) refers to boot_vectors.o(.text) for Reset_Handler
    boot_vectors.o(RESET) refers to rwble.o(.text) for BLE_WAKEUP_LP_Handler
    boot_vectors.o(RESET) refers to pwm.o(.text) for SWTIM_Handler
    boot_vectors.o(RESET) refers to wkupct_quadec.o(.text) for WKUP_QUADEC_Handler
    boot_vectors.o(RESET) refers to uart2.o(.text) for UART2_Handler
    boot_vectors.o(RESET) refers to gpio.o(.text) for GPIO0_Handler
    boot_vectors.o(.text) refers to system_armcm0.o(.text) for SystemInit
    boot_vectors.o(.text) refers to entry.o(.ARM.Collect$$$$00000000) for __main
    boot_vectors.o(.text) refers to nmi_handler.o(.text) for NMI_HandlerC
    boot_vectors.o(.text) refers to hardfault_handler.o(.text) for HardFault_HandlerC
    boot_vectors.o(.text) refers to arch_patch.o(.text) for SVC_Handler_c
    nvds.o(.text) refers to nvds.o(retention_mem_area0) for retention_mem_area0
    arch_main.o(.text) refers to lis2ds12_acc_driver.o(.text) for LIS2DS12_ACC_W_LIR
    arch_main.o(.text) refers to arch_system.o(.text) for system_init
    arch_main.o(.text) refers to i2c_eeprom.o(.text) for i2c_eeprom_init
    arch_main.o(.text) refers to rwip.o(.text) for rwip_sleep
    arch_main.o(.text) refers to fk_oled.o(.text) for oled_display
    arch_main.o(.text) refers to uart2.o(.text) for uart2_write
    arch_main.o(.text) refers to my_timer.o(.text) for timer_process
    arch_main.o(.text) refers to arch_main.o(.bss) for .bss
    arch_main.o(.text) refers to fk_oled.o(.data) for Steps
    arch_main.o(.text) refers to jump_table.o(jump_table_mem_area) for jump_table_base
    arch_main.o(.text) refers to rwble.o(retention_mem_area0) for fine_hit
    arch_main.o(.text) refers to my_timer.o(.bss) for StepFlag
    arch_main.o(.text) refers to arch_main.o(.data) for .data
    arch_main.o(.constdata) refers to user_profile.o(.text) for user_app_init
    jump_table.o(jump_table_mem_area) refers to arch_main.o(.text) for main_func
    jump_table.o(jump_table_mem_area) refers to rf_580.o(.text) for rf_init_func
    jump_table.o(jump_table_mem_area) refers to prf_utils.o(.text) for prf_init_func
    jump_table.o(jump_table_mem_area) refers to arch_system.o(.text) for uart_flow_off_func
    jump_table.o(jump_table_mem_area) refers to rwble.o(.text) for lld_sleep_compensate_func_patched
    jump_table.o(jump_table_mem_area) refers to jump_table.o(heap_mem_area_not_ret) for rwip_heap_non_ret
    jump_table.o(jump_table_mem_area) refers to jump_table.o(heap_env_area) for rwip_heap_env_ret
    jump_table.o(jump_table_mem_area) refers to jump_table.o(heap_db_area) for rwip_heap_db_ret
    jump_table.o(jump_table_mem_area) refers to jump_table.o(heap_msg_area) for rwip_heap_msg_ret
    jump_table.o(jump_table_mem_area) refers to ke_task.obj(.text) for ke_task_init_func
    jump_table.o(jump_table_mem_area) refers to nvds.o(.text) for custom_nvds_get_func
    jump_table.o(jump_table_mem_area) refers to jump_table.o(.constdata) for LUT_CFG
    arch_sleep.o(.text) refers to arch_sleep.o(retention_mem_area0) for retention_mem_area0
    arch_sleep.o(.text) refers to arch_sleep.o(.text) for arch_set_deep_sleep
    arch_sleep.o(.text) refers to arch_sleep.o(retention_mem_area0) for retention_mem_area0
    arch_sleep.o(.text) refers to arch_sleep.o(.text) for arch_get_sleep_mode
    arch_sleep.o(.text) refers to arch_sleep.o(.text) for arch_disable_sleep
    arch_sleep.o(.text) refers to arch_sleep.o(retention_mem_area0) for retention_mem_area0
    arch_sleep.o(.text) refers to arch_sleep.o(retention_mem_area0) for retention_mem_area0
    arch_sleep.o(.text) refers to arch_sleep.o(retention_mem_area0) for retention_mem_area0
    arch_sleep.o(.text) refers to rwble.o(retention_mem_area0) for arch_rwble_last_event
    arch_system.o(.text) refers to trng.o(.text) for trng_acquire
    arch_system.o(.text) refers to gpio.o(.text) for GPIO_init
    arch_system.o(.text) refers to nvds.o(.text) for nvds_read_bdaddr_from_otp
    arch_system.o(.text) refers to user_periph_setup.o(.text) for periph_init
    arch_system.o(.text) refers to rf_580.o(.text) for iq_trim_from_otp
    arch_system.o(.text) refers to arch_patch.o(.text) for patch_llm_task
    arch_system.o(.text) refers to llc.obj(.text) for patch_llc_task
    arch_system.o(.text) refers to atts_task.obj(.text) for patch_atts_task
    arch_system.o(.text) refers to gapc_task.obj(.text) for patch_gapc_task
    arch_system.o(.text) refers to arch_sleep.o(.text) for arch_disable_sleep
    arch_system.o(.text) refers to app.o(.text) for app_init
    arch_system.o(.text) refers to user_profile.o(.text) for user_app_init
    arch_system.o(.text) refers to arch_system.o(retention_mem_area0) for retention_mem_area0
[...]
    lcd_cs_high                              0x2000279f   Thumb Code    12  spi.o(.text)
    spi_init                                 0x200027ab   Thumb Code   142  spi.o(.text)
    spi_set_bitmode                          0x20002839   Thumb Code    34  spi.o(.text)
    spi_release                              0x2000285b   Thumb Code    38  spi.o(.text)
    spi_access                               0x20002881   Thumb Code    48  spi.o(.text)
    spi_transaction                          0x200028b1   Thumb Code    24  spi.o(.text)
    i2c_eeprom_init                          0x200028d1   Thumb Code    76  i2c_eeprom.o(.text)
    i2c_eeprom_release                       0x2000291d   Thumb Code    20  i2c_eeprom.o(.text)
    i2c_wait_until_eeprom_ready              0x20002931   Thumb Code    56  i2c_eeprom.o(.text)
    i2c_eeprom_read_byte                     0x200029ad   Thumb Code    88  i2c_eeprom.o(.text)
    i2c_eeprom_read_data                     0x20002a75   Thumb Code    90  i2c_eeprom.o(.text)
    i2c_eeprom_write_byte                    0x20002acf   Thumb Code    74  i2c_eeprom.o(.text)
    i2c_eeprom_write_page                    0x20002b19   Thumb Code   130  i2c_eeprom.o(.text)
    i2c_eeprom_write_data                    0x20002b9b   Thumb Code    82  i2c_eeprom.o(.text)
    uart2_init                               0x20002c73   Thumb Code    92  uart2.o(.text)
    uart2_finish_transfers                   0x20002ccf   Thumb Code    28  uart2.o(.text)
    uart2_write                              0x20002ceb   Thumb Code    34  uart2.o(.text)
    UART2_Handler                            0x20002d0d   Thumb Code   318  uart2.o(.text)
    timer0_init                              0x20002e81   Thumb Code    64  pwm.o(.text)
    timer0_enable_irq                        0x20002ec1   Thumb Code    10  pwm.o(.text)
    SWTIM_Handler                            0x20002ecb   Thumb Code    12  pwm.o(.text)
    iq_trim_from_otp                         0x20002ee9   Thumb Code    58  rf_580.o(.text)
    rf_reg_rd                                0x20002f23   Thumb Code     4  rf_580.o(.text)
    rf_reg_wr                                0x20002f27   Thumb Code     2  rf_580.o(.text)
    rf_reset                                 0x20002f29   Thumb Code     2  rf_580.o(.text)
    rf_force_agc_enable                      0x20002f2b   Thumb Code     2  rf_580.o(.text)
    rf_txpwr_dbm_get                         0x20002f2d   Thumb Code     4  rf_580.o(.text)
    rf_nfm_is_enabled                        0x20002f41   Thumb Code     6  rf_580.o(.text)
    rf_regs                                  0x20002f47   Thumb Code   206  rf_580.o(.text)
    rf_init_func                             0x20003019   Thumb Code   136  rf_580.o(.text)
    rf_reinit_func                           0x200030a1   Thumb Code   106  rf_580.o(.text)
    lld_sleep_compensate_func_patched        0x200031e9   Thumb Code    48  rwble.o(.text)
    skip_slave_latency_patch                 0x20003219   Thumb Code   336  rwble.o(.text)
    power_up                                 0x20003369   Thumb Code    70  rwble.o(.text)
    BLE_WAKEUP_LP_Handler                    0x200033af   Thumb Code    98  rwble.o(.text)
    BLE_SLP_Handler                          0x20003411   Thumb Code   104  rwble.o(.text)
    BLE_CSCNT_Handler                        0x20003487   Thumb Code    18  rwble.o(.text)
    BLE_FINETGTIM_Handler                    0x20003499   Thumb Code    14  rwble.o(.text)
    BLE_RX_Handler                           0x200034a7   Thumb Code    14  rwble.o(.text)
    BLE_EVENT_Handler                        0x200034b5   Thumb Code    64  rwble.o(.text)
    BLE_RF_DIAG_Handler                      0x200034f5   Thumb Code    80  rwble.o(.text)
    rwip_sleep                               0x200035bf   Thumb Code   392  rwip.o(.text)
    diss_init                                0x20003771   Thumb Code    28  diss.o(.text)
    diss_compute_cfg_flag                    0x2000378d   Thumb Code    40  diss.o(.text)
    diss_check_val_len                       0x200037b5   Thumb Code    48  diss.o(.text)
    diss_disable                             0x200037e5   Thumb Code    42  diss.o(.text)
    prf_server_error_ind_send                0x2000392d   Thumb Code    42  prf_utils.o(.text)
    prf_server_send_event                    0x20003957   Thumb Code    42  prf_utils.o(.text)
    prf_init_func                            0x200039b7   Thumb Code    70  prf_utils.o(.text)
    prf_cleanup_func                         0x200039fd   Thumb Code   102  prf_utils.o(.text)
    custs1_init                              0x20003a71   Thumb Code    28  custs1.o(.text)
    custs1_disable                           0x20003a8d   Thumb Code    42  custs1.o(.text)
    get_cfg_handle                           0x200041b1   Thumb Code    70  custom_common.o(.text)
    spotar_init                              0x20004201   Thumb Code    32  spotar.o(.text)
    spotar_disable                           0x20004221   Thumb Code    42  spotar.o(.text)
    default_app_on_init                      0x200046e9   Thumb Code    22  app_default_handlers.o(.text)
    default_app_on_connection                0x200046ff   Thumb Code    30  app_default_handlers.o(.text)
    default_app_on_set_dev_config_complete   0x2000471d   Thumb Code    16  app_default_handlers.o(.text)
    default_app_on_db_init_complete          0x2000472d   Thumb Code     8  app_default_handlers.o(.text)
    app_prf_enable                           0x20004763   Thumb Code   186  app.o(.text)
    app_easy_gap_advertise_stop              0x20004ac3   Thumb Code    24  app.o(.text)
    app_init                                 0x20004adb   Thumb Code    50  app.o(.text)
    app_easy_gap_disconnect                  0x20004b0d   Thumb Code   106  app.o(.text)
    app_easy_gap_confirm                     0x20004b77   Thumb Code    38  app.o(.text)
    app_easy_gap_undirected_advertise_get_active 0x20004b9d   Thumb Code     2  app.o(.text)
    app_easy_gap_undirected_advertise_start  0x20004b9f   Thumb Code    26  app.o(.text)
    app_easy_gap_param_update_start          0x20004bb9   Thumb Code    32  app.o(.text)
    app_db_init_start                        0x20004bd9   Thumb Code    16  app.o(.text)
    app_db_init                              0x20004be9   Thumb Code     2  app.o(.text)
    app_easy_gap_dev_configure               0x20004beb   Thumb Code    18  app.o(.text)
    get_user_prf_srv_perm                    0x20004bfd   Thumb Code    32  app.o(.text)
    prf_init_srv_perm                        0x20004c1d   Thumb Code    30  app.o(.text)
    app_gap_process_handler                  0x20004db9   Thumb Code    32  app_task.o(.text)
    app_dis_init                             0x20004de9   Thumb Code     2  app_diss.o(.text)
    app_diss_create_db                       0x20004deb   Thumb Code    26  app_diss.o(.text)
    app_diss_enable                          0x20004e05   Thumb Code    40  app_diss.o(.text)
    app_diss_process_handler                 0x20004f57   Thumb Code    32  app_diss_task.o(.text)
    app_spotar_init                          0x20004fb1   Thumb Code    24  app_spotar.o(.text)
    app_spotar_reset                         0x20004fc9   Thumb Code    12  app_spotar.o(.text)
    app_spotar_create_db                     0x20004fd5   Thumb Code    24  app_spotar.o(.text)
    app_spotar_enable                        0x20004fed   Thumb Code    46  app_spotar.o(.text)
    spotar_send_status_update_req            0x2000501b   Thumb Code    32  app_spotar.o(.text)
    app_spotar_stop                          0x2000503b   Thumb Code    36  app_spotar.o(.text)
    app_spotar_i2c_config                    0x2000505f   Thumb Code    70  app_spotar.o(.text)
    app_spi_flash_init                       0x200050a5   Thumb Code    70  app_spotar.o(.text)
    app_spotar_spi_config                    0x200050eb   Thumb Code   130  app_spotar.o(.text)
    app_set_image_valid_flag                 0x2000516d   Thumb Code    90  app_spotar.o(.text)
    app_spotar_start                         0x200051c7   Thumb Code    44  app_spotar.o(.text)
    app_spotar_read_mem                      0x200051f3   Thumb Code   224  app_spotar.o(.text)
    spotar_send_mem_info_update_req          0x200052d3   Thumb Code    26  app_spotar.o(.text)
    app_spotar_pd_hdlr                       0x200052ed   Thumb Code   414  app_spotar.o(.text)
    app_erase_flash_sectors                  0x2000548b   Thumb Code    58  app_spotar.o(.text)
    app_get_image_id                         0x200054c5   Thumb Code    16  app_spotar.o(.text)
    app_find_old_img                         0x200054d5   Thumb Code    52  app_spotar.o(.text)
    app_read_ext_mem                         0x20005509   Thumb Code    46  app_spotar.o(.text)
    app_read_image_headers                   0x20005537   Thumb Code   640  app_spotar.o(.text)
    app_spotar_img_hdlr                      0x200057b7   Thumb Code   312  app_spotar.o(.text)
    app_spotar_process_handler               0x20005a7b   Thumb Code    32  app_spotar_task.o(.text)
    app_entry_point_handler                  0x20005aad   Thumb Code    62  app_entry_point.o(.text)
    app_std_process_event                    0x20005b21   Thumb Code    50  app_entry_point.o(.text)
    app_check_BLE_active                     0x20005b61   Thumb Code    38  app_msg_utils.o(.text)
    app_timer_api_process_handler            0x20005ccf   Thumb Code    70  app_easy_timer.o(.text)
    app_easy_timer                           0x20005d15   Thumb Code    62  app_easy_timer.o(.text)
    app_easy_timer_cancel                    0x20005d53   Thumb Code    60  app_easy_timer.o(.text)
    app_custs1_create_db                     0x20005dc9   Thumb Code    74  app_customs.o(.text)
    app_custs1_enable                        0x20005e13   Thumb Code    36  app_customs.o(.text)
    app_custs1_process_handler               0x20005e6b   Thumb Code    32  app_customs_task.o(.text)
    set_pad_functions                        0x20005e91   Thumb Code   236  user_periph_setup.o(.text)
    periph_init                              0x20005f7d   Thumb Code   118  user_periph_setup.o(.text)
    user_app_init                            0x2000604d   Thumb Code    18  user_profile.o(.text)
    user_app_adv_start                       0x200060b1   Thumb Code    42  user_profile.o(.text)
    user_app_connection                      0x200060db   Thumb Code    78  user_profile.o(.text)
    user_app_adv_undirect_complete           0x20006129   Thumb Code     8  user_profile.o(.text)
    user_app_disconnect                      0x20006131   Thumb Code    58  user_profile.o(.text)
    user_catch_rest_hndl                     0x2000616b   Thumb Code     6  user_profile.o(.text)
    on_spotar_status_change                  0x20006171   Thumb Code     2  user_profile.o(.text)
    Write                                    0x200061bb   Thumb Code    56  fk_oled.o(.text)
    set_position                             0x200061f3   Thumb Code    92  fk_oled.o(.text)
    draw_picture1                            0x2000624f   Thumb Code    90  fk_oled.o(.text)
    clean_screen                             0x200062a9   Thumb Code    70  fk_oled.o(.text)
    OLED_Init                                0x200062ef   Thumb Code   620  fk_oled.o(.text)
    show_number1632                          0x2000655b   Thumb Code   172  fk_oled.o(.text)
    show_number2448                          0x20006607   Thumb Code   158  fk_oled.o(.text)
    oled_display                             0x200066a5   Thumb Code   932  fk_oled.o(.text)
    my_int_button1_handler                   0x20006a49   Thumb Code    22  my_int.o(.text)
    my_int_init                              0x20006a5f   Thumb Code    36  my_int.o(.text)
    timer0_general_user_callback_function    0x20006a91   Thumb Code   344  my_timer.o(.text)
    my_timer_init                            0x20006be9   Thumb Code    62  my_timer.o(.text)
    Delay_1ms                                0x20006c27   Thumb Code    24  my_timer.o(.text)
    timer_process                            0x20006c3f   Thumb Code   178  my_timer.o(.text)
    LIS2DS12_ACC_ReadReg                     0x20006d15   Thumb Code    18  lis2ds12_acc_driver.o(.text)
    LIS2DS12_ACC_WriteReg                    0x20006d27   Thumb Code    18  lis2ds12_acc_driver.o(.text)
    LIS2DS12_ACC_R_WHO_AM_I_BIT              0x20006d39   Thumb Code    28  lis2ds12_acc_driver.o(.text)
    LIS2DS12_ACC_W_ODR                       0x20006d55   Thumb Code    50  lis2ds12_acc_driver.o(.text)
    LIS2DS12_ACC_W_SOFT_RESET                0x20006d87   Thumb Code    50  lis2ds12_acc_driver.o(.text)
    LIS2DS12_ACC_W_LIR                       0x20006db9   Thumb Code    50  lis2ds12_acc_driver.o(.text)
    LIS2DS12_ACC_W_INT2_STEP_DET             0x20006deb   Thumb Code    50  lis2ds12_acc_driver.o(.text)
    LIS2DS12_ACC_W_RST_NSTEP                 0x20006e1d   Thumb Code    50  lis2ds12_acc_driver.o(.text)
    LIS2DS12_ACC_R_STEP_DETECT               0x20006e4f   Thumb Code    32  lis2ds12_acc_driver.o(.text)
    LIS2DS12_ACC_W_STEP_CNT_ON               0x20006e6f   Thumb Code    50  lis2ds12_acc_driver.o(.text)
    LIS2DS12_ACC_Get_StepCounter             0x20006ea1   Thumb Code    46  lis2ds12_acc_driver.o(.text)
    adc_test                                 0x20006ed1   Thumb Code    26  my_adc.o(.text)
    __scatterload                            0x20006ef1   Thumb Code    28  init.o(.text)
    __scatterload_rt2                        0x20006ef1   Thumb Code     0  init.o(.text)
    Long Thumb to Thumb Veneer to memcmp     0x20006f15   Thumb Code    12  anon$$obj.o(Veneer$$Code)
    Long Thumb to Thumb Veneer to __aeabi_memcpy 0x20006f21   Thumb Code    12  anon$$obj.o(Veneer$$Code)
    Long Thumb to Thumb Veneer to nvds_get_func 0x20006f2d   Thumb Code    12  anon$$obj.o(Veneer$$Code)
    Long Thumb to Thumb Veneer to __aeabi_uidivmod 0x20006f39   Thumb Code    12  anon$$obj.o(Veneer$$Code)
    Long Thumb to Thumb Veneer to rwip_prevent_sleep_get 0x20006f45   Thumb Code    12  anon$$obj.o(Veneer$$Code)
    Long Thumb to Thumb Veneer to ke_event_get 0x20006f51   Thumb Code    12  anon$$obj.o(Veneer$$Code)
    Long Thumb to Thumb Veneer to rwip_schedule 0x20006f5d   Thumb Code    12  anon$$obj.o(Veneer$$Code)
    Long Thumb to Thumb Veneer to lld_sleep_check 0x20006f69   Thumb Code    12  anon$$obj.o(Veneer$$Code)
    Long Thumb to Thumb Veneer to func_check_mem 0x20006f75   Thumb Code    12  anon$$obj.o(Veneer$$Code)
    Long Thumb to Thumb Veneer to test_rxdone 0x20006f81   Thumb Code    12  anon$$obj.o(Veneer$$Code)
    Long Thumb to Thumb Veneer to ke_mem_is_empty 0x20006f8d   Thumb Code    12  anon$$obj.o(Veneer$$Code)
    Long Thumb to Thumb Veneer to rwip_wakeup_delay_set 0x20006f99   Thumb Code    12  anon$$obj.o(Veneer$$Code)
    Long Thumb to Thumb Veneer to $Super$$get_rc16m_count_func 0x20006fa5   Thumb Code    12  anon$$obj.o(Veneer$$Code)
    Long Thumb to Thumb Veneer to get_rc16m_count 0x20006fb1   Thumb Code    12  anon$$obj.o(Veneer$$Code)
    Long Thumb to Thumb Veneer to pll_vcocal_LUT_InitUpdate 0x20006fbd   Thumb Code    12  anon$$obj.o(Veneer$$Code)
    Long Thumb to Thumb Veneer to rf_calibration 0x20006fc9   Thumb Code    12  anon$$obj.o(Veneer$$Code)
    Long Thumb to Thumb Veneer to lld_sleep_us_2_lpcycles_func 0x20006fd5   Thumb Code    12  anon$$obj.o(Veneer$$Code)
    Long Thumb to Thumb Veneer to lld_sleep_lpcycles_2_us_func 0x20006fe1   Thumb Code    12  anon$$obj.o(Veneer$$Code)
    Long Thumb to Thumb Veneer to uart_flow_on 0x20006fed   Thumb Code    12  anon$$obj.o(Veneer$$Code)
    Long Thumb to Thumb Veneer to srand      0x20006ff9   Thumb Code    12  anon$$obj.o(Veneer$$Code)
    Long Thumb to Thumb Veneer to set_system_clocks 0x20007005   Thumb Code    12  anon$$obj.o(Veneer$$Code)
    Long Thumb to Thumb Veneer to nvds_init  0x20007011   Thumb Code    12  anon$$obj.o(Veneer$$Code)
    Long Thumb to Thumb Veneer to rwip_init  0x2000701d   Thumb Code    12  anon$$obj.o(Veneer$$Code)
    Long Thumb to Thumb Veneer to enable_rf_diag_irq 0x20007029   Thumb Code    12  anon$$obj.o(Veneer$$Code)
    Long Thumb to Thumb Veneer to platform_reset_func 0x20007035   Thumb Code    12  anon$$obj.o(Veneer$$Code)
    Long Thumb to Thumb Veneer to ke_handler_search 0x20007041   Thumb Code    12  anon$$obj.o(Veneer$$Code)
    Long Thumb to Thumb Veneer to ke_state_get 0x2000704d   Thumb Code    12  anon$$obj.o(Veneer$$Code)
    Long Thumb to Thumb Veneer to TASK_LLM_lld_data_ind_handler 0x20007059   Thumb Code    12  anon$$obj.o(Veneer$$Code)
    Long Thumb to Thumb Veneer to co_buf_rx_free 0x20007065   Thumb Code    12  anon$$obj.o(Veneer$$Code)
    Long Thumb to Thumb Veneer to ke_malloc  0x20007071   Thumb Code    12  anon$$obj.o(Veneer$$Code)
    Long Thumb to Thumb Veneer to __aeabi_memclr4 0x2000707d   Thumb Code    12  anon$$obj.o(Veneer$$Code)
    Long Thumb to Thumb Veneer to ke_state_set 0x20007089   Thumb Code    12  anon$$obj.o(Veneer$$Code)
    Long Thumb to Thumb Veneer to ke_msg_alloc 0x20007095   Thumb Code    12  anon$$obj.o(Veneer$$Code)
    Long Thumb to Thumb Veneer to ke_msg_send 0x200070a1   Thumb Code    12  anon$$obj.o(Veneer$$Code)
    Long Thumb to Thumb Veneer to __ARM_common_switch8 0x200070ad   Thumb Code    12  anon$$obj.o(Veneer$$Code)
    Long Thumb to Thumb Veneer to ke_timer_clear 0x200070b9   Thumb Code    12  anon$$obj.o(Veneer$$Code)
    Long Thumb to Thumb Veneer to atts_send_cmd_cmp 0x200070c5   Thumb Code    12  anon$$obj.o(Veneer$$Code)
    Long Thumb to Thumb Veneer to atts_mtu_exc_resp 0x200070d1   Thumb Code    12  anon$$obj.o(Veneer$$Code)
    Long Thumb to Thumb Veneer to atts_find_info_resp 0x200070dd   Thumb Code    12  anon$$obj.o(Veneer$$Code)
    Long Thumb to Thumb Veneer to atts_find_by_type_resp 0x200070e9   Thumb Code    12  anon$$obj.o(Veneer$$Code)
    Long Thumb to Thumb Veneer to atts_read_by_type_resp 0x200070f5   Thumb Code    12  anon$$obj.o(Veneer$$Code)
    Long Thumb to Thumb Veneer to atts_read_by_grp_type_resp 0x20007101   Thumb Code    12  anon$$obj.o(Veneer$$Code)
    Long Thumb to Thumb Veneer to atts_read_blob_resp 0x2000710d   Thumb Code    12  anon$$obj.o(Veneer$$Code)
    Long Thumb to Thumb Veneer to atts_read_mult_resp 0x20007119   Thumb Code    12  anon$$obj.o(Veneer$$Code)
    Long Thumb to Thumb Veneer to atts_write_no_resp 0x20007125   Thumb Code    12  anon$$obj.o(Veneer$$Code)
    Long Thumb to Thumb Veneer to atts_write_resp 0x20007131   Thumb Code    12  anon$$obj.o(Veneer$$Code)
    Long Thumb to Thumb Veneer to atts_signed_write_resp 0x2000713d   Thumb Code    12  anon$$obj.o(Veneer$$Code)
    Long Thumb to Thumb Veneer to atts_prepare_write_resp 0x20007149   Thumb Code    12  anon$$obj.o(Veneer$$Code)
    Long Thumb to Thumb Veneer to atts_execute_write_resp 0x20007155   Thumb Code    12  anon$$obj.o(Veneer$$Code)
    Long Thumb to Thumb Veneer to attmdb_get_attribute 0x20007161   Thumb Code    12  anon$$obj.o(Veneer$$Code)
    Long Thumb to Thumb Veneer to gattc_get_mtu 0x2000716d   Thumb Code    12  anon$$obj.o(Veneer$$Code)
    Long Thumb to Thumb Veneer to atts_allocate_pdu 0x20007179   Thumb Code    12  anon$$obj.o(Veneer$$Code)
    Long Thumb to Thumb Veneer to atts_send_error 0x20007185   Thumb Code    12  anon$$obj.o(Veneer$$Code)
    Long Thumb to Thumb Veneer to atts_send_pdu 0x20007191   Thumb Code    12  anon$$obj.o(Veneer$$Code)
    Long Thumb to Thumb Veneer to atts_get_att_chk_perm 0x2000719d   Thumb Code    12  anon$$obj.o(Veneer$$Code)
    Long Thumb to Thumb Veneer to attmdb_get_service 0x200071a9   Thumb Code    12  anon$$obj.o(Veneer$$Code)
    Long Thumb to Thumb Veneer to __aeabi_llsl 0x200071b5   Thumb Code    12  anon$$obj.o(Veneer$$Code)
    Long Thumb to Thumb Veneer to lld_con_update_ind 0x200071c1   Thumb Code    12  anon$$obj.o(Veneer$$Code)
    Long Thumb to Thumb Veneer to llc_util_dicon_procedure 0x200071cd   Thumb Code    12  anon$$obj.o(Veneer$$Code)
    Long Thumb to Thumb Veneer to lld_ch_map_ind 0x200071d9   Thumb Code    12  anon$$obj.o(Veneer$$Code)
    Long Thumb to Thumb Veneer to gapm_get_privacy_flag 0x200071e5   Thumb Code    12  anon$$obj.o(Veneer$$Code)
    Long Thumb to Thumb Veneer to gapm_set_recon_addr 0x200071f1   Thumb Code    12  anon$$obj.o(Veneer$$Code)
    Long Thumb to Thumb Veneer to co_list_pop_front 0x200071fd   Thumb Code    12  anon$$obj.o(Veneer$$Code)
    Long Thumb to Thumb Veneer to ke_task_handler_get 0x20007209   Thumb Code    12  anon$$obj.o(Veneer$$Code)
    Long Thumb to Thumb Veneer to ke_msg_free 0x20007215   Thumb Code    12  anon$$obj.o(Veneer$$Code)
    Long Thumb to Thumb Veneer to co_list_push_back 0x20007221   Thumb Code    12  anon$$obj.o(Veneer$$Code)
    Long Thumb to Thumb Veneer to ke_event_clear 0x2000722d   Thumb Code    12  anon$$obj.o(Veneer$$Code)
    Long Thumb to Thumb Veneer to ke_event_callback_set 0x20007239   Thumb Code    12  anon$$obj.o(Veneer$$Code)
    Long Thumb to Thumb Veneer to gapc_get_enc_keysize 0x20007245   Thumb Code    12  anon$$obj.o(Veneer$$Code)
    Long Thumb to Thumb Veneer to gapc_get_role 0x20007251   Thumb Code    12  anon$$obj.o(Veneer$$Code)
    Long Thumb to Thumb Veneer to smpc_generate_rand 0x2000725d   Thumb Code    12  anon$$obj.o(Veneer$$Code)
    Long Thumb to Thumb Veneer to smpc_tkdp_send_continue 0x20007269   Thumb Code    12  anon$$obj.o(Veneer$$Code)
    Long Thumb to Thumb Veneer to smpc_pdu_send 0x20007275   Thumb Code    12  anon$$obj.o(Veneer$$Code)
    Long Thumb to Thumb Veneer to smpc_tkdp_rcp_start 0x20007281   Thumb Code    12  anon$$obj.o(Veneer$$Code)
    Long Thumb to Thumb Veneer to smpc_pairing_end 0x2000728d   Thumb Code    12  anon$$obj.o(Veneer$$Code)
    Long Thumb to Thumb Veneer to smpc_check_max_key_size 0x20007299   Thumb Code    12  anon$$obj.o(Veneer$$Code)
    Long Thumb to Thumb Veneer to smpc_check_key_distrib 0x200072a5   Thumb Code    12  anon$$obj.o(Veneer$$Code)
    Long Thumb to Thumb Veneer to smpc_get_key_sec_prop 0x200072b1   Thumb Code    12  anon$$obj.o(Veneer$$Code)
    Long Thumb to Thumb Veneer to smpc_is_sec_mode_reached 0x200072bd   Thumb Code    12  anon$$obj.o(Veneer$$Code)
    Long Thumb to Thumb Veneer to rand       0x200072c9   Thumb Code    12  anon$$obj.o(Veneer$$Code)
    Long Thumb to Thumb Veneer to llc_pdu_send 0x200072d5   Thumb Code    12  anon$$obj.o(Veneer$$Code)
    Long Thumb to Thumb Veneer to llm_util_check_evt_mask 0x200072e1   Thumb Code    12  anon$$obj.o(Veneer$$Code)
    Long Thumb to Thumb Veneer to llc_ltk_req_send 0x200072ed   Thumb Code    12  anon$$obj.o(Veneer$$Code)
    Long Thumb to Thumb Veneer to llc_terminate_ind_pdu_send 0x200072f9   Thumb Code    12  anon$$obj.o(Veneer$$Code)
    Long Thumb to Thumb Veneer to ke_timer_set 0x20007305   Thumb Code    12  anon$$obj.o(Veneer$$Code)
    Long Thumb to Thumb Veneer to llc_reject_ind_pdu_send 0x20007311   Thumb Code    12  anon$$obj.o(Veneer$$Code)
    Long Thumb to Thumb Veneer to llm_util_get_role 0x2000731d   Thumb Code    12  anon$$obj.o(Veneer$$Code)
    Long Thumb to Thumb Veneer to llc_le_con_update_cmd_handler 0x20007329   Thumb Code    12  anon$$obj.o(Veneer$$Code)
    Long Thumb to Thumb Veneer to lld_evt_int_extract 0x20007335   Thumb Code    12  anon$$obj.o(Veneer$$Code)
    Long Thumb to Thumb Veneer to ke_free    0x20007341   Thumb Code    12  anon$$obj.o(Veneer$$Code)
    Long Thumb to Thumb Veneer to lld_stop_ind_handler 0x2000734d   Thumb Code    12  anon$$obj.o(Veneer$$Code)
    Long Thumb to Thumb Veneer to llc_start_enc_rsp_pdu_send 0x20007359   Thumb Code    12  anon$$obj.o(Veneer$$Code)
    Long Thumb to Thumb Veneer to llc_common_enc_change_evt_send 0x20007365   Thumb Code    12  anon$$obj.o(Veneer$$Code)
    Long Thumb to Thumb Veneer to llc_llcp_rsp_to_ind_handler 0x20007371   Thumb Code    12  anon$$obj.o(Veneer$$Code)
    Long Thumb to Thumb Veneer to llc_link_sup_to_ind_handler 0x2000737d   Thumb Code    12  anon$$obj.o(Veneer$$Code)
    Long Thumb to Thumb Veneer to gapc_send_error_evt 0x20007389   Thumb Code    12  anon$$obj.o(Veneer$$Code)
    Long Thumb to Thumb Veneer to gapc_get_operation 0x20007395   Thumb Code    12  anon$$obj.o(Veneer$$Code)
    Long Thumb to Thumb Veneer to gapc_send_complete_evt 0x200073a1   Thumb Code    12  anon$$obj.o(Veneer$$Code)
    Long Thumb to Thumb Veneer to gapc_send_disconect_ind 0x200073ad   Thumb Code    12  anon$$obj.o(Veneer$$Code)
    Long Thumb to Thumb Veneer to gapm_con_cleanup 0x200073b9   Thumb Code    12  anon$$obj.o(Veneer$$Code)
    Long Thumb to Thumb Veneer to llc_con_update_cmd_complete_send 0x200073c5   Thumb Code    12  anon$$obj.o(Veneer$$Code)
    Long Thumb to Thumb Veneer to __aeabi_idivmod 0x200073d1   Thumb Code    12  anon$$obj.o(Veneer$$Code)
    Long Thumb to Thumb Veneer to IffCalibration 0x200073dd   Thumb Code    12  anon$$obj.o(Veneer$$Code)
    Long Thumb to Thumb Veneer to DCoffsetCalibration 0x200073e9   Thumb Code    12  anon$$obj.o(Veneer$$Code)
    Long Thumb to Thumb Veneer to __aeabi_memclr 0x200073f5   Thumb Code    12  anon$$obj.o(Veneer$$Code)
    Long Thumb to Thumb Veneer to ble_regs_pop 0x20007401   Thumb Code    12  anon$$obj.o(Veneer$$Code)
    Long Thumb to Thumb Veneer to rwip_wakeup 0x2000740d   Thumb Code    12  anon$$obj.o(Veneer$$Code)
    Long Thumb to Thumb Veneer to rf_workaround_init 0x20007419   Thumb Code    12  anon$$obj.o(Veneer$$Code)
    Long Thumb to Thumb Veneer to rf_reinit  0x20007425   Thumb Code    12  anon$$obj.o(Veneer$$Code)
    Long Thumb to Thumb Veneer to lld_evt_start_isr 0x20007431   Thumb Code    12  anon$$obj.o(Veneer$$Code)
    Long Thumb to Thumb Veneer to $Super$$BLE_CSCNT_Handler 0x2000743d   Thumb Code    12  anon$$obj.o(Veneer$$Code)
    Long Thumb to Thumb Veneer to lld_evt_rx_isr 0x20007449   Thumb Code    12  anon$$obj.o(Veneer$$Code)
    Long Thumb to Thumb Veneer to lld_evt_end_isr 0x20007455   Thumb Code    12  anon$$obj.o(Veneer$$Code)
    Long Thumb to Thumb Veneer to set_rf_cal_cap 0x20007461   Thumb Code    12  anon$$obj.o(Veneer$$Code)
    Long Thumb to Thumb Veneer to set_gauss_modgain 0x2000746d   Thumb Code    12  anon$$obj.o(Veneer$$Code)
    Long Thumb to Thumb Veneer to ke_sleep_check 0x20007479   Thumb Code    12  anon$$obj.o(Veneer$$Code)
    Long Thumb to Thumb Veneer to ke_timer_sleep_check 0x20007485   Thumb Code    12  anon$$obj.o(Veneer$$Code)
    Long Thumb to Thumb Veneer to lld_sleep_enter 0x20007491   Thumb Code    12  anon$$obj.o(Veneer$$Code)
    Long Thumb to Thumb Veneer to ble_regs_push 0x2000749d   Thumb Code    12  anon$$obj.o(Veneer$$Code)
    Long Thumb to Thumb Veneer to ke_task_create 0x200074a9   Thumb Code    12  anon$$obj.o(Veneer$$Code)
    Long Thumb to Thumb Veneer to attmdb_svc_set_permission 0x200074b5   Thumb Code    12  anon$$obj.o(Veneer$$Code)
    Long Thumb to Thumb Veneer to attm_svc_create_db 0x200074c1   Thumb Code    12  anon$$obj.o(Veneer$$Code)
    Long Thumb to Thumb Veneer to attmdb_att_set_value 0x200074cd   Thumb Code    12  anon$$obj.o(Veneer$$Code)
    Long Thumb to Thumb Veneer to gapc_get_conidx 0x200074d9   Thumb Code    12  anon$$obj.o(Veneer$$Code)
    Long Thumb to Thumb Veneer to gapc_get_conhdl 0x200074e5   Thumb Code    12  anon$$obj.o(Veneer$$Code)
    Long Thumb to Thumb Veneer to attmdb_att_partial_value_update 0x200074f1   Thumb Code    12  anon$$obj.o(Veneer$$Code)
    Long Thumb to Thumb Veneer to attmdb_att_set_permission 0x200074fd   Thumb Code    12  anon$$obj.o(Veneer$$Code)
    Long Thumb to Thumb Veneer to strlen     0x20007509   Thumb Code    12  anon$$obj.o(Veneer$$Code)
    Long Thumb to Thumb Veneer to atts_write_rsp_send 0x20007515   Thumb Code    12  anon$$obj.o(Veneer$$Code)
    Long Thumb to Thumb Veneer to attmdb_att_get_value 0x20007521   Thumb Code    12  anon$$obj.o(Veneer$$Code)
    Long Thumb to Thumb Veneer to attmdb_att_get_uuid 0x2000752d   Thumb Code    12  anon$$obj.o(Veneer$$Code)
    Long Thumb to Thumb Veneer to attmdb_add_service 0x20007539   Thumb Code    12  anon$$obj.o(Veneer$$Code)
    Long Thumb to Thumb Veneer to attmdb_add_attribute 0x20007545   Thumb Code    12  anon$$obj.o(Veneer$$Code)
    Long Thumb to Thumb Veneer to nvds_get   0x20007551   Thumb Code    12  anon$$obj.o(Veneer$$Code)
    Long Thumb to Thumb Veneer to get_patching_spota_length 0x2000755d   Thumb Code    12  anon$$obj.o(Veneer$$Code)
    Long Thumb to Thumb Veneer to __aeabi_memset 0x20007569   Thumb Code    12  anon$$obj.o(Veneer$$Code)
    Long Thumb to Thumb Veneer to platform_reset 0x20007575   Thumb Code    12  anon$$obj.o(Veneer$$Code)
    __ARM_common_ll_muluu                    0x20007581   Thumb Code    50  rwip.o(i.__ARM_common_ll_muluu)
    __scatterload_copy                       0x200075b3   Thumb Code    14  handlers.o(i.__scatterload_copy)
    __scatterload_null                       0x200075c1   Thumb Code     2  handlers.o(i.__scatterload_null)
    __scatterload_zeroinit                   0x200075c3   Thumb Code    14  handlers.o(i.__scatterload_zeroinit)
    free                                     0x200075d1   Thumb Code    80  malloc.o(i.free)
    malloc                                   0x20007625   Thumb Code    92  malloc.o(i.malloc)
    set_tmr_div                              0x20007691   Thumb Code    18  pwm.o(i.set_tmr_div)
    set_tmr_enable                           0x200076a9   Thumb Code    18  pwm.o(i.set_tmr_enable)
    timer0_register_callback                 0x200076c1   Thumb Code     6  pwm.o(i.timer0_register_callback)
    timer0_set_pwm_high_counter              0x200076cd   Thumb Code     6  pwm.o(i.timer0_set_pwm_high_counter)
    timer0_set_pwm_low_counter               0x200076d9   Thumb Code     6  pwm.o(i.timer0_set_pwm_low_counter)
    timer0_set_pwm_on_counter                0x200076e5   Thumb Code     6  pwm.o(i.timer0_set_pwm_on_counter)
    timer0_start                             0x200076f1   Thumb Code    12  pwm.o(i.timer0_start)
    timer0_stop                              0x20007701   Thumb Code    12  pwm.o(i.timer0_stop)
    LUT_CFG                                  0x20007710   Data          22  jump_table.o(.constdata)
    atts_read_resp_impl                      0x20007728   Data           4  arch_patch.o(.constdata)
    my_atts_default_handler                  0x2000780c   Data           8  atts_task.obj(.constdata)
    TASK_DESC_ATTS                           0x20007814   Data          16  atts_task.obj(.constdata)
    my_llc_state_handler                     0x2000787c   Data         176  llc.obj(.constdata)
    my_llc_default_handler                   0x2000792c   Data           8  llc.obj(.constdata)
    TASK_DESC_LLC                            0x20007934   Data          16  llc.obj(.constdata)
    diss_att_db                              0x20007974   Data         228  diss.o(.constdata)
    diss_dis_svc                             0x20007a58   Data           2  diss.o(.constdata)
    diss_manufacturer_name_char              0x20007a5a   Data           5  diss.o(.constdata)
    diss_model_nb_str_char                   0x20007a5f   Data           5  diss.o(.constdata)
    diss_serial_nb_str_char                  0x20007a64   Data           5  diss.o(.constdata)
    diss_hard_rev_str_char                   0x20007a69   Data           5  diss.o(.constdata)
    diss_firm_rev_str_char                   0x20007a6e   Data           5  diss.o(.constdata)
    diss_sw_rev_str_char                     0x20007a73   Data           5  diss.o(.constdata)
    diss_system_id_char                      0x20007a78   Data           5  diss.o(.constdata)
    diss_ieee_char                           0x20007a7d   Data           5  diss.o(.constdata)
    diss_pnp_id_char                         0x20007a82   Data           5  diss.o(.constdata)
    diss_disabled                            0x20007a98   Data           8  diss_task.o(.constdata)
    diss_idle                                0x20007aa0   Data          16  diss_task.o(.constdata)
    diss_default_state                       0x20007ab0   Data           8  diss_task.o(.constdata)
    diss_state_handler                       0x20007ab8   Data          24  diss_task.o(.constdata)
    diss_default_handler                     0x20007ad0   Data           8  diss_task.o(.constdata)
    custs1_disabled                          0x20007ae8   Data           8  custs1_task.o(.constdata)
    custs1_idle                              0x20007af0   Data           8  custs1_task.o(.constdata)
    custs1_connected                         0x20007af8   Data          40  custs1_task.o(.constdata)
    custs1_default_state                     0x20007b20   Data           8  custs1_task.o(.constdata)
    custs1_state_handler                     0x20007b28   Data          24  custs1_task.o(.constdata)
    custs1_default_handler                   0x20007b40   Data           8  custs1_task.o(.constdata)
    spotar_service                           0x20007b48   Data           2  spotar.o(.constdata)
    spotar_patch_mem_dev_val                 0x20007b4a   Data          16  spotar.o(.constdata)
    spotar_gpio_map_val                      0x20007b5a   Data          16  spotar.o(.constdata)
    spotar_patch_mem_info_val                0x20007b6a   Data          16  spotar.o(.constdata)
    spotar_patch_len_val                     0x20007b7a   Data          16  spotar.o(.constdata)
    spotar_patch_data_val                    0x20007b8a   Data          16  spotar.o(.constdata)
    spotar_patch_status_val                  0x20007b9a   Data          16  spotar.o(.constdata)
    spotar_disabled                          0x20007bbc   Data           8  spotar_task.o(.constdata)
    spotar_idle                              0x20007bc4   Data           8  spotar_task.o(.constdata)
    spotar_active                            0x20007bcc   Data          24  spotar_task.o(.constdata)
    spotar_default_state                     0x20007be4   Data           8  spotar_task.o(.constdata)
    spotar_state_handler                     0x20007bec   Data          24  spotar_task.o(.constdata)
    spotar_default_handler                   0x20007c04   Data           8  spotar_task.o(.constdata)
    prf_funcs                                0x20007c4c   Data          36  app.o(.constdata)
    app_default_state                        0x20007cbc   Data           8  app_task.o(.constdata)
    app_default_handler                      0x20007cc4   Data           8  app_task.o(.constdata)
    app_process_handlers                     0x20007d08   Data          20  app_entry_point.o(.constdata)
    cust_prf_funcs                           0x20007d2c   Data          56  user_custs_config.o(.constdata)
    custs1_att_db                            0x20007d88   Data         108  user_custs1_def.o(.constdata)
    Region$$Table$$Base                      0x20007df4   Number         0  anon$$obj.o(Region$$Table)
    Region$$Table$$Limit                     0x20007e24   Number         0  anon$$obj.o(Region$$Table)
    dgh                                      0x20007e24   Data           1  arch_main.o(.data)
    startup_sleep_delay                      0x20007e28   Data           4  arch_system.o(.data)
    spotar_patch_mem_dev_char                0x20007e2c   Data          19  spotar.o(.data)
    spotar_gpio_map_char                     0x20007e3f   Data          19  spotar.o(.data)
    spotar_patch_mem_info_char               0x20007e52   Data          19  spotar.o(.data)
    spotar_patch_len_char                    0x20007e65   Data          19  spotar.o(.data)
    spotar_patch_data_char                   0x20007e78   Data          19  spotar.o(.data)
    spotar_patch_status_char                 0x20007e8b   Data          19  spotar.o(.data)
    time_buff                                0x20007e9e   Data           5  fk_oled.o(.data)
    Steps                                    0x20007ea3   Data           5  fk_oled.o(.data)
    Calorie                                  0x20007ea8   Data           5  fk_oled.o(.data)
    Blood_o                                  0x20007ead   Data           5  fk_oled.o(.data)
    date_buff                                0x20007eb2   Data          10  fk_oled.o(.data)
    Blood_p                                  0x20007ebc   Data          11  fk_oled.o(.data)
    power_rate                               0x20007ec8   Data           1  my_adc.o(.data)
    power_level                              0x20007ec9   Data           1  my_adc.o(.data)
    __microlib_freelist                      0x20007ecc   Data           4  mvars.o(.data)
    __microlib_freelist_initialised          0x20007ed0   Data           4  mvars.o(.data)
    LIS2DS12_response                        0x20008000   Data           1  arch_main.o(.bss)
    Number_Of_Steps                          0x20008002   Data           2  arch_main.o(.bss)
    CalorieNum                               0x20008004   Data           2  arch_main.o(.bss)
    hr_capture                               0x20008006   Data           1  arch_main.o(.bss)
    GPIOHandlerFunction                      0x20008008   Data          20  gpio.o(.bss)
    spi_flash_device_index                   0x2000801c   Data           2  spi_flash.o(.bss)
    spi_flash_detected_device                0x20008020   Data           4  spi_flash.o(.bss)
    spi_flash_size                           0x20008024   Data           4  spi_flash.o(.bss)
    spi_flash_page_size                      0x20008028   Data           4  spi_flash.o(.bss)
    spi_driver_cs_pad                        0x2000802c   Data           2  spi.o(.bss)
    uart_recevie_data_length                 0x20008030   Data           1  uart2.o(.bss)
    uart_recevie_data                        0x20008031   Data          80  uart2.o(.bss)
    led1_value                               0x20008081   Data          20  uart2.o(.bss)
    led2_value                               0x20008095   Data          20  uart2.o(.bss)
    led3_value                               0x200080a9   Data          20  uart2.o(.bss)
    TIMER0_callback                          0x200080c0   Data           4  pwm.o(.bss)
    app_connection_idx                       0x200080c4   Data           1  user_profile.o(.bss)
    app_adv_data_update_timer_used           0x200080c5   Data           1  user_profile.o(.bss)
    app_param_update_request_timer_used      0x200080c6   Data           1  user_profile.o(.bss)
    Heart_Rate                               0x200080c8   Data           3  fk_oled.o(.bss)
    Blood_s                                  0x200080cb   Data           3  fk_oled.o(.bss)
    target_address                           0x200080d0   Data           4  fk_oled.o(.bss)
    show_picture                             0x200080d4   Data        2048  fk_oled.o(.bss)
    Touch_release                            0x200088d4   Data           1  my_int.o(.bss)
    heart_beat_flag                          0x200088d8   Data           1  my_timer.o(.bss)
    blood_oxygen_flag                        0x200088d9   Data           1  my_timer.o(.bss)
    write_flash_flag                         0x200088da   Data           1  my_timer.o(.bss)
    StepFlag                                 0x200088db   Data           1  my_timer.o(.bss)
    close_flag                               0x200088dc   Data           1  my_timer.o(.bss)
    OLED_dis_flag                            0x200088dd   Data           1  my_timer.o(.bss)
    OLED_Page                                0x200088de   Data           1  my_timer.o(.bss)
    Long_Time_Tch                            0x200088df   Data           1  my_timer.o(.bss)
    hour                                     0x200088e0   Data           1  my_timer.o(.bss)
    minute                                   0x200088e1   Data           1  my_timer.o(.bss)
    seconds                                  0x200088e2   Data           1  my_timer.o(.bss)
    Time_Counter                             0x200088e4   Data           4  my_timer.o(.bss)
    Timer                                    0x200088e8   Data           4  my_timer.o(.bss)
    DisplayTimer                             0x200088ec   Data           4  my_timer.o(.bss)
    dghData                                  0x200088f0   Data          20  my_timer.o(.bss)
    __heap_base                              0x20008908   Data           0  boot_vectors.o(HEAP)
    __heap_limit                             0x20008a08   Data           0  boot_vectors.o(HEAP)
    dev_bdaddr                               0x20008a08   Data           6  nvds.o(retention_mem_area0)
    sys_startup_flag                         0x20008a0e   Data           1  arch_main.o(retention_mem_area0)
    sleep_md                                 0x20008a0f   Data           1  arch_sleep.o(retention_mem_area0)
    sleep_pend                               0x20008a10   Data           1  arch_sleep.o(retention_mem_area0)
    sleep_cnt                                0x20008a11   Data           1  arch_sleep.o(retention_mem_area0)
    sleep_ext_force                          0x20008a12   Data           1  arch_sleep.o(retention_mem_area0)
    cal_enable                               0x20008a14   Data           1  arch_system.o(retention_mem_area0)
    force_rf_cal                             0x20008a15   Data           1  arch_system.o(retention_mem_area0)
    arch_wkupct_deb_time                     0x20008a16   Data           2  arch_system.o(retention_mem_area0)
    lp_clk_sel                               0x20008a18   Data           4  arch_system.o(retention_mem_area0)
    rcx_freq                                 0x20008a1c   Data           4  arch_system.o(retention_mem_area0)
    rcx_period                               0x20008a20   Data           4  arch_system.o(retention_mem_area0)
    rcx_slot_duration_num                    0x20008a24   Data           4  arch_system.o(retention_mem_area0)
    rcx_slot_duration_den                    0x20008a28   Data           4  arch_system.o(retention_mem_area0)
    dg_registered_tasks                      0x20008a30   Data           8  atts_util.obj(retention_mem_area0)
    alt_evts                                 0x20008a38   Data          24  llc.obj(retention_mem_area0)
    wkupct_quad_IRQ_status                   0x20008a50   Data           1  wkupct_quadec.o(retention_mem_area0)
    arch_rwble_last_event                    0x20008a7a   Data           1  rwble.o(retention_mem_area0)
    set_boost_low_vbat1v_overhead            0x20008a7b   Data           1  rwble.o(retention_mem_area0)
    fine_hit                                 0x20008a7d   Data           1  rwble.o(retention_mem_area0)
    clk_freq_trim_reg_value                  0x20008a7e   Data           2  rwble.o(retention_mem_area0)
    wakeup_lp_comp                           0x20008a80   Data           2  rwble.o(retention_mem_area0)
    diss_env                                 0x20008a82   Data          18  diss.o(retention_mem_area0)
    diss_state                               0x20008a94   Data           1  diss_task.o(retention_mem_area0)
    custs1_env                               0x20008a96   Data          14  custs1.o(retention_mem_area0)
    custs1_state                             0x20008aa4   Data           1  custs1_task.o(retention_mem_area0)
    spotar_env                               0x20008aa6   Data           8  spotar.o(retention_mem_area0)
    spotar_state                             0x20008aae   Data           1  spotar_task.o(retention_mem_area0)
    app_env                                  0x20008ac8   Data          12  app.o(retention_mem_area0)
    app_prf_srv_perm                         0x20008ad4   Data          20  app.o(retention_mem_area0)
    app_state                                0x20008ae8   Data           1  app_task.o(retention_mem_area0)
    spota_state                              0x20008af0   Data          44  app_spotar.o(retention_mem_area0)
    mnf_data                                 0x20008b6c   Data           6  user_profile.o(retention_mem_area0)
    rwip_heap_non_ret                        0x20008bf4   Data        1036  jump_table.o(heap_mem_area_not_ret)
    SystemCoreClock                          0x20009000   Data           0  rom_symdef.txt ABSOLUTE
    error                                    0x20009004   Data           0  rom_symdef.txt ABSOLUTE
    spota_new_pd                             0x20009020   Data          80  app_spotar.o(spotar_patch_area)
    spota_all_pd                             0x20009070   Data         256  app_spotar.o(spotar_patch_area)
    __initial_sp                             0x20009800   Data           0  boot_vectors.o(STACK)
    clk_per_reg                              0x50000004   Data           4  pwm.o(.ARM.__AT_0x50000004)
    timer0_ctrl_reg                          0x50003400   Data           4  pwm.o(.ARM.__AT_0x50003400)
    triple_pwm_ctrl_reg                      0x50003410   Data           4  pwm.o(.ARM.__AT_0x50003410)



==============================================================================

Memory Map of the image

  Image Entry point : 0x20000441

  Load Region LR_IROM1 (Base: 0x20000000, Size: 0x000000a0, Max: 0x00000160, ABSOLUTE)

    Execution Region ER_IROM1 (Exec base: 0x20000000, Load base: 0x20000000, Size: 0x000000a0, Max: 0x00000160, ABSOLUTE)

    Exec Addr    Load Addr    Size         Type   Attr      Idx    E Section Name        Object

    0x20000000   0x20000000   0x000000a0   Data   RO          209    RESET               boot_vectors.o



  Load Region LR_IROM2 (Base: 0x20000160, Size: 0x00000160, Max: 0x00000160, ABSOLUTE)

    Execution Region ER_IROM2 (Exec base: 0x20000160, Load base: 0x20000160, Size: 0x00000160, Max: 0x00000160, ABSOLUTE)

    Exec Addr    Load Addr    Size         Type   Attr      Idx    E Section Name        Object

    0x20000160   0x20000160   0x00000160   Data   RO          512    jump_table_mem_area  jump_table.o



  Load Region LR_IROM3 (Base: 0x200002c0, Size: 0x00000064, Max: 0x00000080, ABSOLUTE)

    Execution Region ER_IROM3 (Exec base: 0x200002c0, Load base: 0x200002c0, Size: 0x00000064, Max: 0x00000080, ABSOLUTE)

    Exec Addr    Load Addr    Size         Type   Attr      Idx    E Section Name        Object

    0x200002c0   0x200002c0   0x00000064   Data   RO         1691    timeout_table_area  gapm.o



  Load Region LR_IROM4 (Base: 0x20000340, Size: 0x000000a4, Max: 0x00000100, ABSOLUTE)

    Execution Region ER_IROM4 (Exec base: 0x20000340, Load base: 0x20000340, Size: 0x000000a4, Max: 0x00000100, ABSOLUTE)

    Exec Addr    Load Addr    Size         Type   Attr      Idx    E Section Name        Object

    0x20000340   0x20000340   0x000000a4   Data   RO          270    nvds_data_storage_area  nvds.o



  Load Region LR_IROM5 (Base: 0x20000440, Size: 0x00007a94, Max: 0x000093c0, ABSOLUTE)

    Execution Region ER_IROM5 (Exec base: 0x20000440, Load base: 0x20000440, Size: 0x00007a94, Max: 0x00007ac0, ABSOLUTE)

    Exec Addr    Load Addr    Size         Type   Attr      Idx    E Section Name        Object

    0x20000440   0x20000440   0x00000000   Code   RO         3921  * .ARM.Collect$$$$00000000  mc_p.l(entry.o)
    0x20000440   0x20000440   0x00000004   Code   RO         3954    .ARM.Collect$$$$00000001  mc_p.l(entry2.o)
    0x20000444   0x20000444   0x00000004   Code   RO         3957    .ARM.Collect$$$$00000004  mc_p.l(entry5.o)
    0x20000448   0x20000448   0x00000000   Code   RO         3959    .ARM.Collect$$$$00000008  mc_p.l(entry7b.o)
    0x20000448   0x20000448   0x00000000   Code   RO         3961    .ARM.Collect$$$$0000000A  mc_p.l(entry8b.o)
    0x20000448   0x20000448   0x00000008   Code   RO         3962    .ARM.Collect$$$$0000000B  mc_p.l(entry9a.o)
    0x20000450   0x20000450   0x00000000   Code   RO         3964    .ARM.Collect$$$$0000000D  mc_p.l(entry10a.o)
    0x20000450   0x20000450   0x00000000   Code   RO         3966    .ARM.Collect$$$$0000000F  mc_p.l(entry11a.o)
    0x20000450   0x20000450   0x00000004   Code   RO         3955    .ARM.Collect$$$$00002712  mc_p.l(entry2.o)
    0x20000454   0x20000454   0x00000050   Code   RO            2    .text               system_armcm0.o
    0x200004a4   0x200004a4   0x0000006c   Code   RO          210    .text               boot_vectors.o
    0x20000510   0x20000510   0x00000018   Code   RO          215    .text               hardfault_handler.o
    0x20000528   0x20000528   0x00000038   Code   RO          239    .text               nmi_handler.o
    0x20000560   0x20000560   0x000000c0   Code   RO          269    .text               nvds.o
    0x20000620   0x20000620   0x00000380   Code   RO          289    .text               arch_main.o
    0x200009a0   0x200009a0   0x00000002   Code   RO          506    .text               jump_table.o
    0x200009a2   0x200009a2   0x00000002   PAD
    0x200009a4   0x200009a4   0x000000b0   Code   RO          605    .text               arch_sleep.o
    0x20000a54   0x20000a54   0x00000348   Code   RO          662    .text               arch_system.o
    0x20000d9c   0x20000d9c   0x00000240   Code   RO          798    .text               arch_patch.o
    0x20000fdc   0x20000fdc   0x00000120   Code   RO          857    .text               atts_task.obj
    0x200010fc   0x200010fc   0x000000c0   Code   RO          867    .text               atts_util.obj
    0x200011bc   0x200011bc   0x000000c4   Code   RO          872    .text               ch_map.obj
    0x20001280   0x20001280   0x00000180   Code   RO          874    .text               gapm_util.obj
    0x20001400   0x20001400   0x000000d0   Code   RO          876    .text               ke_task.obj
    0x200014d0   0x200014d0   0x0000015c   Code   RO          878    .text               smpc.obj
    0x2000162c   0x2000162c   0x00000214   Code   RO          880    .text               smpc_task.obj
    0x20001840   0x20001840   0x000004d4   Code   RO          882    .text               llc.obj
    0x20001d14   0x20001d14   0x00000160   Code   RO          893    .text               gapc_task.obj
    0x20001e74   0x20001e74   0x00000090   Code   RO          898    .text               llc_con_update_ind.obj
    0x20001f04   0x20001f04   0x0000002c   Code   RO          901    .text               syscntl.o
    0x20001f30   0x20001f30   0x00000218   Code   RO          921    .text               gpio.o
    0x20002148   0x20002148   0x00000078   Code   RO          961    .text               wkupct_quadec.o
    0x200021c0   0x200021c0   0x000000ac   Code   RO         1059    .text               battery.o
    0x2000226c   0x2000226c   0x00000118   Code   RO         1090    .text               adc.o
    0x20002384   0x20002384   0x000001e0   Code   RO         1105    .text               trng.o
    0x20002564   0x20002564   0x00000200   Code   RO         1120    .text               spi_flash.o
    0x20002764   0x20002764   0x0000016c   Code   RO         1223    .text               spi.o
    0x200028d0   0x200028d0   0x00000334   Code   RO         1259    .text               i2c_eeprom.o
    0x20002c04   0x20002c04   0x0000027c   Code   RO         1273    .text               uart2.o
    0x20002e80   0x20002e80   0x00000068   Code   RO         1338    .text               pwm.o
    0x20002ee8   0x20002ee8   0x00000300   Code   RO         1489    .text               rf_580.o
    0x200031e8   0x200031e8   0x000003ac   Code   RO         1529    .text               rwble.o
    0x20003594   0x20003594   0x000001dc   Code   RO         1661    .text               rwip.o
    0x20003770   0x20003770   0x000000ac   Code   RO         1739    .text               diss.o
    0x2000381c   0x2000381c   0x00000110   Code   RO         1777    .text               diss_task.o
    0x2000392c   0x2000392c   0x00000144   Code   RO         1799    .text               prf_utils.o
    0x20003a70   0x20003a70   0x00000054   Code   RO         1834    .text               custs1.o
    0x20003ac4   0x20003ac4   0x000006ec   Code   RO         1857    .text               custs1_task.o
    0x200041b0   0x200041b0   0x00000050   Code   RO         1887    .text               custom_common.o
    0x20004200   0x20004200   0x00000058   Code   RO         1909    .text               spotar.o
    0x20004258   0x20004258   0x00000490   Code   RO         1958    .text               spotar_task.o
    0x200046e8   0x200046e8   0x00000050   Code   RO         1982    .text               app_default_handlers.o
    0x20004738   0x20004738   0x00000514   Code   RO         2055    .text               app.o
    0x20004c4c   0x20004c4c   0x0000019c   Code   RO         2213    .text               app_task.o
    0x20004de8   0x20004de8   0x00000048   Code   RO         2295    .text               app_diss.o
    0x20004e30   0x20004e30   0x00000180   Code   RO         2313    .text               app_diss_task.o
    0x20004fb0   0x20004fb0   0x00000944   Code   RO         2330    .text               app_spotar.o
    0x200058f4   0x200058f4   0x000001b8   Code   RO         2359    .text               app_spotar_task.o
    0x20005aac   0x20005aac   0x000000b4   Code   RO         2380    .text               app_entry_point.o
    0x20005b60   0x20005b60   0x00000026   Code   RO         2411    .text               app_msg_utils.o
    0x20005b86   0x20005b86   0x00000002   PAD
    0x20005b88   0x20005b88   0x0000023c   Code   RO         2498    .text               app_easy_timer.o
    0x20005dc4   0x20005dc4   0x00000002   Code   RO         2499    .text               app_easy_timer.o
    0x20005dc6   0x20005dc6   0x00000002   Code   RO         2500    .text               app_easy_timer.o
    0x20005dc8   0x20005dc8   0x00000078   Code   RO         2657    .text               app_customs.o
    0x20005e40   0x20005e40   0x00000050   Code   RO         2677    .text               app_customs_task.o
    0x20005e90   0x20005e90   0x00000168   Code   RO         2747    .text               user_periph_setup.o
    0x20005ff8   0x20005ff8   0x000001a8   Code   RO         2765    .text               user_profile.o
    0x200061a0   0x200061a0   0x000008a8   Code   RO         2791    .text               fk_oled.o
    0x20006a48   0x20006a48   0x00000048   Code   RO         2824    .text               my_int.o
    0x20006a90   0x20006a90   0x00000284   Code   RO         2843    .text               my_timer.o
    0x20006d14   0x20006d14   0x000001ba   Code   RO         2881    .text               lis2ds12_acc_driver.o
    0x20006ece   0x20006ece   0x00000002   PAD
    0x20006ed0   0x20006ed0   0x00000020   Code   RO         3904    .text               my_adc.o
    0x20006ef0   0x20006ef0   0x00000024   Code   RO         3972    .text               mc_p.l(init.o)
    0x20006f14   0x20006f14   0x0000000c   Ven    RO         3982    Veneer$$Code        anon$$obj.o
    0x20006f20   0x20006f20   0x0000000c   Ven    RO         3983    Veneer$$Code        anon$$obj.o
    0x20006f2c   0x20006f2c   0x0000000c   Ven    RO         3984    Veneer$$Code        anon$$obj.o
    0x20006f38   0x20006f38   0x0000000c   Ven    RO         3985    Veneer$$Code        anon$$obj.o
    0x20006f44   0x20006f44   0x0000000c   Ven    RO         3986    Veneer$$Code        anon$$obj.o
    0x20006f50   0x20006f50   0x0000000c   Ven    RO         3987    Veneer$$Code        anon$$obj.o
    0x20006f5c   0x20006f5c   0x0000000c   Ven    RO         3988    Veneer$$Code        anon$$obj.o
    0x20006f68   0x20006f68   0x0000000c   Ven    RO         3989    Veneer$$Code        anon$$obj.o
    0x20006f74   0x20006f74   0x0000000c   Ven    RO         3990    Veneer$$Code        anon$$obj.o
    0x20006f80   0x20006f80   0x0000000c   Ven    RO         3991    Veneer$$Code        anon$$obj.o
    0x20006f8c   0x20006f8c   0x0000000c   Ven    RO         3992    Veneer$$Code        anon$$obj.o
    0x20006f98   0x20006f98   0x0000000c   Ven    RO         3993    Veneer$$Code        anon$$obj.o
    0x20006fa4   0x20006fa4   0x0000000c   Ven    RO         3994    Veneer$$Code        anon$$obj.o
    0x20006fb0   0x20006fb0   0x0000000c   Ven    RO         3995    Veneer$$Code        anon$$obj.o
    0x20006fbc   0x20006fbc   0x0000000c   Ven    RO         3996    Veneer$$Code        anon$$obj.o
    0x20006fc8   0x20006fc8   0x0000000c   Ven    RO         3997    Veneer$$Code        anon$$obj.o
    0x20006fd4   0x20006fd4   0x0000000c   Ven    RO         3998    Veneer$$Code        anon$$obj.o
    0x20006fe0   0x20006fe0   0x0000000c   Ven    RO         3999    Veneer$$Code        anon$$obj.o
    0x20006fec   0x20006fec   0x0000000c   Ven    RO         4000    Veneer$$Code        anon$$obj.o
    0x20006ff8   0x20006ff8   0x0000000c   Ven    RO         4001    Veneer$$Code        anon$$obj.o
    0x20007004   0x20007004   0x0000000c   Ven    RO         4002    Veneer$$Code        anon$$obj.o
    0x20007010   0x20007010   0x0000000c   Ven    RO         4003    Veneer$$Code        anon$$obj.o
    0x2000701c   0x2000701c   0x0000000c   Ven    RO         4004    Veneer$$Code        anon$$obj.o
    0x20007028   0x20007028   0x0000000c   Ven    RO         4005    Veneer$$Code        anon$$obj.o
    0x20007034   0x20007034   0x0000000c   Ven    RO         4006    Veneer$$Code        anon$$obj.o
    0x20007040   0x20007040   0x0000000c   Ven    RO         4007    Veneer$$Code        anon$$obj.o
    0x2000704c   0x2000704c   0x0000000c   Ven    RO         4008    Veneer$$Code        anon$$obj.o
    0x20007058   0x20007058   0x0000000c   Ven    RO         4009    Veneer$$Code        anon$$obj.o
    0x20007064   0x20007064   0x0000000c   Ven    RO         4010    Veneer$$Code        anon$$obj.o
    0x20007070   0x20007070   0x0000000c   Ven    RO         4011    Veneer$$Code        anon$$obj.o
    0x2000707c   0x2000707c   0x0000000c   Ven    RO         4012    Veneer$$Code        anon$$obj.o
    0x20007088   0x20007088   0x0000000c   Ven    RO         4013    Veneer$$Code        anon$$obj.o
    0x20007094   0x20007094   0x0000000c   Ven    RO         4014    Veneer$$Code        anon$$obj.o
    0x200070a0   0x200070a0   0x0000000c   Ven    RO         4015    Veneer$$Code        anon$$obj.o
    0x200070ac   0x200070ac   0x0000000c   Ven    RO         4016    Veneer$$Code        anon$$obj.o
    0x200070b8   0x200070b8   0x0000000c   Ven    RO         4017    Veneer$$Code        anon$$obj.o
    0x200070c4   0x200070c4   0x0000000c   Ven    RO         4018    Veneer$$Code        anon$$obj.o
    0x200070d0   0x200070d0   0x0000000c   Ven    RO         4019    Veneer$$Code        anon$$obj.o
    0x200070dc   0x200070dc   0x0000000c   Ven    RO         4020    Veneer$$Code        anon$$obj.o
    0x200070e8   0x200070e8   0x0000000c   Ven    RO         4021    Veneer$$Code        anon$$obj.o
    0x200070f4   0x200070f4   0x0000000c   Ven    RO         4022    Veneer$$Code        anon$$obj.o
    0x20007100   0x20007100   0x0000000c   Ven    RO         4023    Veneer$$Code        anon$$obj.o
    0x2000710c   0x2000710c   0x0000000c   Ven    RO         4024    Veneer$$Code        anon$$obj.o
    0x20007118   0x20007118   0x0000000c   Ven    RO         4025    Veneer$$Code        anon$$obj.o
    0x20007124   0x20007124   0x0000000c   Ven    RO         4026    Veneer$$Code        anon$$obj.o
    0x20007130   0x20007130   0x0000000c   Ven    RO         4027    Veneer$$Code        anon$$obj.o
    0x2000713c   0x2000713c   0x0000000c   Ven    RO         4028    Veneer$$Code        anon$$obj.o
    0x20007148   0x20007148   0x0000000c   Ven    RO         4029    Veneer$$Code        anon$$obj.o
    0x20007154   0x20007154   0x0000000c   Ven    RO         4030    Veneer$$Code        anon$$obj.o
    0x20007160   0x20007160   0x0000000c   Ven    RO         4031    Veneer$$Code        anon$$obj.o
    0x2000716c   0x2000716c   0x0000000c   Ven    RO         4032    Veneer$$Code        anon$$obj.o
    0x20007178   0x20007178   0x0000000c   Ven    RO         4033    Veneer$$Code        anon$$obj.o
    0x20007184   0x20007184   0x0000000c   Ven    RO         4034    Veneer$$Code        anon$$obj.o
    0x20007190   0x20007190   0x0000000c   Ven    RO         4035    Veneer$$Code        anon$$obj.o
    0x2000719c   0x2000719c   0x0000000c   Ven    RO         4036    Veneer$$Code        anon$$obj.o
    0x200071a8   0x200071a8   0x0000000c   Ven    RO         4037    Veneer$$Code        anon$$obj.o
    0x200071b4   0x200071b4   0x0000000c   Ven    RO         4038    Veneer$$Code        anon$$obj.o
    0x200071c0   0x200071c0   0x0000000c   Ven    RO         4039    Veneer$$Code        anon$$obj.o
    0x200071cc   0x200071cc   0x0000000c   Ven    RO         4040    Veneer$$Code        anon$$obj.o
    0x200071d8   0x200071d8   0x0000000c   Ven    RO         4041    Veneer$$Code        anon$$obj.o
    0x200071e4   0x200071e4   0x0000000c   Ven    RO         4042    Veneer$$Code        anon$$obj.o
    0x200071f0   0x200071f0   0x0000000c   Ven    RO         4043    Veneer$$Code        anon$$obj.o
    0x200071fc   0x200071fc   0x0000000c   Ven    RO         4044    Veneer$$Code        anon$$obj.o
    0x20007208   0x20007208   0x0000000c   Ven    RO         4045    Veneer$$Code        anon$$obj.o
    0x20007214   0x20007214   0x0000000c   Ven    RO         4046    Veneer$$Code        anon$$obj.o
    0x20007220   0x20007220   0x0000000c   Ven    RO         4047    Veneer$$Code        anon$$obj.o
    0x2000722c   0x2000722c   0x0000000c   Ven    RO         4048    Veneer$$Code        anon$$obj.o
    0x20007238   0x20007238   0x0000000c   Ven    RO         4049    Veneer$$Code        anon$$obj.o
    0x20007244   0x20007244   0x0000000c   Ven    RO         4050    Veneer$$Code        anon$$obj.o
    0x20007250   0x20007250   0x0000000c   Ven    RO         4051    Veneer$$Code        anon$$obj.o
    0x2000725c   0x2000725c   0x0000000c   Ven    RO         4052    Veneer$$Code        anon$$obj.o
    0x20007268   0x20007268   0x0000000c   Ven    RO         4053    Veneer$$Code        anon$$obj.o
    0x20007274   0x20007274   0x0000000c   Ven    RO         4054    Veneer$$Code        anon$$obj.o
    0x20007280   0x20007280   0x0000000c   Ven    RO         4055    Veneer$$Code        anon$$obj.o
    0x2000728c   0x2000728c   0x0000000c   Ven    RO         4056    Veneer$$Code        anon$$obj.o
    0x20007298   0x20007298   0x0000000c   Ven    RO         4057    Veneer$$Code        anon$$obj.o
    0x200072a4   0x200072a4   0x0000000c   Ven    RO         4058    Veneer$$Code        anon$$obj.o
    0x200072b0   0x200072b0   0x0000000c   Ven    RO         4059    Veneer$$Code        anon$$obj.o
    0x200072bc   0x200072bc   0x0000000c   Ven    RO         4060    Veneer$$Code        anon$$obj.o
    0x200072c8   0x200072c8   0x0000000c   Ven    RO         4061    Veneer$$Code        anon$$obj.o
    0x200072d4   0x200072d4   0x0000000c   Ven    RO         4062    Veneer$$Code        anon$$obj.o
    0x200072e0   0x200072e0   0x0000000c   Ven    RO         4063    Veneer$$Code        anon$$obj.o
    0x200072ec   0x200072ec   0x0000000c   Ven    RO         4064    Veneer$$Code        anon$$obj.o
    0x200072f8   0x200072f8   0x0000000c   Ven    RO         4065    Veneer$$Code        anon$$obj.o
    0x20007304   0x20007304   0x0000000c   Ven    RO         4066    Veneer$$Code        anon$$obj.o
    0x20007310   0x20007310   0x0000000c   Ven    RO         4067    Veneer$$Code        anon$$obj.o
    0x2000731c   0x2000731c   0x0000000c   Ven    RO         4068    Veneer$$Code        anon$$obj.o
    0x20007328   0x20007328   0x0000000c   Ven    RO         4069    Veneer$$Code        anon$$obj.o
    0x20007334   0x20007334   0x0000000c   Ven    RO         4070    Veneer$$Code        anon$$obj.o
    0x20007340   0x20007340   0x0000000c   Ven    RO         4071    Veneer$$Code        anon$$obj.o
    0x2000734c   0x2000734c   0x0000000c   Ven    RO         4072    Veneer$$Code        anon$$obj.o
    0x20007358   0x20007358   0x0000000c   Ven    RO         4073    Veneer$$Code        anon$$obj.o
    0x20007364   0x20007364   0x0000000c   Ven    RO         4074    Veneer$$Code        anon$$obj.o
    0x20007370   0x20007370   0x0000000c   Ven    RO         4075    Veneer$$Code        anon$$obj.o
    0x2000737c   0x2000737c   0x0000000c   Ven    RO         4076    Veneer$$Code        anon$$obj.o
    0x20007388   0x20007388   0x0000000c   Ven    RO         4077    Veneer$$Code        anon$$obj.o
    0x20007394   0x20007394   0x0000000c   Ven    RO         4078    Veneer$$Code        anon$$obj.o
    0x200073a0   0x200073a0   0x0000000c   Ven    RO         4079    Veneer$$Code        anon$$obj.o
    0x200073ac   0x200073ac   0x0000000c   Ven    RO         4080    Veneer$$Code        anon$$obj.o
    0x200073b8   0x200073b8   0x0000000c   Ven    RO         4081    Veneer$$Code        anon$$obj.o
    0x200073c4   0x200073c4   0x0000000c   Ven    RO         4082    Veneer$$Code        anon$$obj.o
    0x200073d0   0x200073d0   0x0000000c   Ven    RO         4083    Veneer$$Code        anon$$obj.o
    0x200073dc   0x200073dc   0x0000000c   Ven    RO         4084    Veneer$$Code        anon$$obj.o
    0x200073e8   0x200073e8   0x0000000c   Ven    RO         4085    Veneer$$Code        anon$$obj.o
    0x200073f4   0x200073f4   0x0000000c   Ven    RO         4086    Veneer$$Code        anon$$obj.o
    0x20007400   0x20007400   0x0000000c   Ven    RO         4087    Veneer$$Code        anon$$obj.o
    0x2000740c   0x2000740c   0x0000000c   Ven    RO         4088    Veneer$$Code        anon$$obj.o
    0x20007418   0x20007418   0x0000000c   Ven    RO         4089    Veneer$$Code        anon$$obj.o
    0x20007424   0x20007424   0x0000000c   Ven    RO         4090    Veneer$$Code        anon$$obj.o
    0x20007430   0x20007430   0x0000000c   Ven    RO         4091    Veneer$$Code        anon$$obj.o
    0x2000743c   0x2000743c   0x0000000c   Ven    RO         4092    Veneer$$Code        anon$$obj.o
    0x20007448   0x20007448   0x0000000c   Ven    RO         4093    Veneer$$Code        anon$$obj.o
    0x20007454   0x20007454   0x0000000c   Ven    RO         4094    Veneer$$Code        anon$$obj.o
    0x20007460   0x20007460   0x0000000c   Ven    RO         4095    Veneer$$Code        anon$$obj.o
    0x2000746c   0x2000746c   0x0000000c   Ven    RO         4096    Veneer$$Code        anon$$obj.o
    0x20007478   0x20007478   0x0000000c   Ven    RO         4097    Veneer$$Code        anon$$obj.o
    0x20007484   0x20007484   0x0000000c   Ven    RO         4098    Veneer$$Code        anon$$obj.o
    0x20007490   0x20007490   0x0000000c   Ven    RO         4099    Veneer$$Code        anon$$obj.o
    0x2000749c   0x2000749c   0x0000000c   Ven    RO         4100    Veneer$$Code        anon$$obj.o
    0x200074a8   0x200074a8   0x0000000c   Ven    RO         4101    Veneer$$Code        anon$$obj.o
    0x200074b4   0x200074b4   0x0000000c   Ven    RO         4102    Veneer$$Code        anon$$obj.o
    0x200074c0   0x200074c0   0x0000000c   Ven    RO         4103    Veneer$$Code        anon$$obj.o
    0x200074cc   0x200074cc   0x0000000c   Ven    RO         4104    Veneer$$Code        anon$$obj.o
    0x200074d8   0x200074d8   0x0000000c   Ven    RO         4105    Veneer$$Code        anon$$obj.o
    0x200074e4   0x200074e4   0x0000000c   Ven    RO         4106    Veneer$$Code        anon$$obj.o
    0x200074f0   0x200074f0   0x0000000c   Ven    RO         4107    Veneer$$Code        anon$$obj.o
    0x200074fc   0x200074fc   0x0000000c   Ven    RO         4108    Veneer$$Code        anon$$obj.o
    0x20007508   0x20007508   0x0000000c   Ven    RO         4109    Veneer$$Code        anon$$obj.o
    0x20007514   0x20007514   0x0000000c   Ven    RO         4110    Veneer$$Code        anon$$obj.o
    0x20007520   0x20007520   0x0000000c   Ven    RO         4111    Veneer$$Code        anon$$obj.o
    0x2000752c   0x2000752c   0x0000000c   Ven    RO         4112    Veneer$$Code        anon$$obj.o
    0x20007538   0x20007538   0x0000000c   Ven    RO         4113    Veneer$$Code        anon$$obj.o
    0x20007544   0x20007544   0x0000000c   Ven    RO         4114    Veneer$$Code        anon$$obj.o
    0x20007550   0x20007550   0x0000000c   Ven    RO         4115    Veneer$$Code        anon$$obj.o
    0x2000755c   0x2000755c   0x0000000c   Ven    RO         4116    Veneer$$Code        anon$$obj.o
    0x20007568   0x20007568   0x0000000c   Ven    RO         4117    Veneer$$Code        anon$$obj.o
    0x20007574   0x20007574   0x0000000c   Ven    RO         4118    Veneer$$Code        anon$$obj.o
    0x20007580   0x20007580   0x00000032   Code   RO         1674    i.__ARM_common_ll_muluu  rwip.o
    0x200075b2   0x200075b2   0x0000000e   Code   RO         3976    i.__scatterload_copy  mc_p.l(handlers.o)
    0x200075c0   0x200075c0   0x00000002   Code   RO         3977    i.__scatterload_null  mc_p.l(handlers.o)
    0x200075c2   0x200075c2   0x0000000e   Code   RO         3978    i.__scatterload_zeroinit  mc_p.l(handlers.o)
    0x200075d0   0x200075d0   0x00000054   Code   RO         3926    i.free              mc_p.l(malloc.o)
    0x20007624   0x20007624   0x0000006c   Code   RO         3927    i.malloc            mc_p.l(malloc.o)
    0x20007690   0x20007690   0x00000018   Code   RO         1377    i.set_tmr_div       pwm.o
    0x200076a8   0x200076a8   0x00000018   Code   RO         1371    i.set_tmr_enable    pwm.o
    0x200076c0   0x200076c0   0x0000000c   Code   RO         1418    i.timer0_register_callback  pwm.o
    0x200076cc   0x200076cc   0x0000000c   Code   RO         1406    i.timer0_set_pwm_high_counter  pwm.o
    0x200076d8   0x200076d8   0x0000000c   Code   RO         1412    i.timer0_set_pwm_low_counter  pwm.o
    0x200076e4   0x200076e4   0x0000000c   Code   RO         1400    i.timer0_set_pwm_on_counter  pwm.o
    0x200076f0   0x200076f0   0x00000010   Code   RO         1383    i.timer0_start      pwm.o
    0x20007700   0x20007700   0x00000010   Code   RO         1389    i.timer0_stop       pwm.o
    0x20007710   0x20007710   0x00000016   Data   RO          507    .constdata          jump_table.o
    0x20007726   0x20007726   0x00000002   PAD
    0x20007728   0x20007728   0x00000004   Data   RO          799    .constdata          arch_patch.o
    0x2000772c   0x2000772c   0x00000010   Data   RO          800    .constdata          arch_patch.o
    0x2000773c   0x2000773c   0x00000008   Data   RO          801    .constdata          arch_patch.o
    0x20007744   0x20007744   0x00000070   Data   RO          802    .constdata          arch_patch.o
    0x200077b4   0x200077b4   0x00000030   Data   RO          858    .constdata          atts_task.obj
    0x200077e4   0x200077e4   0x00000028   Data   RO          859    .constdata          atts_task.obj
    0x2000780c   0x2000780c   0x00000008   Data   RO          860    .constdata          atts_task.obj
    0x20007814   0x20007814   0x00000010   Data   RO          861    .constdata          atts_task.obj
    0x20007824   0x20007824   0x00000048   Data   RO          883    .constdata          llc.obj
    0x2000786c   0x2000786c   0x00000010   Data   RO          884    .constdata          llc.obj
    0x2000787c   0x2000787c   0x000000b0   Data   RO          885    .constdata          llc.obj
    0x2000792c   0x2000792c   0x00000008   Data   RO          886    .constdata          llc.obj
    0x20007934   0x20007934   0x00000010   Data   RO          887    .constdata          llc.obj
    0x20007944   0x20007944   0x00000018   Data   RO          894    .constdata          gapc_task.obj
    0x2000795c   0x2000795c   0x00000008   Data   RO          895    .constdata          gapc_task.obj
    0x20007964   0x20007964   0x00000010   Data   RO          896    .constdata          gapc_task.obj
    0x20007974   0x20007974   0x000000e4   Data   RO         1740    .constdata          diss.o
    0x20007a58   0x20007a58   0x00000002   Data   RO         1741    .constdata          diss.o
    0x20007a5a   0x20007a5a   0x00000005   Data   RO         1742    .constdata          diss.o
    0x20007a5f   0x20007a5f   0x00000005   Data   RO         1743    .constdata          diss.o
    0x20007a64   0x20007a64   0x00000005   Data   RO         1744    .constdata          diss.o
    0x20007a69   0x20007a69   0x00000005   Data   RO         1745    .constdata          diss.o
    0x20007a6e   0x20007a6e   0x00000005   Data   RO         1746    .constdata          diss.o
    0x20007a73   0x20007a73   0x00000005   Data   RO         1747    .constdata          diss.o
    0x20007a78   0x20007a78   0x00000005   Data   RO         1748    .constdata          diss.o
    0x20007a7d   0x20007a7d   0x00000005   Data   RO         1749    .constdata          diss.o
    0x20007a82   0x20007a82   0x00000005   Data   RO         1750    .constdata          diss.o
    0x20007a87   0x20007a87   0x00000001   PAD
    0x20007a88   0x20007a88   0x00000010   Data   RO         1751    .constdata          diss.o
    0x20007a98   0x20007a98   0x00000008   Data   RO         1778    .constdata          diss_task.o
    0x20007aa0   0x20007aa0   0x00000010   Data   RO         1779    .constdata          diss_task.o
    0x20007ab0   0x20007ab0   0x00000008   Data   RO         1780    .constdata          diss_task.o
    0x20007ab8   0x20007ab8   0x00000018   Data   RO         1781    .constdata          diss_task.o
    0x20007ad0   0x20007ad0   0x00000008   Data   RO         1782    .constdata          diss_task.o
    0x20007ad8   0x20007ad8   0x00000010   Data   RO         1835    .constdata          custs1.o
    0x20007ae8   0x20007ae8   0x00000008   Data   RO         1859    .constdata          custs1_task.o
    0x20007af0   0x20007af0   0x00000008   Data   RO         1860    .constdata          custs1_task.o
    0x20007af8   0x20007af8   0x00000028   Data   RO         1861    .constdata          custs1_task.o
    0x20007b20   0x20007b20   0x00000008   Data   RO         1862    .constdata          custs1_task.o
    0x20007b28   0x20007b28   0x00000018   Data   RO         1863    .constdata          custs1_task.o
    0x20007b40   0x20007b40   0x00000008   Data   RO         1864    .constdata          custs1_task.o
    0x20007b48   0x20007b48   0x00000002   Data   RO         1917    .constdata          spotar.o
    0x20007b4a   0x20007b4a   0x00000010   Data   RO         1918    .constdata          spotar.o
    0x20007b5a   0x20007b5a   0x00000010   Data   RO         1919    .constdata          spotar.o
    0x20007b6a   0x20007b6a   0x00000010   Data   RO         1920    .constdata          spotar.o
    0x20007b7a   0x20007b7a   0x00000010   Data   RO         1921    .constdata          spotar.o
    0x20007b8a   0x20007b8a   0x00000010   Data   RO         1922    .constdata          spotar.o
    0x20007b9a   0x20007b9a   0x00000010   Data   RO         1923    .constdata          spotar.o
    0x20007baa   0x20007baa   0x00000002   PAD
    0x20007bac   0x20007bac   0x00000010   Data   RO         1924    .constdata          spotar.o
    0x20007bbc   0x20007bbc   0x00000008   Data   RO         1959    .constdata          spotar_task.o
    0x20007bc4   0x20007bc4   0x00000008   Data   RO         1960    .constdata          spotar_task.o
    0x20007bcc   0x20007bcc   0x00000018   Data   RO         1961    .constdata          spotar_task.o
    0x20007be4   0x20007be4   0x00000008   Data   RO         1962    .constdata          spotar_task.o
    0x20007bec   0x20007bec   0x00000018   Data   RO         1963    .constdata          spotar_task.o
    0x20007c04   0x20007c04   0x00000008   Data   RO         1964    .constdata          spotar_task.o
    0x20007c0c   0x20007c0c   0x00000074   Data   RO         2075    .constdata          app.o
    0x20007c80   0x20007c80   0x0000003c   Data   RO         2215    .constdata          app_task.o
    0x20007cbc   0x20007cbc   0x00000008   Data   RO         2216    .constdata          app_task.o
    0x20007cc4   0x20007cc4   0x00000008   Data   RO         2217    .constdata          app_task.o
    0x20007ccc   0x20007ccc   0x00000010   Data   RO         2314    .constdata          app_diss_task.o
    0x20007cdc   0x20007cdc   0x00000028   Data   RO         2360    .constdata          app_spotar_task.o
    0x20007d04   0x20007d04   0x00000018   Data   RO         2381    .constdata          app_entry_point.o
    0x20007d1c   0x20007d1c   0x00000010   Data   RO         2678    .constdata          app_customs_task.o
    0x20007d2c   0x20007d2c   0x00000038   Data   RO         2718    .constdata          user_custs_config.o
    0x20007d64   0x20007d64   0x00000002   Data   RO         2730    .constdata          user_custs1_def.o
    0x20007d66   0x20007d66   0x00000005   Data   RO         2731    .constdata          user_custs1_def.o
    0x20007d6b   0x20007d6b   0x00000005   Data   RO         2732    .constdata          user_custs1_def.o
    0x20007d70   0x20007d70   0x0000000d   Data   RO         2733    .constdata          user_custs1_def.o
    0x20007d7d   0x20007d7d   0x0000000b   Data   RO         2734    .constdata          user_custs1_def.o
    0x20007d88   0x20007d88   0x0000006c   Data   RO         2735    .constdata          user_custs1_def.o
    0x20007df4   0x20007df4   0x00000030   Data   RO         3974    Region$$Table       anon$$obj.o
    0x20007e24   0x20007e24   0x00000001   Data   RW          294    .data               arch_main.o
    0x20007e25   0x20007e25   0x00000003   PAD
    0x20007e28   0x20007e28   0x00000004   Data   RW          671    .data               arch_system.o
    0x20007e2c   0x20007e2c   0x00000013   Data   RW         1925    .data               spotar.o
    0x20007e3f   0x20007e3f   0x00000013   Data   RW         1926    .data               spotar.o
    0x20007e52   0x20007e52   0x00000013   Data   RW         1927    .data               spotar.o
    0x20007e65   0x20007e65   0x00000013   Data   RW         1928    .data               spotar.o
    0x20007e78   0x20007e78   0x00000013   Data   RW         1929    .data               spotar.o
    0x20007e8b   0x20007e8b   0x00000013   Data   RW         1930    .data               spotar.o
    0x20007e9e   0x20007e9e   0x00000029   Data   RW         2796    .data               fk_oled.o
    0x20007ec7   0x20007ec7   0x00000001   Data   RW         2826    .data               my_int.o
    0x20007ec8   0x20007ec8   0x00000002   Data   RW         3906    .data               my_adc.o
    0x20007eca   0x20007eca   0x00000002   PAD
    0x20007ecc   0x20007ecc   0x00000004   Data   RW         3970    .data               mc_p.l(mvars.o)
    0x20007ed0   0x20007ed0   0x00000004   Data   RW         3971    .data               mc_p.l(mvars.o)


    Execution Region RW_IRAM50 (Exec base: 0x20008000, Load base: 0x20007ed4, Size: 0x00000b74, Max: 0x00000bf4, ABSOLUTE)

    Exec Addr    Load Addr    Size         Type   Attr      Idx    E Section Name        Object

    0x20008000        -       0x00000006   Zero   RW          291    .bss                arch_main.o
    0x20008006        -       0x00000001   Zero   RW          292    .bss                arch_main.o
    0x20008007   0x20007ed4   0x00000001   PAD
    0x20008008        -       0x00000014   Zero   RW          925    .bss                gpio.o
    0x2000801c        -       0x00000010   Zero   RW         1135    .bss                spi_flash.o
    0x2000802c        -       0x00000002   Zero   RW         1227    .bss                spi.o
    0x2000802e        -       0x00000002   Zero   RW         1260    .bss                i2c_eeprom.o
    0x20008030        -       0x0000008d   Zero   RW         1278    .bss                uart2.o
    0x200080bd   0x20007ed4   0x00000003   PAD
    0x200080c0        -       0x00000004   Zero   RW         1345    .bss                pwm.o
    0x200080c4        -       0x00000003   Zero   RW         2766    .bss                user_profile.o
    0x200080c7   0x20007ed4   0x00000001   PAD
    0x200080c8        -       0x0000080c   Zero   RW         2794    .bss                fk_oled.o
    0x200088d4        -       0x00000001   Zero   RW         2825    .bss                my_int.o
    0x200088d5   0x20007ed4   0x00000003   PAD
    0x200088d8        -       0x0000002c   Zero   RW         2844    .bss                my_timer.o
    0x20008904   0x20007ed4   0x00000004   PAD
    0x20008908        -       0x00000100   Zero   RW          208    HEAP                boot_vectors.o
    0x20008a08        -       0x00000006   Zero   RW          271    retention_mem_area0  nvds.o
    0x20008a0e        -       0x00000001   Zero   RW          296    retention_mem_area0  arch_main.o
    0x20008a0f        -       0x00000004   Zero   RW          612    retention_mem_area0  arch_sleep.o
    0x20008a13   0x20007ed4   0x00000001   PAD
    0x20008a14        -       0x00000018   Zero   RW          672    retention_mem_area0  arch_system.o
    0x20008a2c   0x20007ed4   0x00000004   PAD
    0x20008a30        -       0x00000008   Zero   RW          868    retention_mem_area0  atts_util.obj
    0x20008a38        -       0x00000018   Zero   RW          888    retention_mem_area0  llc.obj
    0x20008a50        -       0x0000000c   Zero   RW          970    retention_mem_area0  wkupct_quadec.o
    0x20008a5c        -       0x0000001c   Zero   RW         1279    retention_mem_area0  uart2.o
    0x20008a78        -       0x00000001   Zero   RW         1492    retention_mem_area0  rf_580.o
    0x20008a79   0x20007ed4   0x00000001   PAD
    0x20008a7a        -       0x00000008   Zero   RW         1532    retention_mem_area0  rwble.o
    0x20008a82        -       0x00000012   Zero   RW         1752    retention_mem_area0  diss.o
    0x20008a94        -       0x00000001   Zero   RW         1783    retention_mem_area0  diss_task.o
    0x20008a95   0x20007ed4   0x00000001   PAD
    0x20008a96        -       0x0000000e   Zero   RW         1836    retention_mem_area0  custs1.o
    0x20008aa4        -       0x00000001   Zero   RW         1865    retention_mem_area0  custs1_task.o
    0x20008aa5   0x20007ed4   0x00000001   PAD
    0x20008aa6        -       0x00000008   Zero   RW         1931    retention_mem_area0  spotar.o
    0x20008aae        -       0x00000001   Zero   RW         1965    retention_mem_area0  spotar_task.o
    0x20008aaf   0x20007ed4   0x00000001   PAD
    0x20008ab0        -       0x00000038   Zero   RW         2078    retention_mem_area0  app.o
    0x20008ae8        -       0x00000001   Zero   RW         2218    retention_mem_area0  app_task.o
    0x20008ae9   0x20007ed4   0x00000003   PAD
    0x20008aec        -       0x00000030   Zero   RW         2333    retention_mem_area0  app_spotar.o
    0x20008b1c        -       0x00000050   Zero   RW         2503    retention_mem_area0  app_easy_timer.o
    0x20008b6c        -       0x00000006   Zero   RW         2768    retention_mem_area0  user_profile.o


    Execution Region RW_IRAM51 (Exec base: 0x20008bf4, Load base: 0x20007ed4, Size: 0x0000040c, Max: 0x0000040c, ABSOLUTE, UNINIT)

    Exec Addr    Load Addr    Size         Type   Attr      Idx    E Section Name        Object

    0x20008bf4        -       0x0000040c   Zero   RW          510    heap_mem_area_not_ret  jump_table.o


    Execution Region RW_IRAM52 (Exec base: 0x20009000, Load base: 0x20007ed4, Size: 0x00000020, Max: 0x00000020, ABSOLUTE)

    Exec Addr    Load Addr    Size         Type   Attr      Idx    E Section Name        Object

    0x20009000        -       0x00000020   Zero   RW            1    RW_IRAM52.bss       anon$$obj.o


    Execution Region RW_IRAM53 (Exec base: 0x20009020, Load base: 0x20007ed4, Size: 0x00000150, Max: 0x000001e0, ABSOLUTE)

    Exec Addr    Load Addr    Size         Type   Attr      Idx    E Section Name        Object

    0x20009020        -       0x00000150   Zero   RW         2334    spotar_patch_area   app_spotar.o


    Execution Region RW_IRAM54 (Exec base: 0x20009200, Load base: 0x20007ed4, Size: 0x00000600, Max: 0x00000600, ABSOLUTE, UNINIT)

    Exec Addr    Load Addr    Size         Type   Attr      Idx    E Section Name        Object

    0x20009200        -       0x00000600   Zero   RW          207    STACK               boot_vectors.o



  Load Region LR_RETENTION_RAM2 (Base: 0x00080768, Size: 0x00000000, Max: 0x00002898, ABSOLUTE)

    Execution Region ZI_RET20 (Exec base: 0x00080768, Load base: 0x00080768, Size: 0x00000a8c, Max: 0x000022b8, ABSOLUTE, UNINIT)

    Exec Addr    Load Addr    Size         Type   Attr      Idx    E Section Name        Object

    0x00080768        -       0x0000040c   Zero   RW          508    heap_db_area        jump_table.o
    0x00080b74        -       0x00000154   Zero   RW          509    heap_env_area       jump_table.o
    0x00080cc8        -       0x0000052c   Zero   RW          511    heap_msg_area       jump_table.o


    Execution Region ZI_RET21 (Exec base: 0x00082a20, Load base: 0x00080768, Size: 0x000005e0, Max: 0x000005e0, ABSOLUTE)

    Exec Addr    Load Addr    Size         Type   Attr      Idx    E Section Name        Object

    0x00082a20        -       0x000005de   Zero   RW          295    BLE_exchange_memory  arch_main.o



  Load Region LR$$.ARM.__AT_0x50000004 (Base: 0x50000004, Size: 0x00000000, Max: 0x00000004, ABSOLUTE)

    Execution Region ER$$.ARM.__AT_0x50000004 (Exec base: 0x50000004, Load base: 0x50000004, Size: 0x00000004, Max: 0x00000004, ABSOLUTE, UNINIT)

    Exec Addr    Load Addr    Size         Type   Attr      Idx    E Section Name        Object

    0x50000004        -       0x00000004   Zero   RW         1342    .ARM.__AT_0x50000004  pwm.o



  Load Region LR$$.ARM.__AT_0x50003400 (Base: 0x50003400, Size: 0x00000000, Max: 0x00000004, ABSOLUTE)

    Execution Region ER$$.ARM.__AT_0x50003400 (Exec base: 0x50003400, Load base: 0x50003400, Size: 0x00000004, Max: 0x00000004, ABSOLUTE, UNINIT)

    Exec Addr    Load Addr    Size         Type   Attr      Idx    E Section Name        Object

    0x50003400        -       0x00000004   Zero   RW         1343    .ARM.__AT_0x50003400  pwm.o



  Load Region LR$$.ARM.__AT_0x50003410 (Base: 0x50003410, Size: 0x00000000, Max: 0x00000004, ABSOLUTE)

    Execution Region ER$$.ARM.__AT_0x50003410 (Exec base: 0x50003410, Load base: 0x50003410, Size: 0x00000004, Max: 0x00000004, ABSOLUTE, UNINIT)

    Exec Addr    Load Addr    Size         Type   Attr      Idx    E Section Name        Object

    0x50003410        -       0x00000004   Zero   RW         1344    .ARM.__AT_0x50003410  pwm.o


==============================================================================

Image component sizes


      Code (inc. data)   RO Data    RW Data    ZI Data      Debug   Object Name

       280         18          0          0          0       1951   adc.o
      1300         78        116          0         56      20066   app.o
       120         10          0          0          0       1841   app_customs.o
        80          6         16          0          0       2589   app_customs_task.o
        80          4          0          0          0       2794   app_default_handlers.o
        72          4          0          0          0       1646   app_diss.o
       384         58         16          0          0       3091   app_diss_task.o
       576         54          0          0         80       7013   app_easy_timer.o
       180         14         24          0          0       6282   app_entry_point.o
        38          0          0          0          0        675   app_msg_utils.o
      2372         72          0          0        384      14686   app_spotar.o
       440         18         40          0          0       3873   app_spotar_task.o
       412         16         76          0          1      11876   app_task.o
       896         92          0          1       1510      41560   arch_main.o
       576         66        140          0          0      23606   arch_patch.o
       176         16          0          0          4       3415   arch_sleep.o
       840         70          0          4         24     103753   arch_system.o
       288         32        112          0          0        144   atts_task.obj
       192          8          0          0          8        108   atts_util.obj
       172         18          0          0          0       2146   battery.o
       108         22        160          0       1792        788   boot_vectors.o
       196         12          0          0          0        108   ch_map.obj
        80         10          0          0          0        981   custom_common.o
        84         14         16          0         14       4569   custs1.o
      1772         68         96          0          1       9184   custs1_task.o
       172         14        291          0         18       6209   diss.o
       272         26         64          0          1       4552   diss_task.o
      2216         84          0         41       2060       6759   fk_oled.o
       352         24         48          0          0        212   gapc_task.obj
         0          0        100          0          0       1280   gapm.o
       384         38          0          0          0        112   gapm_util.obj
       536         32          0          0         20      12401   gpio.o
        24         10          0          0          0       2837   hardfault_handler.o
       820         24          0          0          2       6917   i2c_eeprom.o
         2          0        374          0       3736      15939   jump_table.o
       208         16          0          0          0         96   ke_task.obj
       442          0          0          0          0       4914   lis2ds12_acc_driver.o
      1236         42        288          0         24        520   llc.obj
       144         10          0          0          0         76   llc_con_update_ind.obj
        32          6          0          2          0        874   my_adc.o
        72         14          0          1          1       1037   my_int.o
       644         36          0          0         44      26696   my_timer.o
        56          6          0          0          0       6483   nmi_handler.o
       192         30        164          0          6       2424   nvds.o
       324         14          0          0          0       3229   prf_utils.o
       232         62          0          0         16       8106   pwm.o
       768        222          0          0          1      65871   rf_580.o
       940         80          0          0          8     117408   rwble.o
       526         42          0          0          0      65428   rwip.o
       348         24          0          0          0        160   smpc.obj
       532          4          0          0          0         84   smpc_task.obj
       364          8          0          0          2       4172   spi.o
       512          8          0          0         16       7993   spi_flash.o
        88         14        114        114          8       7437   spotar.o
      1168         98         80          0          1       6970   spotar_task.o
        44          0          0          0          0        713   syscntl.o
        80         18          0          0          0     201087   system_armcm0.o
       480         38          0          0          0       3445   trng.o
       636         54          0          0        169      18618   uart2.o
         0          0        144          0          0       1188   user_custs1_def.o
         0          0         56          0          0        849   user_custs_config.o
       360          6          0          0          0        896   user_periph_setup.o
       424         46          0          0          9       5556   user_profile.o
       120         14          0          0         12      12434   wkupct_quadec.o

    ----------------------------------------------------------------------
     29114       2492       2588        168      10088     900727   Object Totals
      1644        548         48          0         32          0   (incl. Generated)
         6          0          5          5         28          0   (incl. Padding)

    ----------------------------------------------------------------------

      Code (inc. data)   RO Data    RW Data    ZI Data      Debug   Library Member Name

         0          0          0          0          0          0   entry.o
         0          0          0          0          0          0   entry10a.o
         0          0          0          0          0          0   entry11a.o
         8          4          0          0          0          0   entry2.o
         4          0          0          0          0          0   entry5.o
         0          0          0          0          0          0   entry7b.o
         0          0          0          0          0          0   entry8b.o
         8          4          0          0          0          0   entry9a.o
        30          0          0          0          0          0   handlers.o
        36          8          0          0          0         68   init.o
       192         20          0          0          0        144   malloc.o
         0          0          0          8          0          0   mvars.o

    ----------------------------------------------------------------------
       278         36          0          8          0        212   Library Totals
         0          0          0          0          0          0   (incl. Padding)

    ----------------------------------------------------------------------

      Code (inc. data)   RO Data    RW Data    ZI Data      Debug   Library Name

       278         36          0          8          0        212   mc_p.l

    ----------------------------------------------------------------------
       278         36          0          8          0        212   Library Totals

    ----------------------------------------------------------------------

==============================================================================


      Code (inc. data)   RO Data    RW Data    ZI Data      Debug   

     29392       2528       2588        176      10088     897043   Grand Totals
     29392       2528       2588        176      10088     897043   ELF Image Totals
     29392       2528       2588        176          0          0   ROM Totals

==============================================================================

    Total RO  Size (Code + RO Data)                31980 (  31.23kB)
    Total RW  Size (RW Data + ZI Data)             10264 (  10.02kB)
    Total ROM Size (Code + RO Data + RW Data)      32156 (  31.40kB)

==============================================================================

